Component: ARM Compiler 5.06 update 6 (build 750) Tool: armlink [4d35ed]

==============================================================================

Section Cross References

    startup_stm32f103xb.o(RESET) refers to startup_stm32f103xb.o(STACK) for __initial_sp
    startup_stm32f103xb.o(RESET) refers to startup_stm32f103xb.o(.text) for Reset_Handler
    startup_stm32f103xb.o(RESET) refers to main.o(i.SysTick_Handler) for SysTick_Handler
    startup_stm32f103xb.o(RESET) refers to main.o(i.USART1_IRQHandler) for USART1_IRQHandler
    startup_stm32f103xb.o(RESET) refers to main.o(i.USART3_IRQHandler) for USART3_IRQHandler
    startup_stm32f103xb.o(.text) refers to system_stm32f1xx.o(i.SystemInit) for SystemInit
    startup_stm32f103xb.o(.text) refers to entry.o(.ARM.Collect$$$$00000000) for __main
    main.o(i.GetTemperature) refers to stm32f1xx_hal_adc.o(i.HAL_ADC_Start) for HAL_ADC_Start
    main.o(i.GetTemperature) refers to stm32f1xx_hal_adc.o(i.HAL_ADC_PollForConversion) for HAL_ADC_PollForConversion
    main.o(i.GetTemperature) refers to stm32f1xx_hal_adc.o(i.HAL_ADC_GetValue) for HAL_ADC_GetValue
    main.o(i.GetTemperature) refers to ffltui.o(.text) for __aeabi_ui2f
    main.o(i.GetTemperature) refers to fmul.o(.text) for __aeabi_fmul
    main.o(i.GetTemperature) refers to fadd.o(.text) for __aeabi_fsub
    main.o(i.GetTemperature) refers to fdiv.o(.text) for __aeabi_fdiv
    main.o(i.GetTemperature) refers to ffixi.o(.text) for __aeabi_f2iz
    main.o(i.GetTemperature) refers to main.o(.bss) for .bss
    main.o(i.Led_com) refers to stm32f1xx_hal_gpio.o(i.HAL_GPIO_WritePin) for HAL_GPIO_WritePin
    main.o(i.Led_com) refers to stm32f1xx_hal_spi.o(i.HAL_SPI_Transmit) for HAL_SPI_Transmit
    main.o(i.Led_com) refers to main.o(.data) for .data
    main.o(i.Led_com) refers to main.o(.bss) for .bss
    main.o(i.Led_os1) refers to stm32f1xx_hal_gpio.o(i.HAL_GPIO_WritePin) for HAL_GPIO_WritePin
    main.o(i.Led_os1) refers to stm32f1xx_hal_spi.o(i.HAL_SPI_Transmit) for HAL_SPI_Transmit
    main.o(i.Led_os1) refers to main.o(.data) for .data
    main.o(i.Led_os1) refers to main.o(.bss) for .bss
    main.o(i.Led_os2) refers to stm32f1xx_hal_gpio.o(i.HAL_GPIO_WritePin) for HAL_GPIO_WritePin
    main.o(i.Led_os2) refers to stm32f1xx_hal_spi.o(i.HAL_SPI_Transmit) for HAL_SPI_Transmit
    main.o(i.Led_os2) refers to main.o(.data) for .data
    main.o(i.Led_os2) refers to main.o(.bss) for .bss
    main.o(i.Led_os3) refers to stm32f1xx_hal_gpio.o(i.HAL_GPIO_WritePin) for HAL_GPIO_WritePin
    main.o(i.Led_os3) refers to stm32f1xx_hal_spi.o(i.HAL_SPI_Transmit) for HAL_SPI_Transmit
    main.o(i.Led_os3) refers to main.o(.data) for .data
    main.o(i.Led_os3) refers to main.o(.bss) for .bss
    main.o(i.Led_os4) refers to stm32f1xx_hal_gpio.o(i.HAL_GPIO_WritePin) for HAL_GPIO_WritePin
    main.o(i.Led_os4) refers to stm32f1xx_hal_spi.o(i.HAL_SPI_Transmit) for HAL_SPI_Transmit
    main.o(i.Led_os4) refers to main.o(.data) for .data
    main.o(i.Led_os4) refers to main.o(.bss) for .bss
    main.o(i.Led_pmr) refers to stm32f1xx_hal_gpio.o(i.HAL_GPIO_WritePin) for HAL_GPIO_WritePin
    main.o(i.Led_pmr) refers to stm32f1xx_hal_spi.o(i.HAL_SPI_Transmit) for HAL_SPI_Transmit
    main.o(i.Led_pmr) refers to main.o(.data) for .data
    main.o(i.Led_pmr) refers to main.o(.bss) for .bss
    main.o(i.MX_ADC2_Init) refers to stm32f1xx_hal_adc.o(i.HAL_ADC_Init) for HAL_ADC_Init
    main.o(i.MX_ADC2_Init) refers to stm32f1xx_hal_adc.o(i.HAL_ADC_ConfigChannel) for HAL_ADC_ConfigChannel
    main.o(i.MX_ADC2_Init) refers to main.o(.bss) for .bss
    main.o(i.MX_GPIO_Init) refers to stm32f1xx_hal_gpio.o(i.HAL_GPIO_Init) for HAL_GPIO_Init
    main.o(i.MX_SPI1_Init) refers to stm32f1xx_hal_spi_ex.o(i.HAL_SPI_Init) for HAL_SPI_Init
    main.o(i.MX_SPI1_Init) refers to main.o(.bss) for .bss
    main.o(i.MX_SPI2_Init) refers to stm32f1xx_hal_spi_ex.o(i.HAL_SPI_Init) for HAL_SPI_Init
    main.o(i.MX_SPI2_Init) refers to main.o(.bss) for .bss
    main.o(i.MX_USART1_UART_Init) refers to stm32f1xx_hal_uart.o(i.HAL_UART_Init) for HAL_UART_Init
    main.o(i.MX_USART1_UART_Init) refers to main.o(.bss) for .bss
    main.o(i.MX_USART3_UART_Init) refers to stm32f1xx_hal_uart.o(i.HAL_UART_Init) for HAL_UART_Init
    main.o(i.MX_USART3_UART_Init) refers to main.o(.bss) for .bss
    main.o(i.Make_serial_number) refers to strcpy.o(.text) for strcpy
    main.o(i.Make_serial_number) refers to printf6.o(i.__0sprintf$6) for __2sprintf
    main.o(i.Make_serial_number) refers to strcat.o(.text) for strcat
    main.o(i.Make_serial_number) refers to main.o(.bss) for .bss
    main.o(i.Proces_rcv_string) refers to printf6.o(i.__0sprintf$6) for __2sprintf
    main.o(i.Proces_rcv_string) refers to strncpy.o(.text) for strncpy
    main.o(i.Proces_rcv_string) refers to atoi.o(.text) for atoi
    main.o(i.Proces_rcv_string) refers to main.o(i.chang_value) for chang_value
    main.o(i.Proces_rcv_string) refers to main.o(i.chang_value_16) for chang_value_16
[...]
    ../Src/stm32f1xx_it.c                    0x00000000   Number         0  stm32f1xx_it.o ABSOLUTE
    ../Src/system_stm32f1xx.c                0x00000000   Number         0  system_stm32f1xx.o ABSOLUTE
    ../clib/microlib/ctype/ctype.c           0x00000000   Number         0  isprint_o.o ABSOLUTE
    ../clib/microlib/ctype/ctype.c           0x00000000   Number         0  isalpha_o.o ABSOLUTE
    ../clib/microlib/ctype/ctype.c           0x00000000   Number         0  isblank_o.o ABSOLUTE
    ../clib/microlib/ctype/ctype.c           0x00000000   Number         0  iscntrl_o.o ABSOLUTE
    ../clib/microlib/ctype/ctype.c           0x00000000   Number         0  isgraph_o.o ABSOLUTE
    ../clib/microlib/ctype/ctype.c           0x00000000   Number         0  islower_o.o ABSOLUTE
    ../clib/microlib/ctype/ctype.c           0x00000000   Number         0  isdigit_o.o ABSOLUTE
    ../clib/microlib/ctype/ctype.c           0x00000000   Number         0  isupper_o.o ABSOLUTE
    ../clib/microlib/ctype/ctype.c           0x00000000   Number         0  isspace_o.o ABSOLUTE
    ../clib/microlib/ctype/ctype.c           0x00000000   Number         0  isxdigit_o.o ABSOLUTE
    ../clib/microlib/ctype/ctype.c           0x00000000   Number         0  ispunct_o.o ABSOLUTE
    ../clib/microlib/ctype/ctype.c           0x00000000   Number         0  ctype_o.o ABSOLUTE
    ../clib/microlib/ctype/ctype.c           0x00000000   Number         0  isalnum_o.o ABSOLUTE
    ../clib/microlib/division.c              0x00000000   Number         0  ldiv.o ABSOLUTE
    ../clib/microlib/division.c              0x00000000   Number         0  uldiv.o ABSOLUTE
    ../clib/microlib/division.c              0x00000000   Number         0  uidiv.o ABSOLUTE
    ../clib/microlib/errno.c                 0x00000000   Number         0  errno.o ABSOLUTE
    ../clib/microlib/init/entry.s            0x00000000   Number         0  entry7a.o ABSOLUTE
    ../clib/microlib/init/entry.s            0x00000000   Number         0  entry5.o ABSOLUTE
    ../clib/microlib/init/entry.s            0x00000000   Number         0  entry2.o ABSOLUTE
    ../clib/microlib/init/entry.s            0x00000000   Number         0  entry7b.o ABSOLUTE
    ../clib/microlib/init/entry.s            0x00000000   Number         0  entry11b.o ABSOLUTE
    ../clib/microlib/init/entry.s            0x00000000   Number         0  entry11a.o ABSOLUTE
    ../clib/microlib/init/entry.s            0x00000000   Number         0  entry10b.o ABSOLUTE
    ../clib/microlib/init/entry.s            0x00000000   Number         0  entry10a.o ABSOLUTE
    ../clib/microlib/init/entry.s            0x00000000   Number         0  entry9b.o ABSOLUTE
    ../clib/microlib/init/entry.s            0x00000000   Number         0  entry9a.o ABSOLUTE
    ../clib/microlib/init/entry.s            0x00000000   Number         0  entry8b.o ABSOLUTE
    ../clib/microlib/init/entry.s            0x00000000   Number         0  entry.o ABSOLUTE
    ../clib/microlib/init/entry.s            0x00000000   Number         0  entry8a.o ABSOLUTE
    ../clib/microlib/longlong.c              0x00000000   Number         0  llsshr.o ABSOLUTE
    ../clib/microlib/longlong.c              0x00000000   Number         0  llshl.o ABSOLUTE
    ../clib/microlib/longlong.c              0x00000000   Number         0  llushr.o ABSOLUTE
    ../clib/microlib/printf/printf.c         0x00000000   Number         0  printf3.o ABSOLUTE
    ../clib/microlib/printf/printf.c         0x00000000   Number         0  printf2.o ABSOLUTE
    ../clib/microlib/printf/printf.c         0x00000000   Number         0  printf1.o ABSOLUTE
    ../clib/microlib/printf/printf.c         0x00000000   Number         0  printf0.o ABSOLUTE
    ../clib/microlib/printf/printf.c         0x00000000   Number         0  printfb.o ABSOLUTE
    ../clib/microlib/printf/printf.c         0x00000000   Number         0  printf4.o ABSOLUTE
    ../clib/microlib/printf/printf.c         0x00000000   Number         0  printf5.o ABSOLUTE
    ../clib/microlib/printf/printf.c         0x00000000   Number         0  printf6.o ABSOLUTE
    ../clib/microlib/printf/printf.c         0x00000000   Number         0  printf7.o ABSOLUTE
    ../clib/microlib/printf/printf.c         0x00000000   Number         0  printf8.o ABSOLUTE
    ../clib/microlib/printf/printf.c         0x00000000   Number         0  printfa.o ABSOLUTE
    ../clib/microlib/printf/stubs.s          0x00000000   Number         0  stubs.o ABSOLUTE
    ../clib/microlib/stdio/fputc.c           0x00000000   Number         0  fputc.o ABSOLUTE
    ../clib/microlib/stdio/semi.s            0x00000000   Number         0  semi.o ABSOLUTE
    ../clib/microlib/stdio/streams.c         0x00000000   Number         0  stdout.o ABSOLUTE
    ../clib/microlib/string/strcat.c         0x00000000   Number         0  strcat.o ABSOLUTE
    ../clib/microlib/string/strcpy.c         0x00000000   Number         0  strcpy.o ABSOLUTE
    ../clib/microlib/string/strlen.c         0x00000000   Number         0  strlen.o ABSOLUTE
    ../clib/microlib/string/strncpy.c        0x00000000   Number         0  strncpy.o ABSOLUTE
    ../clib/microlib/string/strstr.c         0x00000000   Number         0  strstr.o ABSOLUTE
    ../clib/microlib/string/strtok.c         0x00000000   Number         0  strtok_r.o ABSOLUTE
    ../clib/microlib/string/strtok.c         0x00000000   Number         0  strtok.o ABSOLUTE
    ../clib/microlib/stubs.s                 0x00000000   Number         0  iusesemip.o ABSOLUTE
    ../clib/microlib/stubs.s                 0x00000000   Number         0  iusefp.o ABSOLUTE
    ../clib/scanf.c                          0x00000000   Number         0  _strtoul.o ABSOLUTE
    ../clib/scanf.c                          0x00000000   Number         0  strtol.o ABSOLUTE
    ../clib/scanf.c                          0x00000000   Number         0  _chval.o ABSOLUTE
    ../clib/scanf.c                          0x00000000   Number         0  atoi.o ABSOLUTE
    ../fplib/microlib/fpadd.c                0x00000000   Number         0  dadd.o ABSOLUTE
    ../fplib/microlib/fpadd.c                0x00000000   Number         0  fadd.o ABSOLUTE
    ../fplib/microlib/fpdiv.c                0x00000000   Number         0  fdiv.o ABSOLUTE
    ../fplib/microlib/fpdiv.c                0x00000000   Number         0  ddiv.o ABSOLUTE
    ../fplib/microlib/fpepilogue.c           0x00000000   Number         0  fepilogue.o ABSOLUTE
    ../fplib/microlib/fpepilogue.c           0x00000000   Number         0  depilogue.o ABSOLUTE
    ../fplib/microlib/fpfix.c                0x00000000   Number         0  dfixui.o ABSOLUTE
    ../fplib/microlib/fpfix.c                0x00000000   Number         0  ffixi.o ABSOLUTE
    ../fplib/microlib/fpfix.c                0x00000000   Number         0  dfixi.o ABSOLUTE
    ../fplib/microlib/fpfix.c                0x00000000   Number         0  dfixul.o ABSOLUTE
    ../fplib/microlib/fpflt.c                0x00000000   Number         0  ffltui.o ABSOLUTE
    ../fplib/microlib/fpflt.c                0x00000000   Number         0  dfltui.o ABSOLUTE
    ../fplib/microlib/fpflt.c                0x00000000   Number         0  dflti.o ABSOLUTE
    ../fplib/microlib/fpmul.c                0x00000000   Number         0  fmul.o ABSOLUTE
    ../fplib/microlib/fpmul.c                0x00000000   Number         0  dmul.o ABSOLUTE
    ../fplib/microlib/fpscalb.c              0x00000000   Number         0  dscalb.o ABSOLUTE
    ../fplib/microlib/fpsqrt.c               0x00000000   Number         0  dsqrt.o ABSOLUTE
    ../mathlib/dunder.c                      0x00000000   Number         0  dunder.o ABSOLUTE
    ../mathlib/fpclassify.c                  0x00000000   Number         0  fpclassify.o ABSOLUTE
    ../mathlib/poly.c                        0x00000000   Number         0  poly.o ABSOLUTE
    ../mathlib/pow.c                         0x00000000   Number         0  pow.o ABSOLUTE
    ../mathlib/pow.c                         0x00000000   Number         0  pow_x.o ABSOLUTE
    ../mathlib/qnan.c                        0x00000000   Number         0  qnan.o ABSOLUTE
    ../mathlib/sqrt.c                        0x00000000   Number         0  sqrt.o ABSOLUTE
    ../mathlib/sqrt.c                        0x00000000   Number         0  sqrt_x.o ABSOLUTE
    ..\Drivers\STM32F1xx_HAL_Driver\Src\stm32f1xx_hal.c 0x00000000   Number         0  stm32f1xx_hal.o ABSOLUTE
    ..\Drivers\STM32F1xx_HAL_Driver\Src\stm32f1xx_hal_adc.c 0x00000000   Number         0  stm32f1xx_hal_adc.o ABSOLUTE
    ..\Drivers\STM32F1xx_HAL_Driver\Src\stm32f1xx_hal_adc_ex.c 0x00000000   Number         0  stm32f1xx_hal_adc_ex.o ABSOLUTE
    ..\Drivers\STM32F1xx_HAL_Driver\Src\stm32f1xx_hal_cortex.c 0x00000000   Number         0  stm32f1xx_hal_cortex.o ABSOLUTE
    ..\Drivers\STM32F1xx_HAL_Driver\Src\stm32f1xx_hal_dma.c 0x00000000   Number         0  stm32f1xx_hal_dma.o ABSOLUTE
    ..\Drivers\STM32F1xx_HAL_Driver\Src\stm32f1xx_hal_flash.c 0x00000000   Number         0  stm32f1xx_hal_flash.o ABSOLUTE
    ..\Drivers\STM32F1xx_HAL_Driver\Src\stm32f1xx_hal_flash_ex.c 0x00000000   Number         0  stm32f1xx_hal_flash_ex.o ABSOLUTE
    ..\Drivers\STM32F1xx_HAL_Driver\Src\stm32f1xx_hal_gpio.c 0x00000000   Number         0  stm32f1xx_hal_gpio.o ABSOLUTE
    ..\Drivers\STM32F1xx_HAL_Driver\Src\stm32f1xx_hal_gpio_ex.c 0x00000000   Number         0  stm32f1xx_hal_gpio_ex.o ABSOLUTE
    ..\Drivers\STM32F1xx_HAL_Driver\Src\stm32f1xx_hal_iwdg.c 0x00000000   Number         0  stm32f1xx_hal_iwdg.o ABSOLUTE
    ..\Drivers\STM32F1xx_HAL_Driver\Src\stm32f1xx_hal_pwr.c 0x00000000   Number         0  stm32f1xx_hal_pwr.o ABSOLUTE
    ..\Drivers\STM32F1xx_HAL_Driver\Src\stm32f1xx_hal_rcc.c 0x00000000   Number         0  stm32f1xx_hal_rcc.o ABSOLUTE
    ..\Drivers\STM32F1xx_HAL_Driver\Src\stm32f1xx_hal_rcc_ex.c 0x00000000   Number         0  stm32f1xx_hal_rcc_ex.o ABSOLUTE
    ..\Drivers\STM32F1xx_HAL_Driver\Src\stm32f1xx_hal_spi.c 0x00000000   Number         0  stm32f1xx_hal_spi.o ABSOLUTE
    ..\Drivers\STM32F1xx_HAL_Driver\Src\stm32f1xx_hal_spi_ex.c 0x00000000   Number         0  stm32f1xx_hal_spi_ex.o ABSOLUTE
    ..\Drivers\STM32F1xx_HAL_Driver\Src\stm32f1xx_hal_uart.c 0x00000000   Number         0  stm32f1xx_hal_uart.o ABSOLUTE
    ..\Src\SPI_FlashDriver.c                 0x00000000   Number         0  spi_flashdriver.o ABSOLUTE
    ..\Src\main.c                            0x00000000   Number         0  main.o ABSOLUTE
    ..\Src\modbus.c                          0x00000000   Number         0  modbus.o ABSOLUTE
    ..\Src\stm32f1xx_hal_msp.c               0x00000000   Number         0  stm32f1xx_hal_msp.o ABSOLUTE
    ..\Src\stm32f1xx_it.c                    0x00000000   Number         0  stm32f1xx_it.o ABSOLUTE
    ..\Src\system_stm32f1xx.c                0x00000000   Number         0  system_stm32f1xx.o ABSOLUTE
    ..\\Src\\SPI_FlashDriver.c               0x00000000   Number         0  spi_flashdriver.o ABSOLUTE
    ..\\Src\\modbus.c                        0x00000000   Number         0  modbus.o ABSOLUTE
    cdcmple.s                                0x00000000   Number         0  cdcmple.o ABSOLUTE
    cdrcmple.s                               0x00000000   Number         0  cdrcmple.o ABSOLUTE
    dc.s                                     0x00000000   Number         0  dc.o ABSOLUTE
    handlers.s                               0x00000000   Number         0  handlers.o ABSOLUTE
    init.s                                   0x00000000   Number         0  init.o ABSOLUTE
    startup_stm32f103xb.s                    0x00000000   Number         0  startup_stm32f103xb.o ABSOLUTE
    RESET                                    0x08000000   Section      236  startup_stm32f103xb.o(RESET)
    .ARM.Collect$$$$00000000                 0x080000ec   Section        0  entry.o(.ARM.Collect$$$$00000000)
    .ARM.Collect$$$$00000001                 0x080000ec   Section        4  entry2.o(.ARM.Collect$$$$00000001)
    .ARM.Collect$$$$00000004                 0x080000f0   Section        4  entry5.o(.ARM.Collect$$$$00000004)
    .ARM.Collect$$$$00000008                 0x080000f4   Section        0  entry7b.o(.ARM.Collect$$$$00000008)
    .ARM.Collect$$$$0000000A                 0x080000f4   Section        0  entry8b.o(.ARM.Collect$$$$0000000A)
    .ARM.Collect$$$$0000000B                 0x080000f4   Section        8  entry9a.o(.ARM.Collect$$$$0000000B)
    .ARM.Collect$$$$0000000D                 0x080000fc   Section        0  entry10a.o(.ARM.Collect$$$$0000000D)
    .ARM.Collect$$$$0000000F                 0x080000fc   Section        0  entry11a.o(.ARM.Collect$$$$0000000F)
    .ARM.Collect$$$$00002712                 0x080000fc   Section        4  entry2.o(.ARM.Collect$$$$00002712)
    __lit__00000000                          0x080000fc   Data           4  entry2.o(.ARM.Collect$$$$00002712)
    .text                                    0x08000100   Section       36  startup_stm32f103xb.o(.text)
    .text                                    0x08000124   Section        0  llushr.o(.text)
    .text                                    0x08000144   Section        0  strcat.o(.text)
    .text                                    0x0800015c   Section        0  strstr.o(.text)
    .text                                    0x08000180   Section        0  strncpy.o(.text)
    .text                                    0x08000198   Section        0  strlen.o(.text)
    .text                                    0x080001a6   Section        0  strcpy.o(.text)
    .text                                    0x080001b8   Section        0  strtok.o(.text)
    .text                                    0x080001fc   Section        0  atoi.o(.text)
    .text                                    0x08000216   Section        0  fadd.o(.text)
    .text                                    0x080002c6   Section        0  fmul.o(.text)
    .text                                    0x0800032a   Section        0  fdiv.o(.text)
    .text                                    0x080003a6   Section        0  ddiv.o(.text)
    .text                                    0x08000484   Section        0  ffltui.o(.text)
    .text                                    0x0800048e   Section        0  dfltui.o(.text)
    .text                                    0x080004a8   Section        0  ffixi.o(.text)
    .text                                    0x080004da   Section        0  dfixi.o(.text)
    .text                                    0x08000518   Section        0  uidiv.o(.text)
    .text                                    0x08000544   Section        0  strtol.o(.text)
    .text                                    0x080005b4   Section        0  fepilogue.o(.text)
    .text                                    0x080005b4   Section        0  iusefp.o(.text)
    .text                                    0x08000622   Section        0  depilogue.o(.text)
    .text                                    0x080006dc   Section       36  init.o(.text)
    .text                                    0x08000700   Section        0  llshl.o(.text)
    .text                                    0x08000720   Section        0  ctype_o.o(.text)
    .text                                    0x08000728   Section        0  _strtoul.o(.text)
    .text                                    0x080007c6   Section        0  _chval.o(.text)
    i.ADC_ConversionStop_Disable             0x080007e2   Section        0  stm32f1xx_hal_adc.o(i.ADC_ConversionStop_Disable)
    i.ADC_Enable                             0x0800082c   Section        0  stm32f1xx_hal_adc.o(i.ADC_Enable)
    i.Delay                                  0x0800089c   Section        0  modbus.o(i.Delay)
    i.GetTemperature                         0x080008b0   Section        0  main.o(i.GetTemperature)
    i.HAL_ADC_ConfigChannel                  0x08000920   Section        0  stm32f1xx_hal_adc.o(i.HAL_ADC_ConfigChannel)
    i.HAL_ADC_DeInit                         0x08000a88   Section        0  stm32f1xx_hal_adc.o(i.HAL_ADC_DeInit)
    i.HAL_ADC_GetValue                       0x08000b6c   Section        0  stm32f1xx_hal_adc.o(i.HAL_ADC_GetValue)
    i.HAL_ADC_Init                           0x08000b74   Section        0  stm32f1xx_hal_adc.o(i.HAL_ADC_Init)
    i.HAL_ADC_MspDeInit                      0x08000ca4   Section        0  stm32f1xx_hal_msp.o(i.HAL_ADC_MspDeInit)
    i.HAL_ADC_MspInit                        0x08000cf0   Section        0  stm32f1xx_hal_msp.o(i.HAL_ADC_MspInit)
    i.HAL_ADC_PollForConversion              0x08000d5c   Section        0  stm32f1xx_hal_adc.o(i.HAL_ADC_PollForConversion)
    i.HAL_ADC_Start                          0x08000e8c   Section        0  stm32f1xx_hal_adc.o(i.HAL_ADC_Start)
    i.HAL_ADC_Stop                           0x08000f4c   Section        0  stm32f1xx_hal_adc.o(i.HAL_ADC_Stop)
    i.HAL_DeInit                             0x08000f80   Section        0  stm32f1xx_hal.o(i.HAL_DeInit)
    i.HAL_Delay                              0x08000fa0   Section        0  stm32f1xx_hal.o(i.HAL_Delay)
    i.HAL_GPIO_DeInit                        0x08000fb8   Section        0  stm32f1xx_hal_gpio.o(i.HAL_GPIO_DeInit)
    i.HAL_GPIO_Init                          0x0800109c   Section        0  stm32f1xx_hal_gpio.o(i.HAL_GPIO_Init)
    i.HAL_GPIO_ReadPin                       0x08001264   Section        0  stm32f1xx_hal_gpio.o(i.HAL_GPIO_ReadPin)
    i.HAL_GPIO_WritePin                      0x0800126e   Section        0  stm32f1xx_hal_gpio.o(i.HAL_GPIO_WritePin)
    i.HAL_GetTick                            0x08001278   Section        0  stm32f1xx_hal.o(i.HAL_GetTick)
    i.HAL_IWDG_Init                          0x08001284   Section        0  stm32f1xx_hal_iwdg.o(i.HAL_IWDG_Init)
    i.HAL_IWDG_MspInit                       0x080012de   Section        0  stm32f1xx_hal_msp.o(i.HAL_IWDG_MspInit)
    i.HAL_IncTick                            0x080012e0   Section        0  stm32f1xx_hal.o(i.HAL_IncTick)
    i.HAL_Init                               0x080012f0   Section        0  stm32f1xx_hal.o(i.HAL_Init)
    i.HAL_InitTick                           0x08001314   Section        0  stm32f1xx_hal.o(i.HAL_InitTick)
    i.HAL_MspDeInit                          0x08001336   Section        0  stm32f1xx_hal.o(i.HAL_MspDeInit)
    i.HAL_MspInit                            0x08001338   Section        0  stm32f1xx_hal_msp.o(i.HAL_MspInit)
    i.HAL_NVIC_DisableIRQ                    0x080013a4   Section        0  stm32f1xx_hal_cortex.o(i.HAL_NVIC_DisableIRQ)
    i.HAL_NVIC_EnableIRQ                     0x080013ba   Section        0  stm32f1xx_hal_cortex.o(i.HAL_NVIC_EnableIRQ)
    i.HAL_NVIC_SetPriority                   0x080013d0   Section        0  stm32f1xx_hal_cortex.o(i.HAL_NVIC_SetPriority)
    i.HAL_NVIC_SetPriorityGrouping           0x08001410   Section        0  stm32f1xx_hal_cortex.o(i.HAL_NVIC_SetPriorityGrouping)
    i.HAL_NVIC_SystemReset                   0x08001434   Section        0  stm32f1xx_hal_cortex.o(i.HAL_NVIC_SystemReset)
    i.HAL_RCCEx_GetPeriphCLKFreq             0x08001458   Section        0  stm32f1xx_hal_rcc_ex.o(i.HAL_RCCEx_GetPeriphCLKFreq)
    i.HAL_RCCEx_PeriphCLKConfig              0x08001548   Section        0  stm32f1xx_hal_rcc_ex.o(i.HAL_RCCEx_PeriphCLKConfig)
    i.HAL_RCC_ClockConfig                    0x08001670   Section        0  stm32f1xx_hal_rcc.o(i.HAL_RCC_ClockConfig)
    i.HAL_RCC_DeInit                         0x080018d4   Section        0  stm32f1xx_hal_rcc.o(i.HAL_RCC_DeInit)
    i.HAL_RCC_GetHCLKFreq                    0x08001918   Section        0  stm32f1xx_hal_rcc.o(i.HAL_RCC_GetHCLKFreq)
    i.HAL_RCC_GetPCLK1Freq                   0x0800194c   Section        0  stm32f1xx_hal_rcc.o(i.HAL_RCC_GetPCLK1Freq)
    i.HAL_RCC_GetPCLK2Freq                   0x08001978   Section        0  stm32f1xx_hal_rcc.o(i.HAL_RCC_GetPCLK2Freq)
    i.HAL_RCC_GetSysClockFreq                0x080019a4   Section        0  stm32f1xx_hal_rcc.o(i.HAL_RCC_GetSysClockFreq)
    i.HAL_RCC_OscConfig                      0x08001a2c   Section        0  stm32f1xx_hal_rcc.o(i.HAL_RCC_OscConfig)
    i.HAL_SPI_DeInit                         0x0800207c   Section        0  stm32f1xx_hal_spi.o(i.HAL_SPI_DeInit)
    i.HAL_SPI_Init                           0x080020ac   Section        0  stm32f1xx_hal_spi_ex.o(i.HAL_SPI_Init)
    i.HAL_SPI_MspDeInit                      0x08002134   Section        0  stm32f1xx_hal_msp.o(i.HAL_SPI_MspDeInit)
    i.HAL_SPI_MspInit                        0x08002174   Section        0  stm32f1xx_hal_msp.o(i.HAL_SPI_MspInit)
    i.HAL_SPI_Receive                        0x08002204   Section        0  stm32f1xx_hal_spi.o(i.HAL_SPI_Receive)
    i.HAL_SPI_Transmit                       0x080023f0   Section        0  stm32f1xx_hal_spi.o(i.HAL_SPI_Transmit)
    i.HAL_SPI_TransmitReceive                0x08002536   Section        0  stm32f1xx_hal_spi.o(i.HAL_SPI_TransmitReceive)
    i.HAL_SYSTICK_CLKSourceConfig            0x080027e8   Section        0  stm32f1xx_hal_cortex.o(i.HAL_SYSTICK_CLKSourceConfig)
    i.HAL_SYSTICK_Callback                   0x08002800   Section        0  stm32f1xx_hal_cortex.o(i.HAL_SYSTICK_Callback)
    i.HAL_SYSTICK_Config                     0x08002802   Section        0  stm32f1xx_hal_cortex.o(i.HAL_SYSTICK_Config)
    i.HAL_SYSTICK_IRQHandler                 0x0800282a   Section        0  stm32f1xx_hal_cortex.o(i.HAL_SYSTICK_IRQHandler)
    i.HAL_UART_DeInit                        0x08002832   Section        0  stm32f1xx_hal_uart.o(i.HAL_UART_DeInit)
    i.HAL_UART_ErrorCallback                 0x0800286e   Section        0  stm32f1xx_hal_uart.o(i.HAL_UART_ErrorCallback)
    i.HAL_UART_IRQHandler                    0x08002870   Section        0  stm32f1xx_hal_uart.o(i.HAL_UART_IRQHandler)
    i.HAL_UART_Init                          0x08002962   Section        0  stm32f1xx_hal_uart.o(i.HAL_UART_Init)
    i.HAL_UART_MspDeInit                     0x080029c0   Section        0  stm32f1xx_hal_msp.o(i.HAL_UART_MspDeInit)
    i.HAL_UART_MspInit                       0x08002a34   Section        0  stm32f1xx_hal_msp.o(i.HAL_UART_MspInit)
    i.HAL_UART_Receive_IT                    0x08002b40   Section        0  stm32f1xx_hal_uart.o(i.HAL_UART_Receive_IT)
    i.HAL_UART_RxCpltCallback                0x08002ba8   Section        0  stm32f1xx_hal_uart.o(i.HAL_UART_RxCpltCallback)
    i.HAL_UART_Transmit                      0x08002baa   Section        0  stm32f1xx_hal_uart.o(i.HAL_UART_Transmit)
    i.HAL_UART_TxCpltCallback                0x08002c72   Section        0  stm32f1xx_hal_uart.o(i.HAL_UART_TxCpltCallback)
    i.Led_com                                0x08002c74   Section        0  main.o(i.Led_com)
    i.Led_os1                                0x08002cb8   Section        0  main.o(i.Led_os1)
    i.Led_os2                                0x08002cfc   Section        0  main.o(i.Led_os2)
    i.Led_os3                                0x08002d40   Section        0  main.o(i.Led_os3)
    i.Led_os4                                0x08002d84   Section        0  main.o(i.Led_os4)
    i.Led_pmr                                0x08002dc8   Section        0  main.o(i.Led_pmr)
    i.MX_ADC2_Init                           0x08002e0c   Section        0  main.o(i.MX_ADC2_Init)
    MX_ADC2_Init                             0x08002e0d   Thumb Code   110  main.o(i.MX_ADC2_Init)
    i.MX_GPIO_Init                           0x08002e84   Section        0  main.o(i.MX_GPIO_Init)
    MX_GPIO_Init                             0x08002e85   Thumb Code   150  main.o(i.MX_GPIO_Init)
    i.MX_SPI1_Init                           0x08002f2c   Section        0  main.o(i.MX_SPI1_Init)
    MX_SPI1_Init                             0x08002f2d   Thumb Code    46  main.o(i.MX_SPI1_Init)
    i.MX_SPI2_Init                           0x08002f64   Section        0  main.o(i.MX_SPI2_Init)
    MX_SPI2_Init                             0x08002f65   Thumb Code    48  main.o(i.MX_SPI2_Init)
    i.MX_USART1_UART_Init                    0x08002f9c   Section        0  main.o(i.MX_USART1_UART_Init)
    MX_USART1_UART_Init                      0x08002f9d   Thumb Code    30  main.o(i.MX_USART1_UART_Init)
    i.MX_USART3_UART_Init                    0x08002fc4   Section        0  main.o(i.MX_USART3_UART_Init)
    MX_USART3_UART_Init                      0x08002fc5   Thumb Code    32  main.o(i.MX_USART3_UART_Init)
    i.Make_serial_number                     0x08002fec   Section        0  main.o(i.Make_serial_number)
    i.Modbus_Read_Register_responce          0x08003148   Section        0  modbus.o(i.Modbus_Read_Register_responce)
    i.Modbus_Write_Register_responce         0x080031d4   Section        0  modbus.o(i.Modbus_Write_Register_responce)
    i.NVIC_SetPriority                       0x08003240   Section        0  stm32f1xx_hal_cortex.o(i.NVIC_SetPriority)
    NVIC_SetPriority                         0x08003241   Thumb Code    32  stm32f1xx_hal_cortex.o(i.NVIC_SetPriority)
    i.Proces_rcv_string                      0x08003260   Section        0  main.o(i.Proces_rcv_string)
    i.Radio_config                           0x080034f0   Section        0  main.o(i.Radio_config)
    i.Read_config                            0x08003580   Section        0  main.o(i.Read_config)
    i.RecBuf                                 0x08003804   Section        0  spi_flashdriver.o(i.RecBuf)
    i.Relay_trig                             0x08003820   Section        0  main.o(i.Relay_trig)
    i.Restor_default                         0x08003c2c   Section        0  main.o(i.Restor_default)
    i.SPI_ISCRCErrorValid                    0x08003ef0   Section        0  stm32f1xx_hal_spi_ex.o(i.SPI_ISCRCErrorValid)
    i.SPI_WaitOnFlagUntilTimeout             0x08003ef4   Section        0  stm32f1xx_hal_spi.o(i.SPI_WaitOnFlagUntilTimeout)
    SPI_WaitOnFlagUntilTimeout               0x08003ef5   Thumb Code   158  stm32f1xx_hal_spi.o(i.SPI_WaitOnFlagUntilTimeout)
    i.Send                                   0x08003f94   Section        0  spi_flashdriver.o(i.Send)
    i.SendBuf                                0x08003fb4   Section        0  spi_flashdriver.o(i.SendBuf)
    i.SetSS                                  0x08003fd0   Section        0  spi_flashdriver.o(i.SetSS)
    i.Spi_Flash_read_byte                    0x08003ff0   Section        0  spi_flashdriver.o(i.Spi_Flash_read_byte)
    i.Spi_Flash_read_word                    0x0800402a   Section        0  spi_flashdriver.o(i.Spi_Flash_read_word)
    i.Spi_Flash_write_byte                   0x0800406c   Section        0  spi_flashdriver.o(i.Spi_Flash_write_byte)
    i.Spi_Flash_write_word                   0x080040ae   Section        0  spi_flashdriver.o(i.Spi_Flash_write_word)
    i.SysTick_Handler                        0x0800410c   Section        0  main.o(i.SysTick_Handler)
    i.SystemClock_Config                     0x080042e4   Section        0  main.o(i.SystemClock_Config)
    SystemClock_Config                       0x080042e5   Thumb Code   112  main.o(i.SystemClock_Config)
    i.SystemInit                             0x08004354   Section        0  system_stm32f1xx.o(i.SystemInit)
    i.UART3_SendString                       0x0800439c   Section        0  main.o(i.UART3_SendString)
    i.UART_Receive_IT                        0x080043ec   Section        0  stm32f1xx_hal_uart.o(i.UART_Receive_IT)
    UART_Receive_IT                          0x080043ed   Thumb Code   166  stm32f1xx_hal_uart.o(i.UART_Receive_IT)
    i.UART_SetConfig                         0x08004494   Section        0  stm32f1xx_hal_uart.o(i.UART_SetConfig)
    UART_SetConfig                           0x08004495   Thumb Code   220  stm32f1xx_hal_uart.o(i.UART_SetConfig)
    i.UART_Transmit_IT                       0x08004574   Section        0  stm32f1xx_hal_uart.o(i.UART_Transmit_IT)
    UART_Transmit_IT                         0x08004575   Thumb Code   102  stm32f1xx_hal_uart.o(i.UART_Transmit_IT)
    i.UART_WaitOnFlagUntilTimeout            0x080045da   Section        0  stm32f1xx_hal_uart.o(i.UART_WaitOnFlagUntilTimeout)
    UART_WaitOnFlagUntilTimeout              0x080045db   Thumb Code   146  stm32f1xx_hal_uart.o(i.UART_WaitOnFlagUntilTimeout)
    i.USART1_IRQHandler                      0x0800466c   Section        0  main.o(i.USART1_IRQHandler)
    i.USART3_IRQHandler                      0x080046a8   Section        0  main.o(i.USART3_IRQHandler)
    i.__0sprintf$6                           0x0800472c   Section        0  printf6.o(i.__0sprintf$6)
    i.__aeabi_errno_addr                     0x08004754   Section        0  errno.o(i.__aeabi_errno_addr)
    i.__scatterload_copy                     0x0800475c   Section       14  handlers.o(i.__scatterload_copy)
    i.__scatterload_null                     0x0800476a   Section        2  handlers.o(i.__scatterload_null)
    i.__scatterload_zeroinit                 0x0800476c   Section       14  handlers.o(i.__scatterload_zeroinit)
    i._printf_core                           0x0800477c   Section        0  printf6.o(i._printf_core)
    _printf_core                             0x0800477d   Thumb Code   748  printf6.o(i._printf_core)
    i._printf_post_padding                   0x08004a6c   Section        0  printf6.o(i._printf_post_padding)
    _printf_post_padding                     0x08004a6d   Thumb Code    36  printf6.o(i._printf_post_padding)
    i._printf_pre_padding                    0x08004a90   Section        0  printf6.o(i._printf_pre_padding)
    _printf_pre_padding                      0x08004a91   Thumb Code    46  printf6.o(i._printf_pre_padding)
    i._sputc                                 0x08004abe   Section        0  printf6.o(i._sputc)
    _sputc                                   0x08004abf   Thumb Code    10  printf6.o(i._sputc)
    i.chang_value                            0x08004ac8   Section        0  main.o(i.chang_value)
    i.chang_value_16                         0x08004b30   Section        0  main.o(i.chang_value_16)
    i.clac_crc                               0x08004ba8   Section        0  modbus.o(i.clac_crc)
    i.deinitEverything                       0x08004be0   Section        0  main.o(i.deinitEverything)
    i.main                                   0x08004c74   Section        0  main.o(i.main)
    i.removeChar                             0x08006144   Section        0  main.o(i.removeChar)
    i.set_adr                                0x0800615e   Section        0  spi_flashdriver.o(i.set_adr)
    i.spi_in                                 0x08006180   Section        0  spi_flashdriver.o(i.spi_in)
    i.spi_out                                0x08006198   Section        0  spi_flashdriver.o(i.spi_out)
    i.spi_write                              0x080061ac   Section        0  spi_flashdriver.o(i.spi_write)
    .constdata                               0x08006204   Section       16  stm32f1xx_hal_rcc.o(.constdata)
    .constdata                               0x08006214   Section      129  ctype_o.o(.constdata)
    .constdata                               0x08006298   Section        4  ctype_o.o(.constdata)
    table                                    0x08006298   Data           4  ctype_o.o(.constdata)
    .data                                    0x20000000   Section      182  main.o(.data)
    meter2_counter                           0x20000074   Data           4  main.o(.data)
    adc_stop_timer                           0x20000078   Data           4  main.o(.data)
    counter_cpu_blink                        0x2000007c   Data           4  main.o(.data)
    ic                                       0x20000080   Data           4  main.o(.data)
    .data                                    0x200000b8   Section        4  stm32f1xx_hal.o(.data)
    uwTick                                   0x200000b8   Data           4  stm32f1xx_hal.o(.data)
    .data                                    0x200000bc   Section        1  stm32f1xx_hal_spi_ex.o(.data)
    .data                                    0x200000c0   Section        4  system_stm32f1xx.o(.data)
    .data                                    0x200000c4   Section        4  strtok.o(.data)
    state                                    0x200000c4   Data           4  strtok.o(.data)
    .data                                    0x200000c8   Section        4  errno.o(.data)
    _errno                                   0x200000c8   Data           4  errno.o(.data)
    .bss                                     0x200000cc   Section     4193  main.o(.bss)
    STACK                                    0x20001130   Section     1024  startup_stm32f103xb.o(STACK)

    Global Symbols

    Symbol Name                              Value     Ov Type        Size  Object(Section)

    BuildAttributes$$THM_ISAv4$P$D$K$B$S$PE$A:L22UL41UL21$X:L11$S22US41US21$IEEE1$IW$USESV6$~STKCKD$USESV7$~SHL$OTIME$ROPI$IEEEX$EBA8$MICROLIB$REQ8$PRES8$EABIv2 0x00000000   Number         0  anon$$obj.o ABSOLUTE
    __ARM_use_no_argv                        0x00000000   Number         0  main.o ABSOLUTE
    _printf_a                                0x00000000   Number         0  stubs.o ABSOLUTE
    _printf_c                                0x00000000   Number         0  stubs.o ABSOLUTE
    _printf_charcount                        0x00000000   Number         0  stubs.o ABSOLUTE
    _printf_d                                0x00000000   Number         0  stubs.o ABSOLUTE
    _printf_e                                0x00000000   Number         0  stubs.o ABSOLUTE
    _printf_f                                0x00000000   Number         0  stubs.o ABSOLUTE
    _printf_flags                            0x00000000   Number         0  stubs.o ABSOLUTE
    _printf_fp_dec                           0x00000000   Number         0  stubs.o ABSOLUTE
    _printf_fp_hex                           0x00000000   Number         0  stubs.o ABSOLUTE
    _printf_g                                0x00000000   Number         0  stubs.o ABSOLUTE
    _printf_i                                0x00000000   Number         0  stubs.o ABSOLUTE
    _printf_int_dec                          0x00000000   Number         0  stubs.o ABSOLUTE
    _printf_l                                0x00000000   Number         0  stubs.o ABSOLUTE
    _printf_lc                               0x00000000   Number         0  stubs.o ABSOLUTE
    _printf_ll                               0x00000000   Number         0  stubs.o ABSOLUTE
    _printf_lld                              0x00000000   Number         0  stubs.o ABSOLUTE
    _printf_lli                              0x00000000   Number         0  stubs.o ABSOLUTE
    _printf_llo                              0x00000000   Number         0  stubs.o ABSOLUTE
    _printf_llu                              0x00000000   Number         0  stubs.o ABSOLUTE
    _printf_llx                              0x00000000   Number         0  stubs.o ABSOLUTE
    _printf_longlong_dec                     0x00000000   Number         0  stubs.o ABSOLUTE
    _printf_longlong_hex                     0x00000000   Number         0  stubs.o ABSOLUTE
    _printf_longlong_oct                     0x00000000   Number         0  stubs.o ABSOLUTE
    _printf_ls                               0x00000000   Number         0  stubs.o ABSOLUTE
    _printf_mbtowc                           0x00000000   Number         0  stubs.o ABSOLUTE
    _printf_n                                0x00000000   Number         0  stubs.o ABSOLUTE
    _printf_o                                0x00000000   Number         0  stubs.o ABSOLUTE
    _printf_p                                0x00000000   Number         0  stubs.o ABSOLUTE
    _printf_percent                          0x00000000   Number         0  stubs.o ABSOLUTE
    _printf_pre_padding                      0x00000000   Number         0  stubs.o ABSOLUTE
    _printf_return_value                     0x00000000   Number         0  stubs.o ABSOLUTE
    _printf_s                                0x00000000   Number         0  stubs.o ABSOLUTE
    _printf_sizespec                         0x00000000   Number         0  stubs.o ABSOLUTE
    _printf_str                              0x00000000   Number         0  stubs.o ABSOLUTE
    _printf_truncate_signed                  0x00000000   Number         0  stubs.o ABSOLUTE
    _printf_truncate_unsigned                0x00000000   Number         0  stubs.o ABSOLUTE
    _printf_u                                0x00000000   Number         0  stubs.o ABSOLUTE
    _printf_wc                               0x00000000   Number         0  stubs.o ABSOLUTE
    _printf_wctomb                           0x00000000   Number         0  stubs.o ABSOLUTE
    _printf_widthprec                        0x00000000   Number         0  stubs.o ABSOLUTE
    _printf_x                                0x00000000   Number         0  stubs.o ABSOLUTE
    __cpp_initialize__aeabi_                  - Undefined Weak Reference
    __cxa_finalize                            - Undefined Weak Reference
    __decompress                              - Undefined Weak Reference
    _clock_init                               - Undefined Weak Reference
    _microlib_exit                            - Undefined Weak Reference
    __Vectors_Size                           0x000000ec   Number         0  startup_stm32f103xb.o ABSOLUTE
    __Vectors                                0x08000000   Data           4  startup_stm32f103xb.o(RESET)
    __Vectors_End                            0x080000ec   Data           0  startup_stm32f103xb.o(RESET)
    __main                                   0x080000ed   Thumb Code     0  entry.o(.ARM.Collect$$$$00000000)
    _main_stk                                0x080000ed   Thumb Code     0  entry2.o(.ARM.Collect$$$$00000001)
    _main_scatterload                        0x080000f1   Thumb Code     0  entry5.o(.ARM.Collect$$$$00000004)
    __main_after_scatterload                 0x080000f5   Thumb Code     0  entry5.o(.ARM.Collect$$$$00000004)
    _main_clock                              0x080000f5   Thumb Code     0  entry7b.o(.ARM.Collect$$$$00000008)
    _main_cpp_init                           0x080000f5   Thumb Code     0  entry8b.o(.ARM.Collect$$$$0000000A)
    _main_init                               0x080000f5   Thumb Code     0  entry9a.o(.ARM.Collect$$$$0000000B)
    __rt_final_cpp                           0x080000fd   Thumb Code     0  entry10a.o(.ARM.Collect$$$$0000000D)
    __rt_final_exit                          0x080000fd   Thumb Code     0  entry11a.o(.ARM.Collect$$$$0000000F)
    Reset_Handler                            0x08000101   Thumb Code     8  startup_stm32f103xb.o(.text)
    NMI_Handler                              0x08000109   Thumb Code     2  startup_stm32f103xb.o(.text)
    HardFault_Handler                        0x0800010b   Thumb Code     2  startup_stm32f103xb.o(.text)
    MemManage_Handler                        0x0800010d   Thumb Code     2  startup_stm32f103xb.o(.text)
    BusFault_Handler                         0x0800010f   Thumb Code     2  startup_stm32f103xb.o(.text)
    UsageFault_Handler                       0x08000111   Thumb Code     2  startup_stm32f103xb.o(.text)
    SVC_Handler                              0x08000113   Thumb Code     2  startup_stm32f103xb.o(.text)
    DebugMon_Handler                         0x08000115   Thumb Code     2  startup_stm32f103xb.o(.text)
    PendSV_Handler                           0x08000117   Thumb Code     2  startup_stm32f103xb.o(.text)
    ADC1_2_IRQHandler                        0x0800011b   Thumb Code     0  startup_stm32f103xb.o(.text)
    CAN1_RX1_IRQHandler                      0x0800011b   Thumb Code     0  startup_stm32f103xb.o(.text)
    CAN1_SCE_IRQHandler                      0x0800011b   Thumb Code     0  startup_stm32f103xb.o(.text)
    DMA1_Channel1_IRQHandler                 0x0800011b   Thumb Code     0  startup_stm32f103xb.o(.text)
    DMA1_Channel2_IRQHandler                 0x0800011b   Thumb Code     0  startup_stm32f103xb.o(.text)
    DMA1_Channel3_IRQHandler                 0x0800011b   Thumb Code     0  startup_stm32f103xb.o(.text)
    DMA1_Channel4_IRQHandler                 0x0800011b   Thumb Code     0  startup_stm32f103xb.o(.text)
    DMA1_Channel5_IRQHandler                 0x0800011b   Thumb Code     0  startup_stm32f103xb.o(.text)
    DMA1_Channel6_IRQHandler                 0x0800011b   Thumb Code     0  startup_stm32f103xb.o(.text)
    DMA1_Channel7_IRQHandler                 0x0800011b   Thumb Code     0  startup_stm32f103xb.o(.text)
    EXTI0_IRQHandler                         0x0800011b   Thumb Code     0  startup_stm32f103xb.o(.text)
    EXTI15_10_IRQHandler                     0x0800011b   Thumb Code     0  startup_stm32f103xb.o(.text)
    EXTI1_IRQHandler                         0x0800011b   Thumb Code     0  startup_stm32f103xb.o(.text)
    EXTI2_IRQHandler                         0x0800011b   Thumb Code     0  startup_stm32f103xb.o(.text)
    EXTI3_IRQHandler                         0x0800011b   Thumb Code     0  startup_stm32f103xb.o(.text)
    EXTI4_IRQHandler                         0x0800011b   Thumb Code     0  startup_stm32f103xb.o(.text)
    EXTI9_5_IRQHandler                       0x0800011b   Thumb Code     0  startup_stm32f103xb.o(.text)
    FLASH_IRQHandler                         0x0800011b   Thumb Code     0  startup_stm32f103xb.o(.text)
    I2C1_ER_IRQHandler                       0x0800011b   Thumb Code     0  startup_stm32f103xb.o(.text)
    I2C1_EV_IRQHandler                       0x0800011b   Thumb Code     0  startup_stm32f103xb.o(.text)
    I2C2_ER_IRQHandler                       0x0800011b   Thumb Code     0  startup_stm32f103xb.o(.text)
    I2C2_EV_IRQHandler                       0x0800011b   Thumb Code     0  startup_stm32f103xb.o(.text)
    PVD_IRQHandler                           0x0800011b   Thumb Code     0  startup_stm32f103xb.o(.text)
    RCC_IRQHandler                           0x0800011b   Thumb Code     0  startup_stm32f103xb.o(.text)
    RTC_Alarm_IRQHandler                     0x0800011b   Thumb Code     0  startup_stm32f103xb.o(.text)
    RTC_IRQHandler                           0x0800011b   Thumb Code     0  startup_stm32f103xb.o(.text)
    SPI1_IRQHandler                          0x0800011b   Thumb Code     0  startup_stm32f103xb.o(.text)
    SPI2_IRQHandler                          0x0800011b   Thumb Code     0  startup_stm32f103xb.o(.text)
    TAMPER_IRQHandler                        0x0800011b   Thumb Code     0  startup_stm32f103xb.o(.text)
    TIM1_BRK_IRQHandler                      0x0800011b   Thumb Code     0  startup_stm32f103xb.o(.text)
    TIM1_CC_IRQHandler                       0x0800011b   Thumb Code     0  startup_stm32f103xb.o(.text)
    TIM1_TRG_COM_IRQHandler                  0x0800011b   Thumb Code     0  startup_stm32f103xb.o(.text)
    TIM1_UP_IRQHandler                       0x0800011b   Thumb Code     0  startup_stm32f103xb.o(.text)
    TIM2_IRQHandler                          0x0800011b   Thumb Code     0  startup_stm32f103xb.o(.text)
    TIM3_IRQHandler                          0x0800011b   Thumb Code     0  startup_stm32f103xb.o(.text)
    TIM4_IRQHandler                          0x0800011b   Thumb Code     0  startup_stm32f103xb.o(.text)
    USART2_IRQHandler                        0x0800011b   Thumb Code     0  startup_stm32f103xb.o(.text)
    USBWakeUp_IRQHandler                     0x0800011b   Thumb Code     0  startup_stm32f103xb.o(.text)
    USB_HP_CAN1_TX_IRQHandler                0x0800011b   Thumb Code     0  startup_stm32f103xb.o(.text)
    USB_LP_CAN1_RX0_IRQHandler               0x0800011b   Thumb Code     0  startup_stm32f103xb.o(.text)
    WWDG_IRQHandler                          0x0800011b   Thumb Code     0  startup_stm32f103xb.o(.text)
    __aeabi_llsr                             0x08000125   Thumb Code    32  llushr.o(.text)
    _ll_ushift_r                             0x08000125   Thumb Code     0  llushr.o(.text)
    strcat                                   0x08000145   Thumb Code    24  strcat.o(.text)
    strstr                                   0x0800015d   Thumb Code    36  strstr.o(.text)
    strncpy                                  0x08000181   Thumb Code    24  strncpy.o(.text)
    strlen                                   0x08000199   Thumb Code    14  strlen.o(.text)
    strcpy                                   0x080001a7   Thumb Code    18  strcpy.o(.text)
    strtok                                   0x080001b9   Thumb Code    62  strtok.o(.text)
    atoi                                     0x080001fd   Thumb Code    26  atoi.o(.text)
    __aeabi_fadd                             0x08000217   Thumb Code   164  fadd.o(.text)
    __aeabi_fsub                             0x080002bb   Thumb Code     6  fadd.o(.text)
    __aeabi_frsub                            0x080002c1   Thumb Code     6  fadd.o(.text)
    __aeabi_fmul                             0x080002c7   Thumb Code   100  fmul.o(.text)
    __aeabi_fdiv                             0x0800032b   Thumb Code   124  fdiv.o(.text)
    __aeabi_ddiv                             0x080003a7   Thumb Code   222  ddiv.o(.text)
    __aeabi_ui2f                             0x08000485   Thumb Code    10  ffltui.o(.text)
    __aeabi_ui2d                             0x0800048f   Thumb Code    26  dfltui.o(.text)
    __aeabi_f2iz                             0x080004a9   Thumb Code    50  ffixi.o(.text)
    __aeabi_d2iz                             0x080004db   Thumb Code    62  dfixi.o(.text)
    __aeabi_uidiv                            0x08000519   Thumb Code     0  uidiv.o(.text)
    __aeabi_uidivmod                         0x08000519   Thumb Code    44  uidiv.o(.text)
    strtol                                   0x08000545   Thumb Code   112  strtol.o(.text)
    __I$use$fp                               0x080005b5   Thumb Code     0  iusefp.o(.text)
    _float_round                             0x080005b5   Thumb Code    18  fepilogue.o(.text)
    _float_epilogue                          0x080005c7   Thumb Code    92  fepilogue.o(.text)
    _double_round                            0x08000623   Thumb Code    30  depilogue.o(.text)
    _double_epilogue                         0x08000641   Thumb Code   156  depilogue.o(.text)
    __scatterload                            0x080006dd   Thumb Code    28  init.o(.text)
    __scatterload_rt2                        0x080006dd   Thumb Code     0  init.o(.text)
    __aeabi_llsl                             0x08000701   Thumb Code    30  llshl.o(.text)
    _ll_shift_l                              0x08000701   Thumb Code     0  llshl.o(.text)
    __rt_ctype_table                         0x08000721   Thumb Code     4  ctype_o.o(.text)
    _strtoul                                 0x08000729   Thumb Code   158  _strtoul.o(.text)
    _chval                                   0x080007c7   Thumb Code    28  _chval.o(.text)
    ADC_ConversionStop_Disable               0x080007e3   Thumb Code    74  stm32f1xx_hal_adc.o(i.ADC_ConversionStop_Disable)
    ADC_Enable                               0x0800082d   Thumb Code   102  stm32f1xx_hal_adc.o(i.ADC_Enable)
    Delay                                    0x0800089d   Thumb Code    20  modbus.o(i.Delay)
    GetTemperature                           0x080008b1   Thumb Code    82  main.o(i.GetTemperature)
    HAL_ADC_ConfigChannel                    0x08000921   Thumb Code   346  stm32f1xx_hal_adc.o(i.HAL_ADC_ConfigChannel)
    HAL_ADC_DeInit                           0x08000a89   Thumb Code   220  stm32f1xx_hal_adc.o(i.HAL_ADC_DeInit)
    HAL_ADC_GetValue                         0x08000b6d   Thumb Code     6  stm32f1xx_hal_adc.o(i.HAL_ADC_GetValue)
    HAL_ADC_Init                             0x08000b75   Thumb Code   294  stm32f1xx_hal_adc.o(i.HAL_ADC_Init)
    HAL_ADC_MspDeInit                        0x08000ca5   Thumb Code    56  stm32f1xx_hal_msp.o(i.HAL_ADC_MspDeInit)
    HAL_ADC_MspInit                          0x08000cf1   Thumb Code    88  stm32f1xx_hal_msp.o(i.HAL_ADC_MspInit)
    HAL_ADC_PollForConversion                0x08000d5d   Thumb Code   290  stm32f1xx_hal_adc.o(i.HAL_ADC_PollForConversion)
    HAL_ADC_Start                            0x08000e8d   Thumb Code   184  stm32f1xx_hal_adc.o(i.HAL_ADC_Start)
    HAL_ADC_Stop                             0x08000f4d   Thumb Code    52  stm32f1xx_hal_adc.o(i.HAL_ADC_Stop)
    HAL_DeInit                               0x08000f81   Thumb Code    26  stm32f1xx_hal.o(i.HAL_DeInit)
    HAL_Delay                                0x08000fa1   Thumb Code    22  stm32f1xx_hal.o(i.HAL_Delay)
    HAL_GPIO_DeInit                          0x08000fb9   Thumb Code   204  stm32f1xx_hal_gpio.o(i.HAL_GPIO_DeInit)
    HAL_GPIO_Init                            0x0800109d   Thumb Code   422  stm32f1xx_hal_gpio.o(i.HAL_GPIO_Init)
    HAL_GPIO_ReadPin                         0x08001265   Thumb Code    10  stm32f1xx_hal_gpio.o(i.HAL_GPIO_ReadPin)
    HAL_GPIO_WritePin                        0x0800126f   Thumb Code    10  stm32f1xx_hal_gpio.o(i.HAL_GPIO_WritePin)
    HAL_GetTick                              0x08001279   Thumb Code     6  stm32f1xx_hal.o(i.HAL_GetTick)
    HAL_IWDG_Init                            0x08001285   Thumb Code    90  stm32f1xx_hal_iwdg.o(i.HAL_IWDG_Init)
    HAL_IWDG_MspInit                         0x080012df   Thumb Code     2  stm32f1xx_hal_msp.o(i.HAL_IWDG_MspInit)
    HAL_IncTick                              0x080012e1   Thumb Code    10  stm32f1xx_hal.o(i.HAL_IncTick)
    HAL_Init                                 0x080012f1   Thumb Code    32  stm32f1xx_hal.o(i.HAL_Init)
    HAL_InitTick                             0x08001315   Thumb Code    34  stm32f1xx_hal.o(i.HAL_InitTick)
    HAL_MspDeInit                            0x08001337   Thumb Code     2  stm32f1xx_hal.o(i.HAL_MspDeInit)
    HAL_MspInit                              0x08001339   Thumb Code    98  stm32f1xx_hal_msp.o(i.HAL_MspInit)
    HAL_NVIC_DisableIRQ                      0x080013a5   Thumb Code    22  stm32f1xx_hal_cortex.o(i.HAL_NVIC_DisableIRQ)
    HAL_NVIC_EnableIRQ                       0x080013bb   Thumb Code    22  stm32f1xx_hal_cortex.o(i.HAL_NVIC_EnableIRQ)
    HAL_NVIC_SetPriority                     0x080013d1   Thumb Code    60  stm32f1xx_hal_cortex.o(i.HAL_NVIC_SetPriority)
    HAL_NVIC_SetPriorityGrouping             0x08001411   Thumb Code    26  stm32f1xx_hal_cortex.o(i.HAL_NVIC_SetPriorityGrouping)
    HAL_NVIC_SystemReset                     0x08001435   Thumb Code    26  stm32f1xx_hal_cortex.o(i.HAL_NVIC_SystemReset)
    HAL_RCCEx_GetPeriphCLKFreq               0x08001459   Thumb Code   206  stm32f1xx_hal_rcc_ex.o(i.HAL_RCCEx_GetPeriphCLKFreq)
    HAL_RCCEx_PeriphCLKConfig                0x08001549   Thumb Code   284  stm32f1xx_hal_rcc_ex.o(i.HAL_RCCEx_PeriphCLKConfig)
    HAL_RCC_ClockConfig                      0x08001671   Thumb Code   604  stm32f1xx_hal_rcc.o(i.HAL_RCC_ClockConfig)
    HAL_RCC_DeInit                           0x080018d5   Thumb Code    60  stm32f1xx_hal_rcc.o(i.HAL_RCC_DeInit)
    HAL_RCC_GetHCLKFreq                      0x08001919   Thumb Code    38  stm32f1xx_hal_rcc.o(i.HAL_RCC_GetHCLKFreq)
    HAL_RCC_GetPCLK1Freq                     0x0800194d   Thumb Code    36  stm32f1xx_hal_rcc.o(i.HAL_RCC_GetPCLK1Freq)
    HAL_RCC_GetPCLK2Freq                     0x08001979   Thumb Code    36  stm32f1xx_hal_rcc.o(i.HAL_RCC_GetPCLK2Freq)
    HAL_RCC_GetSysClockFreq                  0x080019a5   Thumb Code   102  stm32f1xx_hal_rcc.o(i.HAL_RCC_GetSysClockFreq)
    HAL_RCC_OscConfig                        0x08001a2d   Thumb Code  1616  stm32f1xx_hal_rcc.o(i.HAL_RCC_OscConfig)
    HAL_SPI_DeInit                           0x0800207d   Thumb Code    46  stm32f1xx_hal_spi.o(i.HAL_SPI_DeInit)
    HAL_SPI_Init                             0x080020ad   Thumb Code   132  stm32f1xx_hal_spi_ex.o(i.HAL_SPI_Init)
    HAL_SPI_MspDeInit                        0x08002135   Thumb Code    48  stm32f1xx_hal_msp.o(i.HAL_SPI_MspDeInit)
    HAL_SPI_MspInit                          0x08002175   Thumb Code   124  stm32f1xx_hal_msp.o(i.HAL_SPI_MspInit)
    HAL_SPI_Receive                          0x08002205   Thumb Code   492  stm32f1xx_hal_spi.o(i.HAL_SPI_Receive)
    HAL_SPI_Transmit                         0x080023f1   Thumb Code   326  stm32f1xx_hal_spi.o(i.HAL_SPI_Transmit)
    HAL_SPI_TransmitReceive                  0x08002537   Thumb Code   690  stm32f1xx_hal_spi.o(i.HAL_SPI_TransmitReceive)
    HAL_SYSTICK_CLKSourceConfig              0x080027e9   Thumb Code    24  stm32f1xx_hal_cortex.o(i.HAL_SYSTICK_CLKSourceConfig)
    HAL_SYSTICK_Callback                     0x08002801   Thumb Code     2  stm32f1xx_hal_cortex.o(i.HAL_SYSTICK_Callback)
    HAL_SYSTICK_Config                       0x08002803   Thumb Code    40  stm32f1xx_hal_cortex.o(i.HAL_SYSTICK_Config)
    HAL_SYSTICK_IRQHandler                   0x0800282b   Thumb Code     8  stm32f1xx_hal_cortex.o(i.HAL_SYSTICK_IRQHandler)
    HAL_UART_DeInit                          0x08002833   Thumb Code    60  stm32f1xx_hal_uart.o(i.HAL_UART_DeInit)
    HAL_UART_ErrorCallback                   0x0800286f   Thumb Code     2  stm32f1xx_hal_uart.o(i.HAL_UART_ErrorCallback)
    HAL_UART_IRQHandler                      0x08002871   Thumb Code   242  stm32f1xx_hal_uart.o(i.HAL_UART_IRQHandler)
    HAL_UART_Init                            0x08002963   Thumb Code    94  stm32f1xx_hal_uart.o(i.HAL_UART_Init)
    HAL_UART_MspDeInit                       0x080029c1   Thumb Code    92  stm32f1xx_hal_msp.o(i.HAL_UART_MspDeInit)
    HAL_UART_MspInit                         0x08002a35   Thumb Code   238  stm32f1xx_hal_msp.o(i.HAL_UART_MspInit)
    HAL_UART_Receive_IT                      0x08002b41   Thumb Code   104  stm32f1xx_hal_uart.o(i.HAL_UART_Receive_IT)
    HAL_UART_RxCpltCallback                  0x08002ba9   Thumb Code     2  stm32f1xx_hal_uart.o(i.HAL_UART_RxCpltCallback)
    HAL_UART_Transmit                        0x08002bab   Thumb Code   200  stm32f1xx_hal_uart.o(i.HAL_UART_Transmit)
    HAL_UART_TxCpltCallback                  0x08002c73   Thumb Code     2  stm32f1xx_hal_uart.o(i.HAL_UART_TxCpltCallback)
    Led_com                                  0x08002c75   Thumb Code    56  main.o(i.Led_com)
    Led_os1                                  0x08002cb9   Thumb Code    56  main.o(i.Led_os1)
    Led_os2                                  0x08002cfd   Thumb Code    56  main.o(i.Led_os2)
    Led_os3                                  0x08002d41   Thumb Code    56  main.o(i.Led_os3)
    Led_os4                                  0x08002d85   Thumb Code    56  main.o(i.Led_os4)
    Led_pmr                                  0x08002dc9   Thumb Code    56  main.o(i.Led_pmr)
    Make_serial_number                       0x08002fed   Thumb Code   322  main.o(i.Make_serial_number)
    Modbus_Read_Register_responce            0x08003149   Thumb Code   128  modbus.o(i.Modbus_Read_Register_responce)
    Modbus_Write_Register_responce           0x080031d5   Thumb Code    98  modbus.o(i.Modbus_Write_Register_responce)
    Proces_rcv_string                        0x08003261   Thumb Code   610  main.o(i.Proces_rcv_string)
    Radio_config                             0x080034f1   Thumb Code   132  main.o(i.Radio_config)
    Read_config                              0x08003581   Thumb Code   636  main.o(i.Read_config)
    RecBuf                                   0x08003805   Thumb Code    26  spi_flashdriver.o(i.RecBuf)
    Relay_trig                               0x08003821   Thumb Code  1036  main.o(i.Relay_trig)
    Restor_default                           0x08003c2d   Thumb Code   700  main.o(i.Restor_default)
    SPI_ISCRCErrorValid                      0x08003ef1   Thumb Code     4  stm32f1xx_hal_spi_ex.o(i.SPI_ISCRCErrorValid)
    Send                                     0x08003f95   Thumb Code    26  spi_flashdriver.o(i.Send)
    SendBuf                                  0x08003fb5   Thumb Code    26  spi_flashdriver.o(i.SendBuf)
    SetSS                                    0x08003fd1   Thumb Code    26  spi_flashdriver.o(i.SetSS)
    Spi_Flash_read_byte                      0x08003ff1   Thumb Code    58  spi_flashdriver.o(i.Spi_Flash_read_byte)
    Spi_Flash_read_word                      0x0800402b   Thumb Code    66  spi_flashdriver.o(i.Spi_Flash_read_word)
    Spi_Flash_write_byte                     0x0800406d   Thumb Code    66  spi_flashdriver.o(i.Spi_Flash_write_byte)
    Spi_Flash_write_word                     0x080040af   Thumb Code    94  spi_flashdriver.o(i.Spi_Flash_write_word)
    SysTick_Handler                          0x0800410d   Thumb Code   446  main.o(i.SysTick_Handler)
    SystemInit                               0x08004355   Thumb Code    56  system_stm32f1xx.o(i.SystemInit)
    UART3_SendString                         0x0800439d   Thumb Code    72  main.o(i.UART3_SendString)
    USART1_IRQHandler                        0x0800466d   Thumb Code    52  main.o(i.USART1_IRQHandler)
    USART3_IRQHandler                        0x080046a9   Thumb Code   114  main.o(i.USART3_IRQHandler)
    __0sprintf$6                             0x0800472d   Thumb Code    34  printf6.o(i.__0sprintf$6)
    __1sprintf$6                             0x0800472d   Thumb Code     0  printf6.o(i.__0sprintf$6)
    __2sprintf                               0x0800472d   Thumb Code     0  printf6.o(i.__0sprintf$6)
    __aeabi_errno_addr                       0x08004755   Thumb Code     4  errno.o(i.__aeabi_errno_addr)
    __rt_errno_addr                          0x08004755   Thumb Code     0  errno.o(i.__aeabi_errno_addr)
    __scatterload_copy                       0x0800475d   Thumb Code    14  handlers.o(i.__scatterload_copy)
    __scatterload_null                       0x0800476b   Thumb Code     2  handlers.o(i.__scatterload_null)
    __scatterload_zeroinit                   0x0800476d   Thumb Code    14  handlers.o(i.__scatterload_zeroinit)
    chang_value                              0x08004ac9   Thumb Code   104  main.o(i.chang_value)
    chang_value_16                           0x08004b31   Thumb Code   120  main.o(i.chang_value_16)
    clac_crc                                 0x08004ba9   Thumb Code    54  modbus.o(i.clac_crc)
    deinitEverything                         0x08004be1   Thumb Code   124  main.o(i.deinitEverything)
    main                                     0x08004c75   Thumb Code  5320  main.o(i.main)
    removeChar                               0x08006145   Thumb Code    26  main.o(i.removeChar)
    set_adr                                  0x0800615f   Thumb Code    34  spi_flashdriver.o(i.set_adr)
    spi_in                                   0x08006181   Thumb Code    20  spi_flashdriver.o(i.spi_in)
    spi_out                                  0x08006199   Thumb Code    16  spi_flashdriver.o(i.spi_out)
    spi_write                                0x080061ad   Thumb Code    88  spi_flashdriver.o(i.spi_write)
    aAPBAHBPrescTable                        0x08006204   Data          16  stm32f1xx_hal_rcc.o(.constdata)
    __ctype_table                            0x08006214   Data         129  ctype_o.o(.constdata)
    Region$$Table$$Base                      0x0800629c   Number         0  anon$$obj.o(Region$$Table)
    Region$$Table$$Limit                     0x080062bc   Number         0  anon$$obj.o(Region$$Table)
    flag_cpu_blink                           0x20000000   Data           1  main.o(.data)
    Stop_adc                                 0x20000001   Data           1  main.o(.data)
    flag_stop_meter_get_voltage              0x20000002   Data           1  main.o(.data)
    loop_asort                               0x20000003   Data           1  main.o(.data)
    loop_bsort                               0x20000004   Data           1  main.o(.data)
    adc_swich                                0x20000005   Data           1  main.o(.data)
    faul_meter_counter                       0x20000006   Data           1  main.o(.data)
    General_status                           0x20000007   Data           1  main.o(.data)
    flag_s                                   0x20000008   Data           1  main.o(.data)
    Read_temperture_flag                     0x20000009   Data           1  main.o(.data)
    current_status_flag                      0x2000000a   Data           1  main.o(.data)
    Check_error_flag                         0x2000000b   Data           1  main.o(.data)
    read_meter_flag                          0x2000000c   Data           1  main.o(.data)
    read_meter_flag2                         0x2000000d   Data           1  main.o(.data)
    read_meter_counter                       0x2000000e   Data           1  main.o(.data)
    meter_count                              0x2000000f   Data           1  main.o(.data)
    relay_flag                               0x20000010   Data           1  main.o(.data)
    Read_voltage_flag                        0x20000011   Data           1  main.o(.data)
    Password_reset_timer                     0x20000012   Data           1  main.o(.data)
    Read_input_flag                          0x20000013   Data           1  main.o(.data)
    Num_data_485                             0x20000014   Data           1  main.o(.data)
    Rcv_complate_flag_485                    0x20000015   Data           1  main.o(.data)
    Rcv_chksum                               0x20000016   Data           1  main.o(.data)
    My_bcc                                   0x20000017   Data           1  main.o(.data)
    My_address                               0x20000018   Data           1  main.o(.data)
    Recive_data_flag                         0x20000019   Data           1  main.o(.data)
    Rx_data2                                 0x2000001a   Data           1  main.o(.data)
    Temperture_status_level                  0x2000001b   Data           1  main.o(.data)
    Relay_1_release                          0x2000001c   Data           1  main.o(.data)
    Relay_2_release                          0x2000001d   Data           1  main.o(.data)
    Relay_3_release                          0x2000001e   Data           1  main.o(.data)
    Relay_4_release                          0x2000001f   Data           1  main.o(.data)
    temp                                     0x20000020   Data           1  main.o(.data)
    Rcv_counter_485                          0x20000022   Data           2  main.o(.data)
    A                                        0x20000024   Data           2  main.o(.data)
    B                                        0x20000026   Data           2  main.o(.data)
    Rx_data                                  0x20000028   Data           2  main.o(.data)
    my_crc                                   0x2000002a   Data           2  main.o(.data)
    rcv_crc                                  0x2000002c   Data           2  main.o(.data)
    b_cnt                                    0x2000002e   Data           2  main.o(.data)
    in                                       0x20000030   Data           2  main.o(.data)
    Modbus_rcv_StartAddress                  0x20000032   Data           2  main.o(.data)
    Modbus_rcv_NumRegister                   0x20000034   Data           2  main.o(.data)
    F_version                                0x20000036   Data           2  main.o(.data)
    Password                                 0x20000038   Data           2  main.o(.data)
    V_temp                                   0x2000003a   Data           2  main.o(.data)
    D_temp                                   0x2000003c   Data           2  main.o(.data)
    R_temp                                   0x2000003e   Data           2  main.o(.data)
    R_temp2                                  0x20000040   Data           2  main.o(.data)
    Im                                       0x20000042   Data           2  main.o(.data)
    Register_last_value                      0x20000044   Data           2  main.o(.data)
    i                                        0x20000046   Data           2  main.o(.data)
    j                                        0x20000048   Data           2  main.o(.data)
    k                                        0x2000004a   Data           2  main.o(.data)
    d                                        0x2000004c   Data           2  main.o(.data)
    v                                        0x2000004e   Data           2  main.o(.data)
    led_command                              0x20000050   Data           2  main.o(.data)
    Meter_delay_part2                        0x20000054   Data           4  main.o(.data)
    reactive_behin_buffer                    0x20000058   Data           4  main.o(.data)
    current_fault                            0x2000005c   Data           4  main.o(.data)
    flag_current_reload_time_fault           0x20000060   Data           4  main.o(.data)
    adc_value                                0x20000064   Data           4  main.o(.data)
    adc_avrage_above                         0x20000068   Data           4  main.o(.data)
    adc_avrage_blow                          0x2000006c   Data           4  main.o(.data)
    ii                                       0x20000070   Data           4  main.o(.data)
    current_loop                             0x20000084   Data           4  main.o(.data)
    deb_volt                                 0x20000088   Data           4  main.o(.data)
    adc_sort_temp                            0x2000008c   Data           4  main.o(.data)
    Temperture                               0x20000090   Data           4  main.o(.data)
    token                                    0x20000094   Data           4  main.o(.data)
    behineh_meter_round                      0x20000098   Data           5  main.o(.data)
    hysteria_normal                          0x2000009d   Data           5  main.o(.data)
    Relay_status                             0x200000a2   Data           5  main.o(.data)
    Status_pm                                0x200000a7   Data           5  main.o(.data)
    Power_meter_status                       0x200000ac   Data           5  main.o(.data)
    Relay_last_state                         0x200000b1   Data           5  main.o(.data)
    uCRCErrorWorkaroundCheck                 0x200000bc   Data           1  stm32f1xx_hal_spi_ex.o(.data)
    SystemCoreClock                          0x200000c0   Data           4  system_stm32f1xx.o(.data)
    adc_buff                                 0x200000cc   Data          10  main.o(.bss)
    mux                                      0x200000d8   Data          16  main.o(.bss)
    Behineh_time                             0x200000e8   Data          10  main.o(.bss)
    Behineh_date                             0x200000f2   Data          10  main.o(.bss)
    hadc1                                    0x200000fc   Data          48  main.o(.bss)
    hadc2                                    0x2000012c   Data          48  main.o(.bss)
    hiwdg                                    0x2000015c   Data          16  main.o(.bss)
    hspi1                                    0x2000016c   Data          88  main.o(.bss)
    hspi2                                    0x200001c4   Data          88  main.o(.bss)
    huart1                                   0x2000021c   Data          64  main.o(.bss)
    huart2                                   0x2000025c   Data          64  main.o(.bss)
    huart3                                   0x2000029c   Data          64  main.o(.bss)
    Current_value                            0x200002dc   Data          16  main.o(.bss)
    Meter_id                                 0x200002ec   Data         300  main.o(.bss)
    adc_buffer                               0x20000418   Data         400  main.o(.bss)
    adc_channel_voltage                      0x200005a8   Data          16  main.o(.bss)
    Voltage_value_meter                      0x200005b8   Data          10  main.o(.bss)
    Rcv_array_485                            0x200005c2   Data        1501  main.o(.bss)
    Serial1_RCV                              0x20000ba0   Data         106  main.o(.bss)
    Modbus_buffer                            0x20000c0a   Data         500  main.o(.bss)
    r1                                       0x20000dfe   Data          10  main.o(.bss)
    temp_str                                 0x20000e08   Data          25  main.o(.bss)
    rcv_string                               0x20000e21   Data         600  main.o(.bss)
    str_temp                                 0x20001079   Data         150  main.o(.bss)
    str_temp2                                0x2000110f   Data          30  main.o(.bss)
    __initial_sp                             0x20001530   Data           0  startup_stm32f103xb.o(STACK)



==============================================================================

Memory Map of the image

  Image Entry point : 0x080000ed

  Load Region LR_IROM1 (Base: 0x08000000, Size: 0x00006388, Max: 0x0000d800, ABSOLUTE)

    Execution Region ER_IROM1 (Exec base: 0x08000000, Load base: 0x08000000, Size: 0x000062bc, Max: 0x0000d800, ABSOLUTE)

    Exec Addr    Load Addr    Size         Type   Attr      Idx    E Section Name        Object

    0x08000000   0x08000000   0x000000ec   Data   RO            3    RESET               startup_stm32f103xb.o
    0x080000ec   0x080000ec   0x00000000   Code   RO         2457  * .ARM.Collect$$$$00000000  mc_w.l(entry.o)
    0x080000ec   0x080000ec   0x00000004   Code   RO         2788    .ARM.Collect$$$$00000001  mc_w.l(entry2.o)
    0x080000f0   0x080000f0   0x00000004   Code   RO         2791    .ARM.Collect$$$$00000004  mc_w.l(entry5.o)
    0x080000f4   0x080000f4   0x00000000   Code   RO         2793    .ARM.Collect$$$$00000008  mc_w.l(entry7b.o)
    0x080000f4   0x080000f4   0x00000000   Code   RO         2795    .ARM.Collect$$$$0000000A  mc_w.l(entry8b.o)
    0x080000f4   0x080000f4   0x00000008   Code   RO         2796    .ARM.Collect$$$$0000000B  mc_w.l(entry9a.o)
    0x080000fc   0x080000fc   0x00000000   Code   RO         2798    .ARM.Collect$$$$0000000D  mc_w.l(entry10a.o)
    0x080000fc   0x080000fc   0x00000000   Code   RO         2800    .ARM.Collect$$$$0000000F  mc_w.l(entry11a.o)
    0x080000fc   0x080000fc   0x00000004   Code   RO         2789    .ARM.Collect$$$$00002712  mc_w.l(entry2.o)
    0x08000100   0x08000100   0x00000024   Code   RO            4    .text               startup_stm32f103xb.o
    0x08000124   0x08000124   0x00000020   Code   RO         2462    .text               mc_w.l(llushr.o)
    0x08000144   0x08000144   0x00000018   Code   RO         2464    .text               mc_w.l(strcat.o)
    0x0800015c   0x0800015c   0x00000024   Code   RO         2466    .text               mc_w.l(strstr.o)
    0x08000180   0x08000180   0x00000018   Code   RO         2468    .text               mc_w.l(strncpy.o)
    0x08000198   0x08000198   0x0000000e   Code   RO         2470    .text               mc_w.l(strlen.o)
    0x080001a6   0x080001a6   0x00000012   Code   RO         2472    .text               mc_w.l(strcpy.o)
    0x080001b8   0x080001b8   0x00000044   Code   RO         2474    .text               mc_w.l(strtok.o)
    0x080001fc   0x080001fc   0x0000001a   Code   RO         2741    .text               mc_w.l(atoi.o)
    0x08000216   0x08000216   0x000000b0   Code   RO         2743    .text               mf_w.l(fadd.o)
    0x080002c6   0x080002c6   0x00000064   Code   RO         2745    .text               mf_w.l(fmul.o)
    0x0800032a   0x0800032a   0x0000007c   Code   RO         2747    .text               mf_w.l(fdiv.o)
    0x080003a6   0x080003a6   0x000000de   Code   RO         2749    .text               mf_w.l(ddiv.o)
    0x08000484   0x08000484   0x0000000a   Code   RO         2751    .text               mf_w.l(ffltui.o)
    0x0800048e   0x0800048e   0x0000001a   Code   RO         2753    .text               mf_w.l(dfltui.o)
    0x080004a8   0x080004a8   0x00000032   Code   RO         2755    .text               mf_w.l(ffixi.o)
    0x080004da   0x080004da   0x0000003e   Code   RO         2757    .text               mf_w.l(dfixi.o)
    0x08000518   0x08000518   0x0000002c   Code   RO         2805    .text               mc_w.l(uidiv.o)
    0x08000544   0x08000544   0x00000070   Code   RO         2816    .text               mc_w.l(strtol.o)
    0x080005b4   0x080005b4   0x00000000   Code   RO         2818    .text               mc_w.l(iusefp.o)
    0x080005b4   0x080005b4   0x0000006e   Code   RO         2819    .text               mf_w.l(fepilogue.o)
    0x08000622   0x08000622   0x000000ba   Code   RO         2821    .text               mf_w.l(depilogue.o)
    0x080006dc   0x080006dc   0x00000024   Code   RO         2835    .text               mc_w.l(init.o)
    0x08000700   0x08000700   0x0000001e   Code   RO         2838    .text               mc_w.l(llshl.o)
    0x0800071e   0x0800071e   0x00000002   PAD
    0x08000720   0x08000720   0x00000008   Code   RO         2842    .text               mc_w.l(ctype_o.o)
    0x08000728   0x08000728   0x0000009e   Code   RO         2870    .text               mc_w.l(_strtoul.o)
    0x080007c6   0x080007c6   0x0000001c   Code   RO         2877    .text               mc_w.l(_chval.o)
    0x080007e2   0x080007e2   0x0000004a   Code   RO          611    i.ADC_ConversionStop_Disable  stm32f1xx_hal_adc.o
    0x0800082c   0x0800082c   0x00000070   Code   RO          615    i.ADC_Enable        stm32f1xx_hal_adc.o
    0x0800089c   0x0800089c   0x00000014   Code   RO         2263    i.Delay             modbus.o
    0x080008b0   0x080008b0   0x00000070   Code   RO           13    i.GetTemperature    main.o
    0x08000920   0x08000920   0x00000168   Code   RO          617    i.HAL_ADC_ConfigChannel  stm32f1xx_hal_adc.o
    0x08000a88   0x08000a88   0x000000e4   Code   RO          620    i.HAL_ADC_DeInit    stm32f1xx_hal_adc.o
    0x08000b6c   0x08000b6c   0x00000006   Code   RO          624    i.HAL_ADC_GetValue  stm32f1xx_hal_adc.o
    0x08000b72   0x08000b72   0x00000002   PAD
    0x08000b74   0x08000b74   0x00000130   Code   RO          626    i.HAL_ADC_Init      stm32f1xx_hal_adc.o
    0x08000ca4   0x08000ca4   0x0000004c   Code   RO          443    i.HAL_ADC_MspDeInit  stm32f1xx_hal_msp.o
    0x08000cf0   0x08000cf0   0x0000006c   Code   RO          444    i.HAL_ADC_MspInit   stm32f1xx_hal_msp.o
    0x08000d5c   0x08000d5c   0x00000130   Code   RO          630    i.HAL_ADC_PollForConversion  stm32f1xx_hal_adc.o
    0x08000e8c   0x08000e8c   0x000000c0   Code   RO          632    i.HAL_ADC_Start     stm32f1xx_hal_adc.o
    0x08000f4c   0x08000f4c   0x00000034   Code   RO          635    i.HAL_ADC_Stop      stm32f1xx_hal_adc.o
    0x08000f80   0x08000f80   0x00000020   Code   RO         1293    i.HAL_DeInit        stm32f1xx_hal.o
    0x08000fa0   0x08000fa0   0x00000016   Code   RO         1294    i.HAL_Delay         stm32f1xx_hal.o
    0x08000fb6   0x08000fb6   0x00000002   PAD
    0x08000fb8   0x08000fb8   0x000000e4   Code   RO          509    i.HAL_GPIO_DeInit   stm32f1xx_hal_gpio.o
    0x0800109c   0x0800109c   0x000001c8   Code   RO          512    i.HAL_GPIO_Init     stm32f1xx_hal_gpio.o
    0x08001264   0x08001264   0x0000000a   Code   RO          514    i.HAL_GPIO_ReadPin  stm32f1xx_hal_gpio.o
    0x0800126e   0x0800126e   0x0000000a   Code   RO          516    i.HAL_GPIO_WritePin  stm32f1xx_hal_gpio.o
    0x08001278   0x08001278   0x0000000c   Code   RO         1298    i.HAL_GetTick       stm32f1xx_hal.o
    0x08001284   0x08001284   0x0000005a   Code   RO         1664    i.HAL_IWDG_Init     stm32f1xx_hal_iwdg.o
    0x080012de   0x080012de   0x00000002   Code   RO          445    i.HAL_IWDG_MspInit  stm32f1xx_hal_msp.o
    0x080012e0   0x080012e0   0x00000010   Code   RO         1299    i.HAL_IncTick       stm32f1xx_hal.o
    0x080012f0   0x080012f0   0x00000024   Code   RO         1300    i.HAL_Init          stm32f1xx_hal.o
    0x08001314   0x08001314   0x00000022   Code   RO         1301    i.HAL_InitTick      stm32f1xx_hal.o
    0x08001336   0x08001336   0x00000002   Code   RO         1302    i.HAL_MspDeInit     stm32f1xx_hal.o
    0x08001338   0x08001338   0x0000006c   Code   RO          446    i.HAL_MspInit       stm32f1xx_hal_msp.o
    0x080013a4   0x080013a4   0x00000016   Code   RO         1422    i.HAL_NVIC_DisableIRQ  stm32f1xx_hal_cortex.o
    0x080013ba   0x080013ba   0x00000016   Code   RO         1423    i.HAL_NVIC_EnableIRQ  stm32f1xx_hal_cortex.o
    0x080013d0   0x080013d0   0x00000040   Code   RO         1429    i.HAL_NVIC_SetPriority  stm32f1xx_hal_cortex.o
    0x08001410   0x08001410   0x00000024   Code   RO         1430    i.HAL_NVIC_SetPriorityGrouping  stm32f1xx_hal_cortex.o
    0x08001434   0x08001434   0x00000024   Code   RO         1431    i.HAL_NVIC_SystemReset  stm32f1xx_hal_cortex.o
    0x08001458   0x08001458   0x000000f0   Code   RO         1070    i.HAL_RCCEx_GetPeriphCLKFreq  stm32f1xx_hal_rcc_ex.o
    0x08001548   0x08001548   0x00000128   Code   RO         1071    i.HAL_RCCEx_PeriphCLKConfig  stm32f1xx_hal_rcc_ex.o
    0x08001670   0x08001670   0x00000264   Code   RO          965    i.HAL_RCC_ClockConfig  stm32f1xx_hal_rcc.o
    0x080018d4   0x080018d4   0x00000044   Code   RO          966    i.HAL_RCC_DeInit    stm32f1xx_hal_rcc.o
    0x08001918   0x08001918   0x00000034   Code   RO          970    i.HAL_RCC_GetHCLKFreq  stm32f1xx_hal_rcc.o
    0x0800194c   0x0800194c   0x0000002c   Code   RO          972    i.HAL_RCC_GetPCLK1Freq  stm32f1xx_hal_rcc.o
    0x08001978   0x08001978   0x0000002c   Code   RO          973    i.HAL_RCC_GetPCLK2Freq  stm32f1xx_hal_rcc.o
    0x080019a4   0x080019a4   0x00000088   Code   RO          974    i.HAL_RCC_GetSysClockFreq  stm32f1xx_hal_rcc.o
    0x08001a2c   0x08001a2c   0x00000650   Code   RO          977    i.HAL_RCC_OscConfig  stm32f1xx_hal_rcc.o
    0x0800207c   0x0800207c   0x0000002e   Code   RO         1714    i.HAL_SPI_DeInit    stm32f1xx_hal_spi.o
    0x080020aa   0x080020aa   0x00000002   PAD
    0x080020ac   0x080020ac   0x00000088   Code   RO         1956    i.HAL_SPI_Init      stm32f1xx_hal_spi_ex.o
    0x08002134   0x08002134   0x00000040   Code   RO          447    i.HAL_SPI_MspDeInit  stm32f1xx_hal_msp.o
    0x08002174   0x08002174   0x00000090   Code   RO          448    i.HAL_SPI_MspInit   stm32f1xx_hal_msp.o
    0x08002204   0x08002204   0x000001ec   Code   RO         1722    i.HAL_SPI_Receive   stm32f1xx_hal_spi.o
    0x080023f0   0x080023f0   0x00000146   Code   RO         1727    i.HAL_SPI_Transmit  stm32f1xx_hal_spi.o
    0x08002536   0x08002536   0x000002b2   Code   RO         1728    i.HAL_SPI_TransmitReceive  stm32f1xx_hal_spi.o
    0x080027e8   0x080027e8   0x00000018   Code   RO         1432    i.HAL_SYSTICK_CLKSourceConfig  stm32f1xx_hal_cortex.o
    0x08002800   0x08002800   0x00000002   Code   RO         1433    i.HAL_SYSTICK_Callback  stm32f1xx_hal_cortex.o
    0x08002802   0x08002802   0x00000028   Code   RO         1434    i.HAL_SYSTICK_Config  stm32f1xx_hal_cortex.o
    0x0800282a   0x0800282a   0x00000008   Code   RO         1435    i.HAL_SYSTICK_IRQHandler  stm32f1xx_hal_cortex.o
    0x08002832   0x08002832   0x0000003c   Code   RO         2000    i.HAL_UART_DeInit   stm32f1xx_hal_uart.o
    0x0800286e   0x0800286e   0x00000002   Code   RO         2001    i.HAL_UART_ErrorCallback  stm32f1xx_hal_uart.o
    0x08002870   0x08002870   0x000000f2   Code   RO         2004    i.HAL_UART_IRQHandler  stm32f1xx_hal_uart.o
    0x08002962   0x08002962   0x0000005e   Code   RO         2005    i.HAL_UART_Init     stm32f1xx_hal_uart.o
    0x080029c0   0x080029c0   0x00000074   Code   RO          449    i.HAL_UART_MspDeInit  stm32f1xx_hal_msp.o
    0x08002a34   0x08002a34   0x0000010c   Code   RO          450    i.HAL_UART_MspInit  stm32f1xx_hal_msp.o
    0x08002b40   0x08002b40   0x00000068   Code   RO         2010    i.HAL_UART_Receive_IT  stm32f1xx_hal_uart.o
    0x08002ba8   0x08002ba8   0x00000002   Code   RO         2011    i.HAL_UART_RxCpltCallback  stm32f1xx_hal_uart.o
    0x08002baa   0x08002baa   0x000000c8   Code   RO         2013    i.HAL_UART_Transmit  stm32f1xx_hal_uart.o
    0x08002c72   0x08002c72   0x00000002   Code   RO         2016    i.HAL_UART_TxCpltCallback  stm32f1xx_hal_uart.o
    0x08002c74   0x08002c74   0x00000044   Code   RO           14    i.Led_com           main.o
    0x08002cb8   0x08002cb8   0x00000044   Code   RO           15    i.Led_os1           main.o
    0x08002cfc   0x08002cfc   0x00000044   Code   RO           16    i.Led_os2           main.o
    0x08002d40   0x08002d40   0x00000044   Code   RO           17    i.Led_os3           main.o
    0x08002d84   0x08002d84   0x00000044   Code   RO           18    i.Led_os4           main.o
    0x08002dc8   0x08002dc8   0x00000044   Code   RO           19    i.Led_pmr           main.o
    0x08002e0c   0x08002e0c   0x00000078   Code   RO           20    i.MX_ADC2_Init      main.o
    0x08002e84   0x08002e84   0x000000a8   Code   RO           21    i.MX_GPIO_Init      main.o
    0x08002f2c   0x08002f2c   0x00000038   Code   RO           22    i.MX_SPI1_Init      main.o
    0x08002f64   0x08002f64   0x00000038   Code   RO           23    i.MX_SPI2_Init      main.o
    0x08002f9c   0x08002f9c   0x00000028   Code   RO           24    i.MX_USART1_UART_Init  main.o
    0x08002fc4   0x08002fc4   0x00000028   Code   RO           25    i.MX_USART3_UART_Init  main.o
    0x08002fec   0x08002fec   0x0000015c   Code   RO           26    i.Make_serial_number  main.o
    0x08003148   0x08003148   0x0000008c   Code   RO         2264    i.Modbus_Read_Register_responce  modbus.o
    0x080031d4   0x080031d4   0x0000006c   Code   RO         2265    i.Modbus_Write_Register_responce  modbus.o
    0x08003240   0x08003240   0x00000020   Code   RO         1436    i.NVIC_SetPriority  stm32f1xx_hal_cortex.o
    0x08003260   0x08003260   0x00000290   Code   RO           27    i.Proces_rcv_string  main.o
    0x080034f0   0x080034f0   0x00000090   Code   RO           28    i.Radio_config      main.o
    0x08003580   0x08003580   0x00000284   Code   RO           29    i.Read_config       main.o
    0x08003804   0x08003804   0x0000001a   Code   RO         2315    i.RecBuf            spi_flashdriver.o
    0x0800381e   0x0800381e   0x00000002   PAD
    0x08003820   0x08003820   0x0000040c   Code   RO           30    i.Relay_trig        main.o
    0x08003c2c   0x08003c2c   0x000002c4   Code   RO           31    i.Restor_default    main.o
    0x08003ef0   0x08003ef0   0x00000004   Code   RO         1957    i.SPI_ISCRCErrorValid  stm32f1xx_hal_spi_ex.o
    0x08003ef4   0x08003ef4   0x0000009e   Code   RO         1750    i.SPI_WaitOnFlagUntilTimeout  stm32f1xx_hal_spi.o
    0x08003f92   0x08003f92   0x00000002   PAD
    0x08003f94   0x08003f94   0x00000020   Code   RO         2316    i.Send              spi_flashdriver.o
    0x08003fb4   0x08003fb4   0x0000001a   Code   RO         2317    i.SendBuf           spi_flashdriver.o
    0x08003fce   0x08003fce   0x00000002   PAD
    0x08003fd0   0x08003fd0   0x00000020   Code   RO         2318    i.SetSS             spi_flashdriver.o
    0x08003ff0   0x08003ff0   0x0000003a   Code   RO         2324    i.Spi_Flash_read_byte  spi_flashdriver.o
    0x0800402a   0x0800402a   0x00000042   Code   RO         2325    i.Spi_Flash_read_word  spi_flashdriver.o
    0x0800406c   0x0800406c   0x00000042   Code   RO         2328    i.Spi_Flash_write_byte  spi_flashdriver.o
    0x080040ae   0x080040ae   0x0000005e   Code   RO         2329    i.Spi_Flash_write_word  spi_flashdriver.o
    0x0800410c   0x0800410c   0x000001d8   Code   RO           32    i.SysTick_Handler   main.o
    0x080042e4   0x080042e4   0x00000070   Code   RO           33    i.SystemClock_Config  main.o
    0x08004354   0x08004354   0x00000048   Code   RO         2227    i.SystemInit        system_stm32f1xx.o
    0x0800439c   0x0800439c   0x00000050   Code   RO           35    i.UART3_SendString  main.o
    0x080043ec   0x080043ec   0x000000a6   Code   RO         2023    i.UART_Receive_IT   stm32f1xx_hal_uart.o
    0x08004492   0x08004492   0x00000002   PAD
    0x08004494   0x08004494   0x000000e0   Code   RO         2024    i.UART_SetConfig    stm32f1xx_hal_uart.o
    0x08004574   0x08004574   0x00000066   Code   RO         2025    i.UART_Transmit_IT  stm32f1xx_hal_uart.o
    0x080045da   0x080045da   0x00000092   Code   RO         2026    i.UART_WaitOnFlagUntilTimeout  stm32f1xx_hal_uart.o
    0x0800466c   0x0800466c   0x0000003c   Code   RO           36    i.USART1_IRQHandler  main.o
    0x080046a8   0x080046a8   0x00000084   Code   RO           37    i.USART3_IRQHandler  main.o
    0x0800472c   0x0800472c   0x00000028   Code   RO         2637    i.__0sprintf$6      mc_w.l(printf6.o)
    0x08004754   0x08004754   0x00000008   Code   RO         2809    i.__aeabi_errno_addr  mc_w.l(errno.o)
    0x0800475c   0x0800475c   0x0000000e   Code   RO         2881    i.__scatterload_copy  mc_w.l(handlers.o)
    0x0800476a   0x0800476a   0x00000002   Code   RO         2882    i.__scatterload_null  mc_w.l(handlers.o)
    0x0800476c   0x0800476c   0x0000000e   Code   RO         2883    i.__scatterload_zeroinit  mc_w.l(handlers.o)
    0x0800477a   0x0800477a   0x00000002   PAD
    0x0800477c   0x0800477c   0x000002f0   Code   RO         2642    i._printf_core      mc_w.l(printf6.o)
    0x08004a6c   0x08004a6c   0x00000024   Code   RO         2643    i._printf_post_padding  mc_w.l(printf6.o)
    0x08004a90   0x08004a90   0x0000002e   Code   RO         2644    i._printf_pre_padding  mc_w.l(printf6.o)
    0x08004abe   0x08004abe   0x0000000a   Code   RO         2646    i._sputc            mc_w.l(printf6.o)
    0x08004ac8   0x08004ac8   0x00000068   Code   RO           39    i.chang_value       main.o
    0x08004b30   0x08004b30   0x00000078   Code   RO           40    i.chang_value_16    main.o
    0x08004ba8   0x08004ba8   0x00000036   Code   RO         2266    i.clac_crc          modbus.o
    0x08004bde   0x08004bde   0x00000002   PAD
    0x08004be0   0x08004be0   0x00000094   Code   RO           42    i.deinitEverything  main.o
    0x08004c74   0x08004c74   0x000014d0   Code   RO           44    i.main              main.o
    0x08006144   0x08006144   0x0000001a   Code   RO           46    i.removeChar        main.o
    0x0800615e   0x0800615e   0x00000022   Code   RO         2331    i.set_adr           spi_flashdriver.o
    0x08006180   0x08006180   0x00000018   Code   RO         2332    i.spi_in            spi_flashdriver.o
    0x08006198   0x08006198   0x00000014   Code   RO         2333    i.spi_out           spi_flashdriver.o
    0x080061ac   0x080061ac   0x00000058   Code   RO         2334    i.spi_write         spi_flashdriver.o
    0x08006204   0x08006204   0x00000010   Data   RO          978    .constdata          stm32f1xx_hal_rcc.o
    0x08006214   0x08006214   0x00000081   Data   RO         2843    .constdata          mc_w.l(ctype_o.o)
    0x08006295   0x08006295   0x00000003   PAD
    0x08006298   0x08006298   0x00000004   Data   RO         2844    .constdata          mc_w.l(ctype_o.o)
    0x0800629c   0x0800629c   0x00000020   Data   RO         2879    Region$$Table       anon$$obj.o


    Execution Region RW_IRAM1 (Exec base: 0x20000000, Load base: 0x080062bc, Size: 0x00001530, Max: 0x00005000, ABSOLUTE)

    Exec Addr    Load Addr    Size         Type   Attr      Idx    E Section Name        Object

    0x20000000   0x080062bc   0x000000b6   Data   RW           75    .data               main.o
    0x200000b6   0x08006372   0x00000002   PAD
    0x200000b8   0x08006374   0x00000004   Data   RW         1306    .data               stm32f1xx_hal.o
    0x200000bc   0x08006378   0x00000001   Data   RW         1958    .data               stm32f1xx_hal_spi_ex.o
    0x200000bd   0x08006379   0x00000003   PAD
    0x200000c0   0x0800637c   0x00000004   Data   RW         2229    .data               system_stm32f1xx.o
    0x200000c4   0x08006380   0x00000004   Data   RW         2475    .data               mc_w.l(strtok.o)
    0x200000c8   0x08006384   0x00000004   Data   RW         2812    .data               mc_w.l(errno.o)
    0x200000cc        -       0x00001061   Zero   RW           47    .bss                main.o
    0x2000112d   0x08006388   0x00000003   PAD
    0x20001130        -       0x00000400   Zero   RW            1    STACK               startup_stm32f103xb.o


==============================================================================

Image component sizes


      Code (inc. data)   RO Data    RW Data    ZI Data      Debug   Object Name

     11118        896          0        182       4193     306295   main.o
       322         22          0          0          0       3728   modbus.o
       566         20          0          0          0       8151   spi_flashdriver.o
        36          8        236          0       1024        816   startup_stm32f103xb.o
       154         22          0          4          0       4723   stm32f1xx_hal.o
      1632         64          0          0          0       8240   stm32f1xx_hal_adc.o
       286         24          0          0          0      28302   stm32f1xx_hal_cortex.o
       704         58          0          0          0       4673   stm32f1xx_hal_gpio.o
        90          0          0          0          0       1116   stm32f1xx_hal_iwdg.o
       886        140          0          0          0       5445   stm32f1xx_hal_msp.o
      2572         92         16          0          0       7081   stm32f1xx_hal_rcc.o
       536         46          0          0          0       2577   stm32f1xx_hal_rcc_ex.o
      1712          0          0          0          0       6116   stm32f1xx_hal_spi.o
       140          4          0          1          0       1968   stm32f1xx_hal_spi_ex.o
      1344          4          0          0          0       9843   stm32f1xx_hal_uart.o
        72         16          0          4          0       1165   system_stm32f1xx.o

    ----------------------------------------------------------------------
     22186       1416        284        196       5220     400239   Object Totals
         0          0         32          0          0          0   (incl. Generated)
        16          0          0          5          3          0   (incl. Padding)

    ----------------------------------------------------------------------

      Code (inc. data)   RO Data    RW Data    ZI Data      Debug   Library Member Name

        28          0          0          0          0         68   _chval.o
       158          0          0          0          0         92   _strtoul.o
        26          0          0          0          0         80   atoi.o
         8          4        133          0          0         68   ctype_o.o
         0          0          0          0          0          0   entry.o
         0          0          0          0          0          0   entry10a.o
         0          0          0          0          0          0   entry11a.o
         8          4          0          0          0          0   entry2.o
         4          0          0          0          0          0   entry5.o
         0          0          0          0          0          0   entry7b.o
         0          0          0          0          0          0   entry8b.o
         8          4          0          0          0          0   entry9a.o
         8          4          0          4          0         68   errno.o
        30          0          0          0          0          0   handlers.o
        36          8          0          0          0         68   init.o
         0          0          0          0          0          0   iusefp.o
        30          0          0          0          0         68   llshl.o
        32          0          0          0          0         68   llushr.o
       884         10          0          0          0        420   printf6.o
        24          0          0          0          0         68   strcat.o
        18          0          0          0          0         68   strcpy.o
        14          0          0          0          0         68   strlen.o
        24          0          0          0          0         76   strncpy.o
        36          0          0          0          0         80   strstr.o
        68          6          0          4          0         80   strtok.o
       112          0          0          0          0         88   strtol.o
        44          0          0          0          0         80   uidiv.o
       222          0          0          0          0        100   ddiv.o
       186          0          0          0          0        176   depilogue.o
        62          0          0          0          0         80   dfixi.o
        26          0          0          0          0         76   dfltui.o
       176          0          0          0          0        140   fadd.o
       124          0          0          0          0         88   fdiv.o
       110          0          0          0          0        168   fepilogue.o
        50          0          0          0          0         68   ffixi.o
        10          0          0          0          0         68   ffltui.o
       100          0          0          0          0         76   fmul.o

    ----------------------------------------------------------------------
      2670         40        136          8          0       2648   Library Totals
         4          0          3          0          0          0   (incl. Padding)

    ----------------------------------------------------------------------

      Code (inc. data)   RO Data    RW Data    ZI Data      Debug   Library Name

      1600         40        133          8          0       1608   mc_w.l
      1066          0          0          0          0       1040   mf_w.l

    ----------------------------------------------------------------------
      2670         40        136          8          0       2648   Library Totals

    ----------------------------------------------------------------------

==============================================================================


      Code (inc. data)   RO Data    RW Data    ZI Data      Debug   

     24856       1456        420        204       5220     395759   Grand Totals
     24856       1456        420        204       5220     395759   ELF Image Totals
     24856       1456        420        204          0          0   ROM Totals

==============================================================================

    Total RO  Size (Code + RO Data)                25276 (  24.68kB)
    Total RW  Size (RW Data + ZI Data)              5424 (   5.30kB)
    Total ROM Size (Code + RO Data + RW Data)      25480 (  24.88kB)

==============================================================================

