<html>
<body>
<pre>
<h1>µVision Build Log</h1>
<h2>Tool Versions:</h2>
IDE-Version: µVision V5.29.0.0
Copyright (C) 2019 ARM Ltd and ARM Germany GmbH. All rights reserved.
License Information: wwona Fajr, wwoano, LIC=03C6R-KB92Q-VE3HA-1TISN-7XGR4-2HUS8
 
Tool Versions:
Toolchain:       MDK-ARM Plus  Version: 5.29.0.0
Toolchain Path:  C:\Keil_v5\ARM\ARMCC\Bin
C Compiler:      Armcc.exe V5.06 update 6 (build 750)
Assembler:       Armasm.exe V5.06 update 6 (build 750)
Linker/Locator:  ArmLink.exe V5.06 update 6 (build 750)
Library Manager: ArmAr.exe V5.06 update 6 (build 750)
Hex Converter:   FromElf.exe V5.06 update 6 (build 750)
CPU DLL:         SARMCM3.DLL V5.29.0.0
Dialog DLL:      DCM.DLL V1.17.3.0
Target DLL:      STLink\ST-LINKIII-KEIL_SWO.dll V3.0.7.0
Dialog DLL:      TCM.DLL V1.36.5.0
 
<h2>Project:</h2>
D:\rasouli\project\kontor\multi_meter_finall version_27_07_1400\MDK-ARM\New_app_23-06-1400.uvprojx
Project File Date:  10/20/2021

<h2>Output:</h2>
*** Using Compiler 'V5.06 update 6 (build 750)', folder: 'C:\Keil_v5\ARM\ARMCC\Bin'
Build target 'New_app_23-06-1400'
compiling main.c...
../Inc/BootSetting.h(24): warning:  #1-D: last line of file ends without a newline
  #endif
../Src/main.c(84): warning:  #1295-D: Deprecated declaration restor_eram_backup - give arg types
  void restor_eram_backup();
../Src/main.c(85): warning:  #1295-D: Deprecated declaration save_eram_backup - give arg types
  void save_eram_backup();
../Src/main.c(92): warning:  #1295-D: Deprecated declaration Read_temperture - give arg types
  U16  Read_temperture();
../Src/main.c(94): warning:  #1295-D: Deprecated declaration Read_input - give arg types
  void Read_input();
../Src/main.c(96): warning:  #1295-D: Deprecated declaration Radio_config - give arg types
  void Radio_config();
../Src/main.c(103): warning:  #1295-D: Deprecated declaration Restor_default - give arg types
  void  Restor_default();
../Src/main.c(104): warning:  #1295-D: Deprecated declaration Read_config - give arg types
  void  Read_config();
../Src/main.c(904): warning:  #167-D: argument of type "char *" is incompatible with parameter of type "unsigned char *"
                                UART3_SendString(Meter_id[read_meter_counter]);
../Src/main.c(915): warning:  #167-D: argument of type "char *" is incompatible with parameter of type "unsigned char *"
                                UART3_SendString(Meter_id[read_meter_counter]);
../Src/main.c(926): warning:  #167-D: argument of type "char *" is incompatible with parameter of type "unsigned char *"
                                UART3_SendString(Meter_id[read_meter_counter]);
../Src/main.c(935): warning:  #167-D: argument of type "char *" is incompatible with parameter of type "unsigned char *"
                                UART3_SendString(Meter_id[read_meter_counter]);
../Src/main.c(958): warning:  #167-D: argument of type "char *" is incompatible with parameter of type "unsigned char *"
                                UART3_SendString(temp_str);
../Src/main.c(976): warning:  #167-D: argument of type "char *" is incompatible with parameter of type "unsigned char *"
                                UART3_SendString(temp_str);
../Src/main.c(1006): warning:  #167-D: argument of type "char *" is incompatible with parameter of type "unsigned char *"
                                UART3_SendString(temp_str);
../Src/main.c(1026): warning:  #167-D: argument of type "char *" is incompatible with parameter of type "unsigned char *"
                                        UART3_SendString(temp_str);
../Src/main.c(1037): warning:  #167-D: argument of type "char *" is incompatible with parameter of type "unsigned char *"
                                        UART3_SendString(temp_str);
../Src/main.c(1060): warning:  #167-D: argument of type "U8 *" is incompatible with parameter of type "char *restrict"
                        token = strtok(Rcv_array_485,"\r\n");
../Src/main.c(1296): warning:  #167-D: argument of type "char *" is incompatible with parameter of type "unsigned char *"
                                                        UART3_SendString(temp_str);
../Src/main.c(1544): warning:  #177-D: variable "counter_stop_meter_volt"  was declared but never referenced
        static int counter_stop_meter_volt=0;
../Src/main.c(1546): warning:  #177-D: variable "counter_current_fault"  was declared but never referenced
        static unsigned long counter_current_fault[4]={0,0,0,0};
../Src/main.c(1547): warning:  #177-D: variable "sys_current_loop"  was declared but never referenced
        static unsigned char sys_current_loop=0;
../Src/main.c(1549): warning:  #177-D: variable "relay_order_again_coun"  was declared but never referenced
        static unsigned int relay_order_again_coun = 0;
../Src/main.c(1734): warning:  #177-D: variable "temp_buffer"  was declared but never referenced
        int temp_buffer=0;
../Src/main.c(1805): warning:  #550-D: variable "cnt"  was set but never used
                U8 cnt;
../Src/main.c(1868): warning:  #177-D: variable "bf"  was declared but never referenced
                U8 bf;
../Src/main.c(1869): warning:  #177-D: variable "cnt"  was declared but never referenced
                U8 cnt;
../Src/main.c(1871): warning:  #177-D: variable "sts"  was declared but never referenced
                U8 sts;
../Src/main.c(2242): warning:  #177-D: variable "ls"  was declared but never referenced
        U8 ls;
../Src/main.c(2258): warning:  #177-D: variable "ls"  was declared but never referenced
        U8 ls;
../Src/main.c(2274): warning:  #177-D: variable "ls"  was declared but never referenced
        U8 ls;
../Src/main.c(2290): warning:  #177-D: variable "ls"  was declared but never referenced
        U8 ls;
../Src/main.c(2306): warning:  #177-D: variable "ls"  was declared but never referenced
        U8 ls;
../Src/main.c(2322): warning:  #177-D: variable "ls"  was declared but never referenced
        U8 ls;
../Src/main.c(2435): warning:  #223-D: function "atoi" declared implicitly
          B1 = atoi(S1);
../Src/main.c(2520): warning:  #223-D: function "atoi" declared implicitly
                        T_word = atoi(T_string);
../Src/main.c(2384): warning:  #177-D: variable "T_str"  was declared but never referenced
         char T_str[20];
../Src/main.c(2385): warning:  #177-D: variable "T_single"  was declared but never referenced
     float T_single;
../Src/main.c(2394): warning:  #177-D: variable "Voltage_value"  was declared but never referenced
     float Voltage_value;
../Src/main.c(2601): warning:  #223-D: function "atoi" declared implicitly
        b1=atoi(i_n);
../Src/main.c(2641): warning:  #223-D: function "atoi" declared implicitly
        b1=atoi(i_n);
../Src/main.c(3329): warning:  #177-D: function "MX_USART2_UART_Init"  was declared but never referenced
  void MX_USART2_UART_Init(U16 baud)
../Src/main.c: 42 warnings, 0 errors
linking...
Program Size: Code=24856 RO-data=420 RW-data=204 ZI-data=5220  
FromELF: creating hex file...
After Build - User command #1: fromelf --bin "./New_app_23-06-1400/kontor.axf" --output "kontor.bin"
"New_app_23-06-1400\kontor.axf" - 0 Error(s), 42 Warning(s).

<h2>Software Packages used:</h2>

Package Vendor: ARM
                http://www.keil.com/pack/ARM.CMSIS.5.7.0.pack
                ARM.CMSIS.5.7.0
                CMSIS (Cortex Microcontroller Software Interface Standard)
   * Component: CORE Version: 5.4.0

Package Vendor: Keil
                http://www.keil.com/pack/Keil.STM32F1xx_DFP.2.3.0.pack
                Keil.STM32F1xx_DFP.2.3.0
                STMicroelectronics STM32F1 Series Device Support, Drivers and Examples

<h2>Collection of Component include folders:</h2>
  .\RTE\_New_app_23-06-1400
  C:\Users\Fajr\AppData\Local\Arm\Packs\ARM\CMSIS\5.7.0\CMSIS\Core\Include
  C:\Users\Fajr\AppData\Local\Arm\Packs\Keil\STM32F1xx_DFP\2.3.0\Device\Include

<h2>Collection of Component Files used:</h2>

   * Component: ARM::CMSIS:CORE:5.4.0
Build Time Elapsed:  00:00:05
</pre>
</body>
</html>
