Component: ARM Compiler 5.06 update 6 (build 750) Tool: armlink [4d35ed]

==============================================================================

Section Cross References

    startup_stm32f103xb.o(RESET) refers to startup_stm32f103xb.o(STACK) for __initial_sp
    startup_stm32f103xb.o(RESET) refers to startup_stm32f103xb.o(.text) for Reset_Handler
    startup_stm32f103xb.o(RESET) refers to main.o(i.SysTick_Handler) for SysTick_Handler
    startup_stm32f103xb.o(RESET) refers to main.o(i.USART1_IRQHandler) for USART1_IRQHandler
    startup_stm32f103xb.o(RESET) refers to main.o(i.USART3_IRQHandler) for USART3_IRQHandler
    startup_stm32f103xb.o(.text) refers to system_stm32f1xx.o(i.SystemInit) for SystemInit
    startup_stm32f103xb.o(.text) refers to entry.o(.ARM.Collect$$$$00000000) for __main
    main.o(i.GetTemperature) refers to stm32f1xx_hal_adc.o(i.HAL_ADC_Init) for HAL_ADC_Init
    main.o(i.GetTemperature) refers to stm32f1xx_hal_adc.o(i.HAL_ADC_Start) for HAL_ADC_Start
    main.o(i.GetTemperature) refers to stm32f1xx_hal_adc.o(i.HAL_ADC_PollForConversion) for HAL_ADC_PollForConversion
    main.o(i.GetTemperature) refers to stm32f1xx_hal_adc.o(i.HAL_ADC_GetValue) for HAL_ADC_GetValue
    main.o(i.GetTemperature) refers to dfltui.o(.text) for __aeabi_ui2d
    main.o(i.GetTemperature) refers to ddiv.o(.text) for __aeabi_ddiv
    main.o(i.GetTemperature) refers to dadd.o(.text) for __aeabi_dsub
    main.o(i.GetTemperature) refers to dfixui.o(.text) for __aeabi_d2uiz
    main.o(i.GetTemperature) refers to main.o(.bss) for .bss
    main.o(i.GetTemperature) refers to main.o(.data) for .data
    main.o(i.Led_com) refers to stm32f1xx_hal_gpio.o(i.HAL_GPIO_WritePin) for HAL_GPIO_WritePin
    main.o(i.Led_com) refers to stm32f1xx_hal_spi.o(i.HAL_SPI_Transmit) for HAL_SPI_Transmit
    main.o(i.Led_com) refers to main.o(.data) for .data
    main.o(i.Led_com) refers to main.o(.bss) for .bss
    main.o(i.Led_os1) refers to stm32f1xx_hal_gpio.o(i.HAL_GPIO_WritePin) for HAL_GPIO_WritePin
    main.o(i.Led_os1) refers to stm32f1xx_hal_spi.o(i.HAL_SPI_Transmit) for HAL_SPI_Transmit
    main.o(i.Led_os1) refers to main.o(.data) for .data
    main.o(i.Led_os1) refers to main.o(.bss) for .bss
    main.o(i.Led_os2) refers to stm32f1xx_hal_gpio.o(i.HAL_GPIO_WritePin) for HAL_GPIO_WritePin
    main.o(i.Led_os2) refers to stm32f1xx_hal_spi.o(i.HAL_SPI_Transmit) for HAL_SPI_Transmit
    main.o(i.Led_os2) refers to main.o(.data) for .data
    main.o(i.Led_os2) refers to main.o(.bss) for .bss
    main.o(i.Led_os3) refers to stm32f1xx_hal_gpio.o(i.HAL_GPIO_WritePin) for HAL_GPIO_WritePin
    main.o(i.Led_os3) refers to stm32f1xx_hal_spi.o(i.HAL_SPI_Transmit) for HAL_SPI_Transmit
    main.o(i.Led_os3) refers to main.o(.data) for .data
    main.o(i.Led_os3) refers to main.o(.bss) for .bss
    main.o(i.Led_os4) refers to stm32f1xx_hal_gpio.o(i.HAL_GPIO_WritePin) for HAL_GPIO_WritePin
    main.o(i.Led_os4) refers to stm32f1xx_hal_spi.o(i.HAL_SPI_Transmit) for HAL_SPI_Transmit
    main.o(i.Led_os4) refers to main.o(.data) for .data
    main.o(i.Led_os4) refers to main.o(.bss) for .bss
    main.o(i.Led_pmr) refers to stm32f1xx_hal_gpio.o(i.HAL_GPIO_WritePin) for HAL_GPIO_WritePin
    main.o(i.Led_pmr) refers to stm32f1xx_hal_spi.o(i.HAL_SPI_Transmit) for HAL_SPI_Transmit
    main.o(i.Led_pmr) refers to main.o(.data) for .data
    main.o(i.Led_pmr) refers to main.o(.bss) for .bss
    main.o(i.MX_ADC2_Init) refers to stm32f1xx_hal_adc.o(i.HAL_ADC_Init) for HAL_ADC_Init
    main.o(i.MX_ADC2_Init) refers to stm32f1xx_hal_adc.o(i.HAL_ADC_ConfigChannel) for HAL_ADC_ConfigChannel
    main.o(i.MX_ADC2_Init) refers to main.o(.bss) for .bss
    main.o(i.MX_GPIO_Init) refers to stm32f1xx_hal_gpio.o(i.HAL_GPIO_Init) for HAL_GPIO_Init
    main.o(i.MX_SPI1_Init) refers to stm32f1xx_hal_spi_ex.o(i.HAL_SPI_Init) for HAL_SPI_Init
    main.o(i.MX_SPI1_Init) refers to main.o(.bss) for .bss
    main.o(i.MX_SPI2_Init) refers to stm32f1xx_hal_spi_ex.o(i.HAL_SPI_Init) for HAL_SPI_Init
    main.o(i.MX_SPI2_Init) refers to main.o(.bss) for .bss
    main.o(i.MX_USART1_UART_Init) refers to stm32f1xx_hal_uart.o(i.HAL_UART_Init) for HAL_UART_Init
    main.o(i.MX_USART1_UART_Init) refers to main.o(.bss) for .bss
    main.o(i.MX_USART3_UART_Init) refers to stm32f1xx_hal_uart.o(i.HAL_UART_Init) for HAL_UART_Init
    main.o(i.MX_USART3_UART_Init) refers to main.o(.bss) for .bss
    main.o(i.Make_serial_number) refers to strcpy.o(.text) for strcpy
    main.o(i.Make_serial_number) refers to printf6.o(i.__0sprintf$6) for __2sprintf
    main.o(i.Make_serial_number) refers to strcat.o(.text) for strcat
    main.o(i.Make_serial_number) refers to main.o(.bss) for .bss
    main.o(i.Proces_rcv_string) refers to printf6.o(i.__0sprintf$6) for __2sprintf
    main.o(i.Proces_rcv_string) refers to strncpy.o(.text) for strncpy
    main.o(i.Proces_rcv_string) refers to atoi.o(.text) for atoi
    main.o(i.Proces_rcv_string) refers to main.o(i.chang_value) for chang_value
[...]

    Symbol Name                              Value     Ov Type        Size  Object(Section)

    ../Drivers/STM32F1xx_HAL_Driver/Src/stm32f1xx_hal.c 0x00000000   Number         0  stm32f1xx_hal.o ABSOLUTE
    ../Drivers/STM32F1xx_HAL_Driver/Src/stm32f1xx_hal_adc.c 0x00000000   Number         0  stm32f1xx_hal_adc.o ABSOLUTE
    ../Drivers/STM32F1xx_HAL_Driver/Src/stm32f1xx_hal_adc_ex.c 0x00000000   Number         0  stm32f1xx_hal_adc_ex.o ABSOLUTE
    ../Drivers/STM32F1xx_HAL_Driver/Src/stm32f1xx_hal_cortex.c 0x00000000   Number         0  stm32f1xx_hal_cortex.o ABSOLUTE
    ../Drivers/STM32F1xx_HAL_Driver/Src/stm32f1xx_hal_dma.c 0x00000000   Number         0  stm32f1xx_hal_dma.o ABSOLUTE
    ../Drivers/STM32F1xx_HAL_Driver/Src/stm32f1xx_hal_flash.c 0x00000000   Number         0  stm32f1xx_hal_flash.o ABSOLUTE
    ../Drivers/STM32F1xx_HAL_Driver/Src/stm32f1xx_hal_flash_ex.c 0x00000000   Number         0  stm32f1xx_hal_flash_ex.o ABSOLUTE
    ../Drivers/STM32F1xx_HAL_Driver/Src/stm32f1xx_hal_gpio.c 0x00000000   Number         0  stm32f1xx_hal_gpio.o ABSOLUTE
    ../Drivers/STM32F1xx_HAL_Driver/Src/stm32f1xx_hal_gpio_ex.c 0x00000000   Number         0  stm32f1xx_hal_gpio_ex.o ABSOLUTE
    ../Drivers/STM32F1xx_HAL_Driver/Src/stm32f1xx_hal_iwdg.c 0x00000000   Number         0  stm32f1xx_hal_iwdg.o ABSOLUTE
    ../Drivers/STM32F1xx_HAL_Driver/Src/stm32f1xx_hal_pwr.c 0x00000000   Number         0  stm32f1xx_hal_pwr.o ABSOLUTE
    ../Drivers/STM32F1xx_HAL_Driver/Src/stm32f1xx_hal_rcc.c 0x00000000   Number         0  stm32f1xx_hal_rcc.o ABSOLUTE
    ../Drivers/STM32F1xx_HAL_Driver/Src/stm32f1xx_hal_rcc_ex.c 0x00000000   Number         0  stm32f1xx_hal_rcc_ex.o ABSOLUTE
    ../Drivers/STM32F1xx_HAL_Driver/Src/stm32f1xx_hal_spi.c 0x00000000   Number         0  stm32f1xx_hal_spi.o ABSOLUTE
    ../Drivers/STM32F1xx_HAL_Driver/Src/stm32f1xx_hal_spi_ex.c 0x00000000   Number         0  stm32f1xx_hal_spi_ex.o ABSOLUTE
    ../Drivers/STM32F1xx_HAL_Driver/Src/stm32f1xx_hal_uart.c 0x00000000   Number         0  stm32f1xx_hal_uart.o ABSOLUTE
    ../Src/main.c                            0x00000000   Number         0  main.o ABSOLUTE
    ../Src/stm32f1xx_hal_msp.c               0x00000000   Number         0  stm32f1xx_hal_msp.o ABSOLUTE
    ../Src/stm32f1xx_it.c                    0x00000000   Number         0  stm32f1xx_it.o ABSOLUTE
    ../Src/system_stm32f1xx.c                0x00000000   Number         0  system_stm32f1xx.o ABSOLUTE
    ../clib/microlib/ctype/ctype.c           0x00000000   Number         0  isdigit_o.o ABSOLUTE
    ../clib/microlib/ctype/ctype.c           0x00000000   Number         0  iscntrl_o.o ABSOLUTE
    ../clib/microlib/ctype/ctype.c           0x00000000   Number         0  isblank_o.o ABSOLUTE
    ../clib/microlib/ctype/ctype.c           0x00000000   Number         0  isalpha_o.o ABSOLUTE
    ../clib/microlib/ctype/ctype.c           0x00000000   Number         0  isgraph_o.o ABSOLUTE
    ../clib/microlib/ctype/ctype.c           0x00000000   Number         0  isprint_o.o ABSOLUTE
    ../clib/microlib/ctype/ctype.c           0x00000000   Number         0  ctype_o.o ABSOLUTE
    ../clib/microlib/ctype/ctype.c           0x00000000   Number         0  isalnum_o.o ABSOLUTE
    ../clib/microlib/ctype/ctype.c           0x00000000   Number         0  isxdigit_o.o ABSOLUTE
    ../clib/microlib/ctype/ctype.c           0x00000000   Number         0  isupper_o.o ABSOLUTE
    ../clib/microlib/ctype/ctype.c           0x00000000   Number         0  isspace_o.o ABSOLUTE
    ../clib/microlib/ctype/ctype.c           0x00000000   Number         0  ispunct_o.o ABSOLUTE
    ../clib/microlib/ctype/ctype.c           0x00000000   Number         0  islower_o.o ABSOLUTE
    ../clib/microlib/division.c              0x00000000   Number         0  uidiv.o ABSOLUTE
    ../clib/microlib/division.c              0x00000000   Number         0  uldiv.o ABSOLUTE
    ../clib/microlib/errno.c                 0x00000000   Number         0  errno.o ABSOLUTE
    ../clib/microlib/init/entry.s            0x00000000   Number         0  entry10a.o ABSOLUTE
    ../clib/microlib/init/entry.s            0x00000000   Number         0  entry10b.o ABSOLUTE
    ../clib/microlib/init/entry.s            0x00000000   Number         0  entry11b.o ABSOLUTE
    ../clib/microlib/init/entry.s            0x00000000   Number         0  entry7b.o ABSOLUTE
    ../clib/microlib/init/entry.s            0x00000000   Number         0  entry8a.o ABSOLUTE
    ../clib/microlib/init/entry.s            0x00000000   Number         0  entry8b.o ABSOLUTE
    ../clib/microlib/init/entry.s            0x00000000   Number         0  entry9a.o ABSOLUTE
    ../clib/microlib/init/entry.s            0x00000000   Number         0  entry.o ABSOLUTE
    ../clib/microlib/init/entry.s            0x00000000   Number         0  entry7a.o ABSOLUTE
    ../clib/microlib/init/entry.s            0x00000000   Number         0  entry9b.o ABSOLUTE
    ../clib/microlib/init/entry.s            0x00000000   Number         0  entry5.o ABSOLUTE
    ../clib/microlib/init/entry.s            0x00000000   Number         0  entry2.o ABSOLUTE
    ../clib/microlib/init/entry.s            0x00000000   Number         0  entry11a.o ABSOLUTE
    ../clib/microlib/longlong.c              0x00000000   Number         0  llshl.o ABSOLUTE
    ../clib/microlib/longlong.c              0x00000000   Number         0  llsshr.o ABSOLUTE
    ../clib/microlib/longlong.c              0x00000000   Number         0  llushr.o ABSOLUTE
    ../clib/microlib/printf/printf.c         0x00000000   Number         0  printf8.o ABSOLUTE
    ../clib/microlib/printf/printf.c         0x00000000   Number         0  printf7.o ABSOLUTE
    ../clib/microlib/printf/printf.c         0x00000000   Number         0  printf6.o ABSOLUTE
    ../clib/microlib/printf/printf.c         0x00000000   Number         0  printf0.o ABSOLUTE
    ../clib/microlib/printf/printf.c         0x00000000   Number         0  printf5.o ABSOLUTE
    ../clib/microlib/printf/printf.c         0x00000000   Number         0  printfa.o ABSOLUTE
    ../clib/microlib/printf/printf.c         0x00000000   Number         0  printf4.o ABSOLUTE
    ../clib/microlib/printf/printf.c         0x00000000   Number         0  printf3.o ABSOLUTE
    ../clib/microlib/printf/printf.c         0x00000000   Number         0  printf2.o ABSOLUTE
    ../clib/microlib/printf/printf.c         0x00000000   Number         0  printfb.o ABSOLUTE
    ../clib/microlib/printf/printf.c         0x00000000   Number         0  printf1.o ABSOLUTE
    ../clib/microlib/printf/stubs.s          0x00000000   Number         0  stubs.o ABSOLUTE
    ../clib/microlib/stdio/fputc.c           0x00000000   Number         0  fputc.o ABSOLUTE
    ../clib/microlib/stdio/semi.s            0x00000000   Number         0  semi.o ABSOLUTE
    ../clib/microlib/stdio/streams.c         0x00000000   Number         0  stdout.o ABSOLUTE
    ../clib/microlib/string/strcat.c         0x00000000   Number         0  strcat.o ABSOLUTE
    ../clib/microlib/string/strcpy.c         0x00000000   Number         0  strcpy.o ABSOLUTE
    ../clib/microlib/string/strlen.c         0x00000000   Number         0  strlen.o ABSOLUTE
    ../clib/microlib/string/strncpy.c        0x00000000   Number         0  strncpy.o ABSOLUTE
    ../clib/microlib/string/strstr.c         0x00000000   Number         0  strstr.o ABSOLUTE
    ../clib/microlib/string/strtok.c         0x00000000   Number         0  strtok_r.o ABSOLUTE
    ../clib/microlib/string/strtok.c         0x00000000   Number         0  strtok.o ABSOLUTE
    ../clib/microlib/stubs.s                 0x00000000   Number         0  iusefp.o ABSOLUTE
    ../clib/microlib/stubs.s                 0x00000000   Number         0  iusesemip.o ABSOLUTE
    ../clib/scanf.c                          0x00000000   Number         0  atoi.o ABSOLUTE
    ../clib/scanf.c                          0x00000000   Number         0  strtol.o ABSOLUTE
    ../clib/scanf.c                          0x00000000   Number         0  _chval.o ABSOLUTE
    ../clib/scanf.c                          0x00000000   Number         0  _strtoul.o ABSOLUTE
    ../fplib/microlib/fpadd.c                0x00000000   Number         0  dadd.o ABSOLUTE
    ../fplib/microlib/fpdiv.c                0x00000000   Number         0  ddiv.o ABSOLUTE
    ../fplib/microlib/fpepilogue.c           0x00000000   Number         0  depilogue.o ABSOLUTE
    ../fplib/microlib/fpepilogue.c           0x00000000   Number         0  fepilogue.o ABSOLUTE
    ../fplib/microlib/fpfix.c                0x00000000   Number         0  dfixui.o ABSOLUTE
    ../fplib/microlib/fpfix.c                0x00000000   Number         0  ffixui.o ABSOLUTE
    ../fplib/microlib/fpfix.c                0x00000000   Number         0  dfixul.o ABSOLUTE
    ../fplib/microlib/fpflt.c                0x00000000   Number         0  dfltui.o ABSOLUTE
    ../fplib/microlib/fpflt.c                0x00000000   Number         0  ffltui.o ABSOLUTE
    ../fplib/microlib/fpflt.c                0x00000000   Number         0  dflti.o ABSOLUTE
    ../fplib/microlib/fpmul.c                0x00000000   Number         0  dmul.o ABSOLUTE
    ../fplib/microlib/fpscalb.c              0x00000000   Number         0  dscalb.o ABSOLUTE
    ../fplib/microlib/fpsqrt.c               0x00000000   Number         0  dsqrt.o ABSOLUTE
    ../mathlib/dunder.c                      0x00000000   Number         0  dunder.o ABSOLUTE
    ../mathlib/fpclassify.c                  0x00000000   Number         0  fpclassify.o ABSOLUTE
    ../mathlib/poly.c                        0x00000000   Number         0  poly.o ABSOLUTE
    ../mathlib/pow.c                         0x00000000   Number         0  pow_x.o ABSOLUTE
    ../mathlib/pow.c                         0x00000000   Number         0  pow.o ABSOLUTE
    ../mathlib/qnan.c                        0x00000000   Number         0  qnan.o ABSOLUTE
    ../mathlib/sqrt.c                        0x00000000   Number         0  sqrt.o ABSOLUTE
    ../mathlib/sqrt.c                        0x00000000   Number         0  sqrt_x.o ABSOLUTE
    ..\Drivers\STM32F1xx_HAL_Driver\Src\stm32f1xx_hal.c 0x00000000   Number         0  stm32f1xx_hal.o ABSOLUTE
    ..\Drivers\STM32F1xx_HAL_Driver\Src\stm32f1xx_hal_adc.c 0x00000000   Number         0  stm32f1xx_hal_adc.o ABSOLUTE
    ..\Drivers\STM32F1xx_HAL_Driver\Src\stm32f1xx_hal_adc_ex.c 0x00000000   Number         0  stm32f1xx_hal_adc_ex.o ABSOLUTE
    ..\Drivers\STM32F1xx_HAL_Driver\Src\stm32f1xx_hal_cortex.c 0x00000000   Number         0  stm32f1xx_hal_cortex.o ABSOLUTE
    ..\Drivers\STM32F1xx_HAL_Driver\Src\stm32f1xx_hal_dma.c 0x00000000   Number         0  stm32f1xx_hal_dma.o ABSOLUTE
    ..\Drivers\STM32F1xx_HAL_Driver\Src\stm32f1xx_hal_flash.c 0x00000000   Number         0  stm32f1xx_hal_flash.o ABSOLUTE
    ..\Drivers\STM32F1xx_HAL_Driver\Src\stm32f1xx_hal_flash_ex.c 0x00000000   Number         0  stm32f1xx_hal_flash_ex.o ABSOLUTE
    ..\Drivers\STM32F1xx_HAL_Driver\Src\stm32f1xx_hal_gpio.c 0x00000000   Number         0  stm32f1xx_hal_gpio.o ABSOLUTE
    ..\Drivers\STM32F1xx_HAL_Driver\Src\stm32f1xx_hal_gpio_ex.c 0x00000000   Number         0  stm32f1xx_hal_gpio_ex.o ABSOLUTE
    ..\Drivers\STM32F1xx_HAL_Driver\Src\stm32f1xx_hal_iwdg.c 0x00000000   Number         0  stm32f1xx_hal_iwdg.o ABSOLUTE
    ..\Drivers\STM32F1xx_HAL_Driver\Src\stm32f1xx_hal_pwr.c 0x00000000   Number         0  stm32f1xx_hal_pwr.o ABSOLUTE
    ..\Drivers\STM32F1xx_HAL_Driver\Src\stm32f1xx_hal_rcc.c 0x00000000   Number         0  stm32f1xx_hal_rcc.o ABSOLUTE
    ..\Drivers\STM32F1xx_HAL_Driver\Src\stm32f1xx_hal_rcc_ex.c 0x00000000   Number         0  stm32f1xx_hal_rcc_ex.o ABSOLUTE
    ..\Drivers\STM32F1xx_HAL_Driver\Src\stm32f1xx_hal_spi.c 0x00000000   Number         0  stm32f1xx_hal_spi.o ABSOLUTE
    ..\Drivers\STM32F1xx_HAL_Driver\Src\stm32f1xx_hal_spi_ex.c 0x00000000   Number         0  stm32f1xx_hal_spi_ex.o ABSOLUTE
    ..\Drivers\STM32F1xx_HAL_Driver\Src\stm32f1xx_hal_uart.c 0x00000000   Number         0  stm32f1xx_hal_uart.o ABSOLUTE
    ..\Src\SPI_FlashDriver.c                 0x00000000   Number         0  spi_flashdriver.o ABSOLUTE
    ..\Src\main.c                            0x00000000   Number         0  main.o ABSOLUTE
    ..\Src\modbus.c                          0x00000000   Number         0  modbus.o ABSOLUTE
    ..\Src\stm32f1xx_hal_msp.c               0x00000000   Number         0  stm32f1xx_hal_msp.o ABSOLUTE
    ..\Src\stm32f1xx_it.c                    0x00000000   Number         0  stm32f1xx_it.o ABSOLUTE
    ..\Src\system_stm32f1xx.c                0x00000000   Number         0  system_stm32f1xx.o ABSOLUTE
    ..\\Src\\SPI_FlashDriver.c               0x00000000   Number         0  spi_flashdriver.o ABSOLUTE
    ..\\Src\\modbus.c                        0x00000000   Number         0  modbus.o ABSOLUTE
    cdcmple.s                                0x00000000   Number         0  cdcmple.o ABSOLUTE
    cdrcmple.s                               0x00000000   Number         0  cdrcmple.o ABSOLUTE
    dc.s                                     0x00000000   Number         0  dc.o ABSOLUTE
    handlers.s                               0x00000000   Number         0  handlers.o ABSOLUTE
    init.s                                   0x00000000   Number         0  init.o ABSOLUTE
    startup_stm32f103xb.s                    0x00000000   Number         0  startup_stm32f103xb.o ABSOLUTE
    RESET                                    0x08000000   Section      236  startup_stm32f103xb.o(RESET)
    .ARM.Collect$$$$00000000                 0x080000ec   Section        0  entry.o(.ARM.Collect$$$$00000000)
    .ARM.Collect$$$$00000001                 0x080000ec   Section        4  entry2.o(.ARM.Collect$$$$00000001)
    .ARM.Collect$$$$00000004                 0x080000f0   Section        4  entry5.o(.ARM.Collect$$$$00000004)
    .ARM.Collect$$$$00000008                 0x080000f4   Section        0  entry7b.o(.ARM.Collect$$$$00000008)
    .ARM.Collect$$$$0000000A                 0x080000f4   Section        0  entry8b.o(.ARM.Collect$$$$0000000A)
    .ARM.Collect$$$$0000000B                 0x080000f4   Section        8  entry9a.o(.ARM.Collect$$$$0000000B)
    .ARM.Collect$$$$0000000D                 0x080000fc   Section        0  entry10a.o(.ARM.Collect$$$$0000000D)
    .ARM.Collect$$$$0000000F                 0x080000fc   Section        0  entry11a.o(.ARM.Collect$$$$0000000F)
    .ARM.Collect$$$$00002712                 0x080000fc   Section        4  entry2.o(.ARM.Collect$$$$00002712)
    __lit__00000000                          0x080000fc   Data           4  entry2.o(.ARM.Collect$$$$00002712)
    .text                                    0x08000100   Section       36  startup_stm32f103xb.o(.text)
    .text                                    0x08000124   Section        0  llushr.o(.text)
    .text                                    0x08000144   Section        0  strcat.o(.text)
    .text                                    0x0800015c   Section        0  strstr.o(.text)
    .text                                    0x08000180   Section        0  strncpy.o(.text)
    .text                                    0x08000198   Section        0  strlen.o(.text)
    .text                                    0x080001a6   Section        0  strcpy.o(.text)
    .text                                    0x080001b8   Section        0  strtok.o(.text)
    .text                                    0x080001fc   Section        0  atoi.o(.text)
    .text                                    0x08000216   Section        0  dadd.o(.text)
    .text                                    0x08000364   Section        0  ddiv.o(.text)
    .text                                    0x08000442   Section        0  ffltui.o(.text)
    .text                                    0x0800044c   Section        0  dfltui.o(.text)
    .text                                    0x08000466   Section        0  ffixui.o(.text)
    .text                                    0x0800048e   Section        0  dfixui.o(.text)
    .text                                    0x080004c0   Section        0  uidiv.o(.text)
    .text                                    0x080004ec   Section        0  llshl.o(.text)
    .text                                    0x0800050a   Section        0  llsshr.o(.text)
    .text                                    0x0800052e   Section        0  strtol.o(.text)
    .text                                    0x0800059e   Section        0  iusefp.o(.text)
    .text                                    0x0800059e   Section        0  fepilogue.o(.text)
    .text                                    0x0800060c   Section        0  depilogue.o(.text)
    .text                                    0x080006c8   Section       36  init.o(.text)
    .text                                    0x080006ec   Section        0  ctype_o.o(.text)
    .text                                    0x080006f4   Section        0  _strtoul.o(.text)
    .text                                    0x08000792   Section        0  _chval.o(.text)
    i.ADC_ConversionStop_Disable             0x080007ae   Section        0  stm32f1xx_hal_adc.o(i.ADC_ConversionStop_Disable)
    i.ADC_Enable                             0x080007f8   Section        0  stm32f1xx_hal_adc.o(i.ADC_Enable)
    i.Delay                                  0x08000868   Section        0  modbus.o(i.Delay)
    i.GetTemperature                         0x0800087c   Section        0  main.o(i.GetTemperature)
    i.HAL_ADC_ConfigChannel                  0x08000918   Section        0  stm32f1xx_hal_adc.o(i.HAL_ADC_ConfigChannel)
    i.HAL_ADC_DeInit                         0x08000a80   Section        0  stm32f1xx_hal_adc.o(i.HAL_ADC_DeInit)
    i.HAL_ADC_GetValue                       0x08000b64   Section        0  stm32f1xx_hal_adc.o(i.HAL_ADC_GetValue)
    i.HAL_ADC_Init                           0x08000b6c   Section        0  stm32f1xx_hal_adc.o(i.HAL_ADC_Init)
    i.HAL_ADC_MspDeInit                      0x08000c9c   Section        0  stm32f1xx_hal_msp.o(i.HAL_ADC_MspDeInit)
    i.HAL_ADC_MspInit                        0x08000ce8   Section        0  stm32f1xx_hal_msp.o(i.HAL_ADC_MspInit)
    i.HAL_ADC_PollForConversion              0x08000d54   Section        0  stm32f1xx_hal_adc.o(i.HAL_ADC_PollForConversion)
    i.HAL_ADC_Start                          0x08000e84   Section        0  stm32f1xx_hal_adc.o(i.HAL_ADC_Start)
    i.HAL_ADC_Stop                           0x08000f44   Section        0  stm32f1xx_hal_adc.o(i.HAL_ADC_Stop)
    i.HAL_DeInit                             0x08000f78   Section        0  stm32f1xx_hal.o(i.HAL_DeInit)
    i.HAL_Delay                              0x08000f98   Section        0  stm32f1xx_hal.o(i.HAL_Delay)
    i.HAL_GPIO_DeInit                        0x08000fb0   Section        0  stm32f1xx_hal_gpio.o(i.HAL_GPIO_DeInit)
    i.HAL_GPIO_Init                          0x08001094   Section        0  stm32f1xx_hal_gpio.o(i.HAL_GPIO_Init)
    i.HAL_GPIO_ReadPin                       0x0800125c   Section        0  stm32f1xx_hal_gpio.o(i.HAL_GPIO_ReadPin)
    i.HAL_GPIO_WritePin                      0x08001266   Section        0  stm32f1xx_hal_gpio.o(i.HAL_GPIO_WritePin)
    i.HAL_GetTick                            0x08001270   Section        0  stm32f1xx_hal.o(i.HAL_GetTick)
    i.HAL_IWDG_Init                          0x0800127c   Section        0  stm32f1xx_hal_iwdg.o(i.HAL_IWDG_Init)
    i.HAL_IWDG_MspInit                       0x080012d6   Section        0  stm32f1xx_hal_msp.o(i.HAL_IWDG_MspInit)
    i.HAL_IncTick                            0x080012d8   Section        0  stm32f1xx_hal.o(i.HAL_IncTick)
    i.HAL_Init                               0x080012e8   Section        0  stm32f1xx_hal.o(i.HAL_Init)
    i.HAL_InitTick                           0x0800130c   Section        0  stm32f1xx_hal.o(i.HAL_InitTick)
    i.HAL_MspDeInit                          0x0800132e   Section        0  stm32f1xx_hal.o(i.HAL_MspDeInit)
    i.HAL_MspInit                            0x08001330   Section        0  stm32f1xx_hal_msp.o(i.HAL_MspInit)
    i.HAL_NVIC_DisableIRQ                    0x0800139c   Section        0  stm32f1xx_hal_cortex.o(i.HAL_NVIC_DisableIRQ)
    i.HAL_NVIC_EnableIRQ                     0x080013b2   Section        0  stm32f1xx_hal_cortex.o(i.HAL_NVIC_EnableIRQ)
    i.HAL_NVIC_SetPriority                   0x080013c8   Section        0  stm32f1xx_hal_cortex.o(i.HAL_NVIC_SetPriority)
    i.HAL_NVIC_SetPriorityGrouping           0x08001408   Section        0  stm32f1xx_hal_cortex.o(i.HAL_NVIC_SetPriorityGrouping)
    i.HAL_NVIC_SystemReset                   0x0800142c   Section        0  stm32f1xx_hal_cortex.o(i.HAL_NVIC_SystemReset)
    i.HAL_RCCEx_GetPeriphCLKFreq             0x08001450   Section        0  stm32f1xx_hal_rcc_ex.o(i.HAL_RCCEx_GetPeriphCLKFreq)
    i.HAL_RCCEx_PeriphCLKConfig              0x08001540   Section        0  stm32f1xx_hal_rcc_ex.o(i.HAL_RCCEx_PeriphCLKConfig)
    i.HAL_RCC_ClockConfig                    0x08001668   Section        0  stm32f1xx_hal_rcc.o(i.HAL_RCC_ClockConfig)
    i.HAL_RCC_DeInit                         0x080018cc   Section        0  stm32f1xx_hal_rcc.o(i.HAL_RCC_DeInit)
    i.HAL_RCC_GetHCLKFreq                    0x08001910   Section        0  stm32f1xx_hal_rcc.o(i.HAL_RCC_GetHCLKFreq)
    i.HAL_RCC_GetPCLK1Freq                   0x08001944   Section        0  stm32f1xx_hal_rcc.o(i.HAL_RCC_GetPCLK1Freq)
    i.HAL_RCC_GetPCLK2Freq                   0x08001970   Section        0  stm32f1xx_hal_rcc.o(i.HAL_RCC_GetPCLK2Freq)
    i.HAL_RCC_GetSysClockFreq                0x0800199c   Section        0  stm32f1xx_hal_rcc.o(i.HAL_RCC_GetSysClockFreq)
    i.HAL_RCC_OscConfig                      0x08001a24   Section        0  stm32f1xx_hal_rcc.o(i.HAL_RCC_OscConfig)
    i.HAL_SPI_DeInit                         0x08002074   Section        0  stm32f1xx_hal_spi.o(i.HAL_SPI_DeInit)
    i.HAL_SPI_Init                           0x080020a4   Section        0  stm32f1xx_hal_spi_ex.o(i.HAL_SPI_Init)
    i.HAL_SPI_MspDeInit                      0x0800212c   Section        0  stm32f1xx_hal_msp.o(i.HAL_SPI_MspDeInit)
    i.HAL_SPI_MspInit                        0x0800216c   Section        0  stm32f1xx_hal_msp.o(i.HAL_SPI_MspInit)
    i.HAL_SPI_Receive                        0x080021fc   Section        0  stm32f1xx_hal_spi.o(i.HAL_SPI_Receive)
    i.HAL_SPI_Transmit                       0x080023e8   Section        0  stm32f1xx_hal_spi.o(i.HAL_SPI_Transmit)
    i.HAL_SPI_TransmitReceive                0x0800252e   Section        0  stm32f1xx_hal_spi.o(i.HAL_SPI_TransmitReceive)
    i.HAL_SYSTICK_CLKSourceConfig            0x080027e0   Section        0  stm32f1xx_hal_cortex.o(i.HAL_SYSTICK_CLKSourceConfig)
    i.HAL_SYSTICK_Callback                   0x080027f8   Section        0  stm32f1xx_hal_cortex.o(i.HAL_SYSTICK_Callback)
    i.HAL_SYSTICK_Config                     0x080027fa   Section        0  stm32f1xx_hal_cortex.o(i.HAL_SYSTICK_Config)
    i.HAL_SYSTICK_IRQHandler                 0x08002822   Section        0  stm32f1xx_hal_cortex.o(i.HAL_SYSTICK_IRQHandler)
    i.HAL_UART_DeInit                        0x0800282a   Section        0  stm32f1xx_hal_uart.o(i.HAL_UART_DeInit)
    i.HAL_UART_ErrorCallback                 0x08002866   Section        0  stm32f1xx_hal_uart.o(i.HAL_UART_ErrorCallback)
    i.HAL_UART_IRQHandler                    0x08002868   Section        0  stm32f1xx_hal_uart.o(i.HAL_UART_IRQHandler)
    i.HAL_UART_Init                          0x0800295a   Section        0  stm32f1xx_hal_uart.o(i.HAL_UART_Init)
    i.HAL_UART_MspDeInit                     0x080029b8   Section        0  stm32f1xx_hal_msp.o(i.HAL_UART_MspDeInit)
    i.HAL_UART_MspInit                       0x08002a2c   Section        0  stm32f1xx_hal_msp.o(i.HAL_UART_MspInit)
    i.HAL_UART_Receive_IT                    0x08002b38   Section        0  stm32f1xx_hal_uart.o(i.HAL_UART_Receive_IT)
    i.HAL_UART_RxCpltCallback                0x08002ba0   Section        0  stm32f1xx_hal_uart.o(i.HAL_UART_RxCpltCallback)
    i.HAL_UART_Transmit                      0x08002ba2   Section        0  stm32f1xx_hal_uart.o(i.HAL_UART_Transmit)
    i.HAL_UART_TxCpltCallback                0x08002c6a   Section        0  stm32f1xx_hal_uart.o(i.HAL_UART_TxCpltCallback)
    i.Led_com                                0x08002c6c   Section        0  main.o(i.Led_com)
    i.Led_os1                                0x08002cb0   Section        0  main.o(i.Led_os1)
    i.Led_os2                                0x08002cf4   Section        0  main.o(i.Led_os2)
    i.Led_os3                                0x08002d38   Section        0  main.o(i.Led_os3)
    i.Led_os4                                0x08002d7c   Section        0  main.o(i.Led_os4)
    i.Led_pmr                                0x08002dc0   Section        0  main.o(i.Led_pmr)
    i.MX_ADC2_Init                           0x08002e04   Section        0  main.o(i.MX_ADC2_Init)
    MX_ADC2_Init                             0x08002e05   Thumb Code   110  main.o(i.MX_ADC2_Init)
    i.MX_GPIO_Init                           0x08002e7c   Section        0  main.o(i.MX_GPIO_Init)
    MX_GPIO_Init                             0x08002e7d   Thumb Code   150  main.o(i.MX_GPIO_Init)
    i.MX_SPI1_Init                           0x08002f24   Section        0  main.o(i.MX_SPI1_Init)
    MX_SPI1_Init                             0x08002f25   Thumb Code    46  main.o(i.MX_SPI1_Init)
    i.MX_SPI2_Init                           0x08002f5c   Section        0  main.o(i.MX_SPI2_Init)
    MX_SPI2_Init                             0x08002f5d   Thumb Code    48  main.o(i.MX_SPI2_Init)
    i.MX_USART1_UART_Init                    0x08002f94   Section        0  main.o(i.MX_USART1_UART_Init)
    MX_USART1_UART_Init                      0x08002f95   Thumb Code    30  main.o(i.MX_USART1_UART_Init)
    i.MX_USART3_UART_Init                    0x08002fbc   Section        0  main.o(i.MX_USART3_UART_Init)
    MX_USART3_UART_Init                      0x08002fbd   Thumb Code    32  main.o(i.MX_USART3_UART_Init)
    i.Make_serial_number                     0x08002fe4   Section        0  main.o(i.Make_serial_number)
    i.Modbus_Read_Register_responce          0x080030d8   Section        0  modbus.o(i.Modbus_Read_Register_responce)
    i.Modbus_Write_Register_responce         0x08003164   Section        0  modbus.o(i.Modbus_Write_Register_responce)
    i.NVIC_SetPriority                       0x080031d0   Section        0  stm32f1xx_hal_cortex.o(i.NVIC_SetPriority)
    NVIC_SetPriority                         0x080031d1   Thumb Code    32  stm32f1xx_hal_cortex.o(i.NVIC_SetPriority)
    i.Proces_rcv_string                      0x080031f0   Section        0  main.o(i.Proces_rcv_string)
    i.Radio_config                           0x080033b4   Section        0  main.o(i.Radio_config)
    i.Read_config                            0x08003438   Section        0  main.o(i.Read_config)
    i.RecBuf                                 0x080035e4   Section        0  spi_flashdriver.o(i.RecBuf)
    i.Relay_trig                             0x08003600   Section        0  main.o(i.Relay_trig)
    i.Restor_default                         0x08003758   Section        0  main.o(i.Restor_default)
    i.SPI_ISCRCErrorValid                    0x08003998   Section        0  stm32f1xx_hal_spi_ex.o(i.SPI_ISCRCErrorValid)
    i.SPI_WaitOnFlagUntilTimeout             0x0800399c   Section        0  stm32f1xx_hal_spi.o(i.SPI_WaitOnFlagUntilTimeout)
    SPI_WaitOnFlagUntilTimeout               0x0800399d   Thumb Code   158  stm32f1xx_hal_spi.o(i.SPI_WaitOnFlagUntilTimeout)
    i.Send                                   0x08003a3c   Section        0  spi_flashdriver.o(i.Send)
    i.SendBuf                                0x08003a5c   Section        0  spi_flashdriver.o(i.SendBuf)
    i.SetSS                                  0x08003a78   Section        0  spi_flashdriver.o(i.SetSS)
    i.Spi_Flash_read_byte                    0x08003a98   Section        0  spi_flashdriver.o(i.Spi_Flash_read_byte)
    i.Spi_Flash_read_word                    0x08003ad2   Section        0  spi_flashdriver.o(i.Spi_Flash_read_word)
    i.Spi_Flash_write_byte                   0x08003b14   Section        0  spi_flashdriver.o(i.Spi_Flash_write_byte)
    i.Spi_Flash_write_word                   0x08003b56   Section        0  spi_flashdriver.o(i.Spi_Flash_write_word)
    i.SysTick_Handler                        0x08003bb4   Section        0  main.o(i.SysTick_Handler)
    i.SystemClock_Config                     0x08003d7c   Section        0  main.o(i.SystemClock_Config)
    SystemClock_Config                       0x08003d7d   Thumb Code   112  main.o(i.SystemClock_Config)
    i.SystemInit                             0x08003dec   Section        0  system_stm32f1xx.o(i.SystemInit)
    i.UART3_SendString                       0x08003e34   Section        0  main.o(i.UART3_SendString)
    i.UART_Receive_IT                        0x08003e84   Section        0  stm32f1xx_hal_uart.o(i.UART_Receive_IT)
    UART_Receive_IT                          0x08003e85   Thumb Code   166  stm32f1xx_hal_uart.o(i.UART_Receive_IT)
    i.UART_SetConfig                         0x08003f2c   Section        0  stm32f1xx_hal_uart.o(i.UART_SetConfig)
    UART_SetConfig                           0x08003f2d   Thumb Code   220  stm32f1xx_hal_uart.o(i.UART_SetConfig)
    i.UART_Transmit_IT                       0x0800400c   Section        0  stm32f1xx_hal_uart.o(i.UART_Transmit_IT)
    UART_Transmit_IT                         0x0800400d   Thumb Code   102  stm32f1xx_hal_uart.o(i.UART_Transmit_IT)
    i.UART_WaitOnFlagUntilTimeout            0x08004072   Section        0  stm32f1xx_hal_uart.o(i.UART_WaitOnFlagUntilTimeout)
    UART_WaitOnFlagUntilTimeout              0x08004073   Thumb Code   146  stm32f1xx_hal_uart.o(i.UART_WaitOnFlagUntilTimeout)
    i.USART1_IRQHandler                      0x08004104   Section        0  main.o(i.USART1_IRQHandler)
    i.USART3_IRQHandler                      0x08004150   Section        0  main.o(i.USART3_IRQHandler)
    i.__0sprintf$6                           0x080041d4   Section        0  printf6.o(i.__0sprintf$6)
    i.__aeabi_errno_addr                     0x080041fc   Section        0  errno.o(i.__aeabi_errno_addr)
    i.__scatterload_copy                     0x08004204   Section       14  handlers.o(i.__scatterload_copy)
    i.__scatterload_null                     0x08004212   Section        2  handlers.o(i.__scatterload_null)
    i.__scatterload_zeroinit                 0x08004214   Section       14  handlers.o(i.__scatterload_zeroinit)
    i._printf_core                           0x08004224   Section        0  printf6.o(i._printf_core)
    _printf_core                             0x08004225   Thumb Code   748  printf6.o(i._printf_core)
    i._printf_post_padding                   0x08004514   Section        0  printf6.o(i._printf_post_padding)
    _printf_post_padding                     0x08004515   Thumb Code    36  printf6.o(i._printf_post_padding)
    i._printf_pre_padding                    0x08004538   Section        0  printf6.o(i._printf_pre_padding)
    _printf_pre_padding                      0x08004539   Thumb Code    46  printf6.o(i._printf_pre_padding)
    i._sputc                                 0x08004566   Section        0  printf6.o(i._sputc)
    _sputc                                   0x08004567   Thumb Code    10  printf6.o(i._sputc)
    i.chang_value                            0x08004570   Section        0  main.o(i.chang_value)
    i.chang_value_16                         0x080045e2   Section        0  main.o(i.chang_value_16)
    i.clac_crc                               0x0800465a   Section        0  modbus.o(i.clac_crc)
    i.deinitEverything                       0x08004690   Section        0  main.o(i.deinitEverything)
    i.main                                   0x08004724   Section        0  main.o(i.main)
    i.set_adr                                0x080052e2   Section        0  spi_flashdriver.o(i.set_adr)
    i.spi_in                                 0x08005304   Section        0  spi_flashdriver.o(i.spi_in)
    i.spi_out                                0x0800531c   Section        0  spi_flashdriver.o(i.spi_out)
    i.spi_write                              0x08005330   Section        0  spi_flashdriver.o(i.spi_write)
    .constdata                               0x08005388   Section       16  stm32f1xx_hal_rcc.o(.constdata)
    .constdata                               0x08005398   Section      129  ctype_o.o(.constdata)
    .constdata                               0x0800541c   Section        4  ctype_o.o(.constdata)
    table                                    0x0800541c   Data           4  ctype_o.o(.constdata)
    .data                                    0x20000000   Section      156  main.o(.data)
    meter2_counter                           0x20000064   Data           4  main.o(.data)
    .data                                    0x2000009c   Section        4  stm32f1xx_hal.o(.data)
    uwTick                                   0x2000009c   Data           4  stm32f1xx_hal.o(.data)
    .data                                    0x200000a0   Section        1  stm32f1xx_hal_spi_ex.o(.data)
    .data                                    0x200000a4   Section        4  system_stm32f1xx.o(.data)
    .data                                    0x200000a8   Section        4  strtok.o(.data)
    state                                    0x200000a8   Data           4  strtok.o(.data)
    .data                                    0x200000ac   Section        4  errno.o(.data)
    _errno                                   0x200000ac   Data           4  errno.o(.data)
    .bss                                     0x200000b0   Section     3852  main.o(.bss)
    STACK                                    0x20000fc0   Section     1024  startup_stm32f103xb.o(STACK)

    Global Symbols

    Symbol Name                              Value     Ov Type        Size  Object(Section)

    BuildAttributes$$THM_ISAv4$P$D$K$B$S$PE$A:L22UL41UL21$X:L11$S22US41US21$IEEE1$IW$USESV6$~STKCKD$USESV7$~SHL$OTIME$ROPI$IEEEX$EBA8$MICROLIB$REQ8$PRES8$EABIv2 0x00000000   Number         0  anon$$obj.o ABSOLUTE
    __ARM_use_no_argv                        0x00000000   Number         0  main.o ABSOLUTE
    _printf_a                                0x00000000   Number         0  stubs.o ABSOLUTE
    _printf_c                                0x00000000   Number         0  stubs.o ABSOLUTE
    _printf_charcount                        0x00000000   Number         0  stubs.o ABSOLUTE
    _printf_d                                0x00000000   Number         0  stubs.o ABSOLUTE
    _printf_e                                0x00000000   Number         0  stubs.o ABSOLUTE
    _printf_f                                0x00000000   Number         0  stubs.o ABSOLUTE
    _printf_flags                            0x00000000   Number         0  stubs.o ABSOLUTE
    _printf_fp_dec                           0x00000000   Number         0  stubs.o ABSOLUTE
    _printf_fp_hex                           0x00000000   Number         0  stubs.o ABSOLUTE
    _printf_g                                0x00000000   Number         0  stubs.o ABSOLUTE
    _printf_i                                0x00000000   Number         0  stubs.o ABSOLUTE
    _printf_int_dec                          0x00000000   Number         0  stubs.o ABSOLUTE
    _printf_l                                0x00000000   Number         0  stubs.o ABSOLUTE
    _printf_lc                               0x00000000   Number         0  stubs.o ABSOLUTE
    _printf_ll                               0x00000000   Number         0  stubs.o ABSOLUTE
    _printf_lld                              0x00000000   Number         0  stubs.o ABSOLUTE
    _printf_lli                              0x00000000   Number         0  stubs.o ABSOLUTE
    _printf_llo                              0x00000000   Number         0  stubs.o ABSOLUTE
    _printf_llu                              0x00000000   Number         0  stubs.o ABSOLUTE
    _printf_llx                              0x00000000   Number         0  stubs.o ABSOLUTE
    _printf_longlong_dec                     0x00000000   Number         0  stubs.o ABSOLUTE
    _printf_longlong_hex                     0x00000000   Number         0  stubs.o ABSOLUTE
    _printf_longlong_oct                     0x00000000   Number         0  stubs.o ABSOLUTE
    _printf_ls                               0x00000000   Number         0  stubs.o ABSOLUTE
    _printf_mbtowc                           0x00000000   Number         0  stubs.o ABSOLUTE
    _printf_n                                0x00000000   Number         0  stubs.o ABSOLUTE
    _printf_o                                0x00000000   Number         0  stubs.o ABSOLUTE
    _printf_p                                0x00000000   Number         0  stubs.o ABSOLUTE
    _printf_percent                          0x00000000   Number         0  stubs.o ABSOLUTE
    _printf_pre_padding                      0x00000000   Number         0  stubs.o ABSOLUTE
    _printf_return_value                     0x00000000   Number         0  stubs.o ABSOLUTE
    _printf_s                                0x00000000   Number         0  stubs.o ABSOLUTE
    _printf_sizespec                         0x00000000   Number         0  stubs.o ABSOLUTE
    _printf_str                              0x00000000   Number         0  stubs.o ABSOLUTE
    _printf_truncate_signed                  0x00000000   Number         0  stubs.o ABSOLUTE
    _printf_truncate_unsigned                0x00000000   Number         0  stubs.o ABSOLUTE
    _printf_u                                0x00000000   Number         0  stubs.o ABSOLUTE
    _printf_wc                               0x00000000   Number         0  stubs.o ABSOLUTE
    _printf_wctomb                           0x00000000   Number         0  stubs.o ABSOLUTE
    _printf_widthprec                        0x00000000   Number         0  stubs.o ABSOLUTE
    _printf_x                                0x00000000   Number         0  stubs.o ABSOLUTE
    __cpp_initialize__aeabi_                  - Undefined Weak Reference
    __cxa_finalize                            - Undefined Weak Reference
    __decompress                              - Undefined Weak Reference
    _clock_init                               - Undefined Weak Reference
    _microlib_exit                            - Undefined Weak Reference
    __Vectors_Size                           0x000000ec   Number         0  startup_stm32f103xb.o ABSOLUTE
    __Vectors                                0x08000000   Data           4  startup_stm32f103xb.o(RESET)
    __Vectors_End                            0x080000ec   Data           0  startup_stm32f103xb.o(RESET)
    __main                                   0x080000ed   Thumb Code     0  entry.o(.ARM.Collect$$$$00000000)
    _main_stk                                0x080000ed   Thumb Code     0  entry2.o(.ARM.Collect$$$$00000001)
    _main_scatterload                        0x080000f1   Thumb Code     0  entry5.o(.ARM.Collect$$$$00000004)
    __main_after_scatterload                 0x080000f5   Thumb Code     0  entry5.o(.ARM.Collect$$$$00000004)
    _main_clock                              0x080000f5   Thumb Code     0  entry7b.o(.ARM.Collect$$$$00000008)
    _main_cpp_init                           0x080000f5   Thumb Code     0  entry8b.o(.ARM.Collect$$$$0000000A)
    _main_init                               0x080000f5   Thumb Code     0  entry9a.o(.ARM.Collect$$$$0000000B)
    __rt_final_cpp                           0x080000fd   Thumb Code     0  entry10a.o(.ARM.Collect$$$$0000000D)
    __rt_final_exit                          0x080000fd   Thumb Code     0  entry11a.o(.ARM.Collect$$$$0000000F)
    Reset_Handler                            0x08000101   Thumb Code     8  startup_stm32f103xb.o(.text)
    NMI_Handler                              0x08000109   Thumb Code     2  startup_stm32f103xb.o(.text)
    HardFault_Handler                        0x0800010b   Thumb Code     2  startup_stm32f103xb.o(.text)
    MemManage_Handler                        0x0800010d   Thumb Code     2  startup_stm32f103xb.o(.text)
    BusFault_Handler                         0x0800010f   Thumb Code     2  startup_stm32f103xb.o(.text)
    UsageFault_Handler                       0x08000111   Thumb Code     2  startup_stm32f103xb.o(.text)
    SVC_Handler                              0x08000113   Thumb Code     2  startup_stm32f103xb.o(.text)
    DebugMon_Handler                         0x08000115   Thumb Code     2  startup_stm32f103xb.o(.text)
    PendSV_Handler                           0x08000117   Thumb Code     2  startup_stm32f103xb.o(.text)
    ADC1_2_IRQHandler                        0x0800011b   Thumb Code     0  startup_stm32f103xb.o(.text)
    CAN1_RX1_IRQHandler                      0x0800011b   Thumb Code     0  startup_stm32f103xb.o(.text)
    CAN1_SCE_IRQHandler                      0x0800011b   Thumb Code     0  startup_stm32f103xb.o(.text)
    DMA1_Channel1_IRQHandler                 0x0800011b   Thumb Code     0  startup_stm32f103xb.o(.text)
    DMA1_Channel2_IRQHandler                 0x0800011b   Thumb Code     0  startup_stm32f103xb.o(.text)
    DMA1_Channel3_IRQHandler                 0x0800011b   Thumb Code     0  startup_stm32f103xb.o(.text)
    DMA1_Channel4_IRQHandler                 0x0800011b   Thumb Code     0  startup_stm32f103xb.o(.text)
    DMA1_Channel5_IRQHandler                 0x0800011b   Thumb Code     0  startup_stm32f103xb.o(.text)
    DMA1_Channel6_IRQHandler                 0x0800011b   Thumb Code     0  startup_stm32f103xb.o(.text)
    DMA1_Channel7_IRQHandler                 0x0800011b   Thumb Code     0  startup_stm32f103xb.o(.text)
    EXTI0_IRQHandler                         0x0800011b   Thumb Code     0  startup_stm32f103xb.o(.text)
    EXTI15_10_IRQHandler                     0x0800011b   Thumb Code     0  startup_stm32f103xb.o(.text)
    EXTI1_IRQHandler                         0x0800011b   Thumb Code     0  startup_stm32f103xb.o(.text)
    EXTI2_IRQHandler                         0x0800011b   Thumb Code     0  startup_stm32f103xb.o(.text)
    EXTI3_IRQHandler                         0x0800011b   Thumb Code     0  startup_stm32f103xb.o(.text)
    EXTI4_IRQHandler                         0x0800011b   Thumb Code     0  startup_stm32f103xb.o(.text)
    EXTI9_5_IRQHandler                       0x0800011b   Thumb Code     0  startup_stm32f103xb.o(.text)
    FLASH_IRQHandler                         0x0800011b   Thumb Code     0  startup_stm32f103xb.o(.text)
    I2C1_ER_IRQHandler                       0x0800011b   Thumb Code     0  startup_stm32f103xb.o(.text)
    I2C1_EV_IRQHandler                       0x0800011b   Thumb Code     0  startup_stm32f103xb.o(.text)
    I2C2_ER_IRQHandler                       0x0800011b   Thumb Code     0  startup_stm32f103xb.o(.text)
    I2C2_EV_IRQHandler                       0x0800011b   Thumb Code     0  startup_stm32f103xb.o(.text)
    PVD_IRQHandler                           0x0800011b   Thumb Code     0  startup_stm32f103xb.o(.text)
    RCC_IRQHandler                           0x0800011b   Thumb Code     0  startup_stm32f103xb.o(.text)
    RTC_Alarm_IRQHandler                     0x0800011b   Thumb Code     0  startup_stm32f103xb.o(.text)
    RTC_IRQHandler                           0x0800011b   Thumb Code     0  startup_stm32f103xb.o(.text)
    SPI1_IRQHandler                          0x0800011b   Thumb Code     0  startup_stm32f103xb.o(.text)
    SPI2_IRQHandler                          0x0800011b   Thumb Code     0  startup_stm32f103xb.o(.text)
    TAMPER_IRQHandler                        0x0800011b   Thumb Code     0  startup_stm32f103xb.o(.text)
    TIM1_BRK_IRQHandler                      0x0800011b   Thumb Code     0  startup_stm32f103xb.o(.text)
    TIM1_CC_IRQHandler                       0x0800011b   Thumb Code     0  startup_stm32f103xb.o(.text)
    TIM1_TRG_COM_IRQHandler                  0x0800011b   Thumb Code     0  startup_stm32f103xb.o(.text)
    TIM1_UP_IRQHandler                       0x0800011b   Thumb Code     0  startup_stm32f103xb.o(.text)
    TIM2_IRQHandler                          0x0800011b   Thumb Code     0  startup_stm32f103xb.o(.text)
    TIM3_IRQHandler                          0x0800011b   Thumb Code     0  startup_stm32f103xb.o(.text)
    TIM4_IRQHandler                          0x0800011b   Thumb Code     0  startup_stm32f103xb.o(.text)
    USART2_IRQHandler                        0x0800011b   Thumb Code     0  startup_stm32f103xb.o(.text)
    USBWakeUp_IRQHandler                     0x0800011b   Thumb Code     0  startup_stm32f103xb.o(.text)
    USB_HP_CAN1_TX_IRQHandler                0x0800011b   Thumb Code     0  startup_stm32f103xb.o(.text)
    USB_LP_CAN1_RX0_IRQHandler               0x0800011b   Thumb Code     0  startup_stm32f103xb.o(.text)
    WWDG_IRQHandler                          0x0800011b   Thumb Code     0  startup_stm32f103xb.o(.text)
    __aeabi_llsr                             0x08000125   Thumb Code    32  llushr.o(.text)
    _ll_ushift_r                             0x08000125   Thumb Code     0  llushr.o(.text)
    strcat                                   0x08000145   Thumb Code    24  strcat.o(.text)
    strstr                                   0x0800015d   Thumb Code    36  strstr.o(.text)
    strncpy                                  0x08000181   Thumb Code    24  strncpy.o(.text)
    strlen                                   0x08000199   Thumb Code    14  strlen.o(.text)
    strcpy                                   0x080001a7   Thumb Code    18  strcpy.o(.text)
    strtok                                   0x080001b9   Thumb Code    62  strtok.o(.text)
    atoi                                     0x080001fd   Thumb Code    26  atoi.o(.text)
    __aeabi_dadd                             0x08000217   Thumb Code   322  dadd.o(.text)
    __aeabi_dsub                             0x08000359   Thumb Code     6  dadd.o(.text)
    __aeabi_drsub                            0x0800035f   Thumb Code     6  dadd.o(.text)
    __aeabi_ddiv                             0x08000365   Thumb Code   222  ddiv.o(.text)
    __aeabi_ui2f                             0x08000443   Thumb Code    10  ffltui.o(.text)
    __aeabi_ui2d                             0x0800044d   Thumb Code    26  dfltui.o(.text)
    __aeabi_f2uiz                            0x08000467   Thumb Code    40  ffixui.o(.text)
    __aeabi_d2uiz                            0x0800048f   Thumb Code    50  dfixui.o(.text)
    __aeabi_uidiv                            0x080004c1   Thumb Code     0  uidiv.o(.text)
    __aeabi_uidivmod                         0x080004c1   Thumb Code    44  uidiv.o(.text)
    __aeabi_llsl                             0x080004ed   Thumb Code    30  llshl.o(.text)
    _ll_shift_l                              0x080004ed   Thumb Code     0  llshl.o(.text)
    __aeabi_lasr                             0x0800050b   Thumb Code    36  llsshr.o(.text)
    _ll_sshift_r                             0x0800050b   Thumb Code     0  llsshr.o(.text)
    strtol                                   0x0800052f   Thumb Code   112  strtol.o(.text)
    __I$use$fp                               0x0800059f   Thumb Code     0  iusefp.o(.text)
    _float_round                             0x0800059f   Thumb Code    18  fepilogue.o(.text)
    _float_epilogue                          0x080005b1   Thumb Code    92  fepilogue.o(.text)
    _double_round                            0x0800060d   Thumb Code    30  depilogue.o(.text)
    _double_epilogue                         0x0800062b   Thumb Code   156  depilogue.o(.text)
    __scatterload                            0x080006c9   Thumb Code    28  init.o(.text)
    __scatterload_rt2                        0x080006c9   Thumb Code     0  init.o(.text)
    __rt_ctype_table                         0x080006ed   Thumb Code     4  ctype_o.o(.text)
    _strtoul                                 0x080006f5   Thumb Code   158  _strtoul.o(.text)
    _chval                                   0x08000793   Thumb Code    28  _chval.o(.text)
    ADC_ConversionStop_Disable               0x080007af   Thumb Code    74  stm32f1xx_hal_adc.o(i.ADC_ConversionStop_Disable)
    ADC_Enable                               0x080007f9   Thumb Code   102  stm32f1xx_hal_adc.o(i.ADC_Enable)
    Delay                                    0x08000869   Thumb Code    20  modbus.o(i.Delay)
    GetTemperature                           0x0800087d   Thumb Code   114  main.o(i.GetTemperature)
    HAL_ADC_ConfigChannel                    0x08000919   Thumb Code   346  stm32f1xx_hal_adc.o(i.HAL_ADC_ConfigChannel)
    HAL_ADC_DeInit                           0x08000a81   Thumb Code   220  stm32f1xx_hal_adc.o(i.HAL_ADC_DeInit)
    HAL_ADC_GetValue                         0x08000b65   Thumb Code     6  stm32f1xx_hal_adc.o(i.HAL_ADC_GetValue)
    HAL_ADC_Init                             0x08000b6d   Thumb Code   294  stm32f1xx_hal_adc.o(i.HAL_ADC_Init)
    HAL_ADC_MspDeInit                        0x08000c9d   Thumb Code    56  stm32f1xx_hal_msp.o(i.HAL_ADC_MspDeInit)
    HAL_ADC_MspInit                          0x08000ce9   Thumb Code    88  stm32f1xx_hal_msp.o(i.HAL_ADC_MspInit)
    HAL_ADC_PollForConversion                0x08000d55   Thumb Code   290  stm32f1xx_hal_adc.o(i.HAL_ADC_PollForConversion)
    HAL_ADC_Start                            0x08000e85   Thumb Code   184  stm32f1xx_hal_adc.o(i.HAL_ADC_Start)
    HAL_ADC_Stop                             0x08000f45   Thumb Code    52  stm32f1xx_hal_adc.o(i.HAL_ADC_Stop)
    HAL_DeInit                               0x08000f79   Thumb Code    26  stm32f1xx_hal.o(i.HAL_DeInit)
    HAL_Delay                                0x08000f99   Thumb Code    22  stm32f1xx_hal.o(i.HAL_Delay)
    HAL_GPIO_DeInit                          0x08000fb1   Thumb Code   204  stm32f1xx_hal_gpio.o(i.HAL_GPIO_DeInit)
    HAL_GPIO_Init                            0x08001095   Thumb Code   422  stm32f1xx_hal_gpio.o(i.HAL_GPIO_Init)
    HAL_GPIO_ReadPin                         0x0800125d   Thumb Code    10  stm32f1xx_hal_gpio.o(i.HAL_GPIO_ReadPin)
    HAL_GPIO_WritePin                        0x08001267   Thumb Code    10  stm32f1xx_hal_gpio.o(i.HAL_GPIO_WritePin)
    HAL_GetTick                              0x08001271   Thumb Code     6  stm32f1xx_hal.o(i.HAL_GetTick)
    HAL_IWDG_Init                            0x0800127d   Thumb Code    90  stm32f1xx_hal_iwdg.o(i.HAL_IWDG_Init)
    HAL_IWDG_MspInit                         0x080012d7   Thumb Code     2  stm32f1xx_hal_msp.o(i.HAL_IWDG_MspInit)
    HAL_IncTick                              0x080012d9   Thumb Code    10  stm32f1xx_hal.o(i.HAL_IncTick)
    HAL_Init                                 0x080012e9   Thumb Code    32  stm32f1xx_hal.o(i.HAL_Init)
    HAL_InitTick                             0x0800130d   Thumb Code    34  stm32f1xx_hal.o(i.HAL_InitTick)
    HAL_MspDeInit                            0x0800132f   Thumb Code     2  stm32f1xx_hal.o(i.HAL_MspDeInit)
    HAL_MspInit                              0x08001331   Thumb Code    98  stm32f1xx_hal_msp.o(i.HAL_MspInit)
    HAL_NVIC_DisableIRQ                      0x0800139d   Thumb Code    22  stm32f1xx_hal_cortex.o(i.HAL_NVIC_DisableIRQ)
    HAL_NVIC_EnableIRQ                       0x080013b3   Thumb Code    22  stm32f1xx_hal_cortex.o(i.HAL_NVIC_EnableIRQ)
    HAL_NVIC_SetPriority                     0x080013c9   Thumb Code    60  stm32f1xx_hal_cortex.o(i.HAL_NVIC_SetPriority)
    HAL_NVIC_SetPriorityGrouping             0x08001409   Thumb Code    26  stm32f1xx_hal_cortex.o(i.HAL_NVIC_SetPriorityGrouping)
    HAL_NVIC_SystemReset                     0x0800142d   Thumb Code    26  stm32f1xx_hal_cortex.o(i.HAL_NVIC_SystemReset)
    HAL_RCCEx_GetPeriphCLKFreq               0x08001451   Thumb Code   206  stm32f1xx_hal_rcc_ex.o(i.HAL_RCCEx_GetPeriphCLKFreq)
    HAL_RCCEx_PeriphCLKConfig                0x08001541   Thumb Code   284  stm32f1xx_hal_rcc_ex.o(i.HAL_RCCEx_PeriphCLKConfig)
    HAL_RCC_ClockConfig                      0x08001669   Thumb Code   604  stm32f1xx_hal_rcc.o(i.HAL_RCC_ClockConfig)
    HAL_RCC_DeInit                           0x080018cd   Thumb Code    60  stm32f1xx_hal_rcc.o(i.HAL_RCC_DeInit)
    HAL_RCC_GetHCLKFreq                      0x08001911   Thumb Code    38  stm32f1xx_hal_rcc.o(i.HAL_RCC_GetHCLKFreq)
    HAL_RCC_GetPCLK1Freq                     0x08001945   Thumb Code    36  stm32f1xx_hal_rcc.o(i.HAL_RCC_GetPCLK1Freq)
    HAL_RCC_GetPCLK2Freq                     0x08001971   Thumb Code    36  stm32f1xx_hal_rcc.o(i.HAL_RCC_GetPCLK2Freq)
    HAL_RCC_GetSysClockFreq                  0x0800199d   Thumb Code   102  stm32f1xx_hal_rcc.o(i.HAL_RCC_GetSysClockFreq)
    HAL_RCC_OscConfig                        0x08001a25   Thumb Code  1616  stm32f1xx_hal_rcc.o(i.HAL_RCC_OscConfig)
    HAL_SPI_DeInit                           0x08002075   Thumb Code    46  stm32f1xx_hal_spi.o(i.HAL_SPI_DeInit)
    HAL_SPI_Init                             0x080020a5   Thumb Code   132  stm32f1xx_hal_spi_ex.o(i.HAL_SPI_Init)
    HAL_SPI_MspDeInit                        0x0800212d   Thumb Code    48  stm32f1xx_hal_msp.o(i.HAL_SPI_MspDeInit)
    HAL_SPI_MspInit                          0x0800216d   Thumb Code   124  stm32f1xx_hal_msp.o(i.HAL_SPI_MspInit)
    HAL_SPI_Receive                          0x080021fd   Thumb Code   492  stm32f1xx_hal_spi.o(i.HAL_SPI_Receive)
    HAL_SPI_Transmit                         0x080023e9   Thumb Code   326  stm32f1xx_hal_spi.o(i.HAL_SPI_Transmit)
    HAL_SPI_TransmitReceive                  0x0800252f   Thumb Code   690  stm32f1xx_hal_spi.o(i.HAL_SPI_TransmitReceive)
    HAL_SYSTICK_CLKSourceConfig              0x080027e1   Thumb Code    24  stm32f1xx_hal_cortex.o(i.HAL_SYSTICK_CLKSourceConfig)
    HAL_SYSTICK_Callback                     0x080027f9   Thumb Code     2  stm32f1xx_hal_cortex.o(i.HAL_SYSTICK_Callback)
    HAL_SYSTICK_Config                       0x080027fb   Thumb Code    40  stm32f1xx_hal_cortex.o(i.HAL_SYSTICK_Config)
    HAL_SYSTICK_IRQHandler                   0x08002823   Thumb Code     8  stm32f1xx_hal_cortex.o(i.HAL_SYSTICK_IRQHandler)
    HAL_UART_DeInit                          0x0800282b   Thumb Code    60  stm32f1xx_hal_uart.o(i.HAL_UART_DeInit)
    HAL_UART_ErrorCallback                   0x08002867   Thumb Code     2  stm32f1xx_hal_uart.o(i.HAL_UART_ErrorCallback)
    HAL_UART_IRQHandler                      0x08002869   Thumb Code   242  stm32f1xx_hal_uart.o(i.HAL_UART_IRQHandler)
    HAL_UART_Init                            0x0800295b   Thumb Code    94  stm32f1xx_hal_uart.o(i.HAL_UART_Init)
    HAL_UART_MspDeInit                       0x080029b9   Thumb Code    92  stm32f1xx_hal_msp.o(i.HAL_UART_MspDeInit)
    HAL_UART_MspInit                         0x08002a2d   Thumb Code   238  stm32f1xx_hal_msp.o(i.HAL_UART_MspInit)
    HAL_UART_Receive_IT                      0x08002b39   Thumb Code   104  stm32f1xx_hal_uart.o(i.HAL_UART_Receive_IT)
    HAL_UART_RxCpltCallback                  0x08002ba1   Thumb Code     2  stm32f1xx_hal_uart.o(i.HAL_UART_RxCpltCallback)
    HAL_UART_Transmit                        0x08002ba3   Thumb Code   200  stm32f1xx_hal_uart.o(i.HAL_UART_Transmit)
    HAL_UART_TxCpltCallback                  0x08002c6b   Thumb Code     2  stm32f1xx_hal_uart.o(i.HAL_UART_TxCpltCallback)
    Led_com                                  0x08002c6d   Thumb Code    56  main.o(i.Led_com)
    Led_os1                                  0x08002cb1   Thumb Code    56  main.o(i.Led_os1)
    Led_os2                                  0x08002cf5   Thumb Code    56  main.o(i.Led_os2)
    Led_os3                                  0x08002d39   Thumb Code    56  main.o(i.Led_os3)
    Led_os4                                  0x08002d7d   Thumb Code    56  main.o(i.Led_os4)
    Led_pmr                                  0x08002dc1   Thumb Code    56  main.o(i.Led_pmr)
    Make_serial_number                       0x08002fe5   Thumb Code   220  main.o(i.Make_serial_number)
    Modbus_Read_Register_responce            0x080030d9   Thumb Code   128  modbus.o(i.Modbus_Read_Register_responce)
    Modbus_Write_Register_responce           0x08003165   Thumb Code    98  modbus.o(i.Modbus_Write_Register_responce)
    Proces_rcv_string                        0x080031f1   Thumb Code   414  main.o(i.Proces_rcv_string)
    Radio_config                             0x080033b5   Thumb Code   122  main.o(i.Radio_config)
    Read_config                              0x08003439   Thumb Code   418  main.o(i.Read_config)
    RecBuf                                   0x080035e5   Thumb Code    26  spi_flashdriver.o(i.RecBuf)
    Relay_trig                               0x08003601   Thumb Code   326  main.o(i.Relay_trig)
    Restor_default                           0x08003759   Thumb Code   566  main.o(i.Restor_default)
    SPI_ISCRCErrorValid                      0x08003999   Thumb Code     4  stm32f1xx_hal_spi_ex.o(i.SPI_ISCRCErrorValid)
    Send                                     0x08003a3d   Thumb Code    26  spi_flashdriver.o(i.Send)
    SendBuf                                  0x08003a5d   Thumb Code    26  spi_flashdriver.o(i.SendBuf)
    SetSS                                    0x08003a79   Thumb Code    26  spi_flashdriver.o(i.SetSS)
    Spi_Flash_read_byte                      0x08003a99   Thumb Code    58  spi_flashdriver.o(i.Spi_Flash_read_byte)
    Spi_Flash_read_word                      0x08003ad3   Thumb Code    66  spi_flashdriver.o(i.Spi_Flash_read_word)
    Spi_Flash_write_byte                     0x08003b15   Thumb Code    66  spi_flashdriver.o(i.Spi_Flash_write_byte)
    Spi_Flash_write_word                     0x08003b57   Thumb Code    94  spi_flashdriver.o(i.Spi_Flash_write_word)
    SysTick_Handler                          0x08003bb5   Thumb Code   432  main.o(i.SysTick_Handler)
    SystemInit                               0x08003ded   Thumb Code    56  system_stm32f1xx.o(i.SystemInit)
    UART3_SendString                         0x08003e35   Thumb Code    72  main.o(i.UART3_SendString)
    USART1_IRQHandler                        0x08004105   Thumb Code    64  main.o(i.USART1_IRQHandler)
    USART3_IRQHandler                        0x08004151   Thumb Code   114  main.o(i.USART3_IRQHandler)
    __0sprintf$6                             0x080041d5   Thumb Code    34  printf6.o(i.__0sprintf$6)
    __1sprintf$6                             0x080041d5   Thumb Code     0  printf6.o(i.__0sprintf$6)
    __2sprintf                               0x080041d5   Thumb Code     0  printf6.o(i.__0sprintf$6)
    __aeabi_errno_addr                       0x080041fd   Thumb Code     4  errno.o(i.__aeabi_errno_addr)
    __rt_errno_addr                          0x080041fd   Thumb Code     0  errno.o(i.__aeabi_errno_addr)
    __scatterload_copy                       0x08004205   Thumb Code    14  handlers.o(i.__scatterload_copy)
    __scatterload_null                       0x08004213   Thumb Code     2  handlers.o(i.__scatterload_null)
    __scatterload_zeroinit                   0x08004215   Thumb Code    14  handlers.o(i.__scatterload_zeroinit)
    chang_value                              0x08004571   Thumb Code   114  main.o(i.chang_value)
    chang_value_16                           0x080045e3   Thumb Code   120  main.o(i.chang_value_16)
    clac_crc                                 0x0800465b   Thumb Code    54  modbus.o(i.clac_crc)
    deinitEverything                         0x08004691   Thumb Code   124  main.o(i.deinitEverything)
    main                                     0x08004725   Thumb Code  3006  main.o(i.main)
    set_adr                                  0x080052e3   Thumb Code    34  spi_flashdriver.o(i.set_adr)
    spi_in                                   0x08005305   Thumb Code    20  spi_flashdriver.o(i.spi_in)
    spi_out                                  0x0800531d   Thumb Code    16  spi_flashdriver.o(i.spi_out)
    spi_write                                0x08005331   Thumb Code    88  spi_flashdriver.o(i.spi_write)
    aAPBAHBPrescTable                        0x08005388   Data          16  stm32f1xx_hal_rcc.o(.constdata)
    __ctype_table                            0x08005398   Data         129  ctype_o.o(.constdata)
    Region$$Table$$Base                      0x08005420   Number         0  anon$$obj.o(Region$$Table)
    Region$$Table$$Limit                     0x08005440   Number         0  anon$$obj.o(Region$$Table)
    reset_meter                              0x20000000   Data           1  main.o(.data)
    adc_swich                                0x20000001   Data           1  main.o(.data)
    faul_meter_counter                       0x20000002   Data           1  main.o(.data)
    General_status                           0x20000003   Data           1  main.o(.data)
    Relay1_last_state                        0x20000004   Data           1  main.o(.data)
    Relay2_last_state                        0x20000005   Data           1  main.o(.data)
    Relay3_last_state                        0x20000006   Data           1  main.o(.data)
    Relay4_last_state                        0x20000007   Data           1  main.o(.data)
    flag_s                                   0x20000008   Data           1  main.o(.data)
    Read_temperture_flag                     0x20000009   Data           1  main.o(.data)
    Check_error_flag                         0x2000000a   Data           1  main.o(.data)
    read_meter_flag                          0x2000000b   Data           1  main.o(.data)
    read_meter_flag2                         0x2000000c   Data           1  main.o(.data)
    read_meter_counter                       0x2000000d   Data           1  main.o(.data)
    meter_count                              0x2000000e   Data           1  main.o(.data)
    relay_flag                               0x2000000f   Data           1  main.o(.data)
    Read_voltage_flag                        0x20000010   Data           1  main.o(.data)
    Password_reset_timer                     0x20000011   Data           1  main.o(.data)
    Num_data_485                             0x20000012   Data           1  main.o(.data)
    Rcv_complate_flag_485                    0x20000013   Data           1  main.o(.data)
    Rcv_chksum                               0x20000014   Data           1  main.o(.data)
    My_bcc                                   0x20000015   Data           1  main.o(.data)
    My_address                               0x20000016   Data           1  main.o(.data)
    Recive_data_flag                         0x20000017   Data           1  main.o(.data)
    Rx_data2                                 0x20000018   Data           1  main.o(.data)
    Temperture_status_level                  0x20000019   Data           1  main.o(.data)
    Relay_1_release                          0x2000001a   Data           1  main.o(.data)
    Relay_2_release                          0x2000001b   Data           1  main.o(.data)
    Relay_3_release                          0x2000001c   Data           1  main.o(.data)
    Relay_4_release                          0x2000001d   Data           1  main.o(.data)
    temp                                     0x2000001e   Data           1  main.o(.data)
    s1                                       0x20000020   Data           2  main.o(.data)
    Rcv_counter_485                          0x20000022   Data           2  main.o(.data)
    A                                        0x20000024   Data           2  main.o(.data)
    B                                        0x20000026   Data           2  main.o(.data)
    Rx_data                                  0x20000028   Data           2  main.o(.data)
    my_crc                                   0x2000002a   Data           2  main.o(.data)
    rcv_crc                                  0x2000002c   Data           2  main.o(.data)
    b_cnt                                    0x2000002e   Data           2  main.o(.data)
    in                                       0x20000030   Data           2  main.o(.data)
    Modbus_rcv_StartAddress                  0x20000032   Data           2  main.o(.data)
    Modbus_rcv_NumRegister                   0x20000034   Data           2  main.o(.data)
    Temperture                               0x20000036   Data           2  main.o(.data)
    F_version                                0x20000038   Data           2  main.o(.data)
    Password                                 0x2000003a   Data           2  main.o(.data)
    V_temp                                   0x2000003c   Data           2  main.o(.data)
    D_temp                                   0x2000003e   Data           2  main.o(.data)
    R_temp                                   0x20000040   Data           2  main.o(.data)
    R_temp2                                  0x20000042   Data           2  main.o(.data)
    Im                                       0x20000044   Data           2  main.o(.data)
    Register_last_value                      0x20000046   Data           2  main.o(.data)
    i                                        0x20000048   Data           2  main.o(.data)
    j                                        0x2000004a   Data           2  main.o(.data)
    l                                        0x2000004c   Data           2  main.o(.data)
    k                                        0x2000004e   Data           2  main.o(.data)
    d                                        0x20000050   Data           2  main.o(.data)
    v                                        0x20000052   Data           2  main.o(.data)
    c                                        0x20000054   Data           2  main.o(.data)
    led_command                              0x20000056   Data           2  main.o(.data)
    temp_adc                                 0x20000058   Data           4  main.o(.data)
    adc_value                                0x2000005c   Data           4  main.o(.data)
    ii                                       0x20000060   Data           4  main.o(.data)
    deb_volt                                 0x20000068   Data           4  main.o(.data)
    max_voltage                              0x2000006c   Data           4  main.o(.data)
    min_voltage                              0x20000070   Data           4  main.o(.data)
    token                                    0x20000074   Data           4  main.o(.data)
    Relay_status                             0x20000078   Data           5  main.o(.data)
    Status_pm                                0x2000007d   Data           5  main.o(.data)
    Relay_Previce_state                      0x20000082   Data           5  main.o(.data)
    Power_meter_status                       0x20000087   Data           5  main.o(.data)
    mux                                      0x2000008c   Data          16  main.o(.data)
    uCRCErrorWorkaroundCheck                 0x200000a0   Data           1  stm32f1xx_hal_spi_ex.o(.data)
    SystemCoreClock                          0x200000a4   Data           4  system_stm32f1xx.o(.data)
    hadc1                                    0x200000b0   Data          48  main.o(.bss)
    hadc2                                    0x200000e0   Data          48  main.o(.bss)
    hiwdg                                    0x20000110   Data          16  main.o(.bss)
    hspi1                                    0x20000120   Data          88  main.o(.bss)
    hspi2                                    0x20000178   Data          88  main.o(.bss)
    huart1                                   0x200001d0   Data          64  main.o(.bss)
    huart2                                   0x20000210   Data          64  main.o(.bss)
    huart3                                   0x20000250   Data          64  main.o(.bss)
    Meter_id                                 0x20000290   Data         300  main.o(.bss)
    channels_Voltage                         0x200003bc   Data          16  main.o(.bss)
    channels_adc                             0x200003cc   Data          16  main.o(.bss)
    Voltage_value_meter                      0x200003dc   Data          10  main.o(.bss)
    Rcv_array_485                            0x200003e6   Data        1501  main.o(.bss)
    Serial1_RCV                              0x200009c4   Data         106  main.o(.bss)
    Modbus_buffer                            0x20000a2e   Data         500  main.o(.bss)
    r1                                       0x20000c22   Data          10  main.o(.bss)
    temp_str                                 0x20000c2c   Data          10  main.o(.bss)
    rcv_string                               0x20000c36   Data         800  main.o(.bss)
    str_temp                                 0x20000f56   Data          50  main.o(.bss)
    str_temp2                                0x20000f88   Data          30  main.o(.bss)
    Current_value                            0x20000fa8   Data          20  main.o(.bss)
    __initial_sp                             0x200013c0   Data           0  startup_stm32f103xb.o(STACK)



==============================================================================

Memory Map of the image

  Image Entry point : 0x080000ed

  Load Region LR_IROM1 (Base: 0x08000000, Size: 0x000054f0, Max: 0x00010000, ABSOLUTE)

    Execution Region ER_IROM1 (Exec base: 0x08000000, Load base: 0x08000000, Size: 0x00005440, Max: 0x00010000, ABSOLUTE)

    Exec Addr    Load Addr    Size         Type   Attr      Idx    E Section Name        Object

    0x08000000   0x08000000   0x000000ec   Data   RO            3    RESET               startup_stm32f103xb.o
    0x080000ec   0x080000ec   0x00000000   Code   RO         2427  * .ARM.Collect$$$$00000000  mc_w.l(entry.o)
    0x080000ec   0x080000ec   0x00000004   Code   RO         2750    .ARM.Collect$$$$00000001  mc_w.l(entry2.o)
    0x080000f0   0x080000f0   0x00000004   Code   RO         2753    .ARM.Collect$$$$00000004  mc_w.l(entry5.o)
    0x080000f4   0x080000f4   0x00000000   Code   RO         2755    .ARM.Collect$$$$00000008  mc_w.l(entry7b.o)
    0x080000f4   0x080000f4   0x00000000   Code   RO         2757    .ARM.Collect$$$$0000000A  mc_w.l(entry8b.o)
    0x080000f4   0x080000f4   0x00000008   Code   RO         2758    .ARM.Collect$$$$0000000B  mc_w.l(entry9a.o)
    0x080000fc   0x080000fc   0x00000000   Code   RO         2760    .ARM.Collect$$$$0000000D  mc_w.l(entry10a.o)
    0x080000fc   0x080000fc   0x00000000   Code   RO         2762    .ARM.Collect$$$$0000000F  mc_w.l(entry11a.o)
    0x080000fc   0x080000fc   0x00000004   Code   RO         2751    .ARM.Collect$$$$00002712  mc_w.l(entry2.o)
    0x08000100   0x08000100   0x00000024   Code   RO            4    .text               startup_stm32f103xb.o
    0x08000124   0x08000124   0x00000020   Code   RO         2430    .text               mc_w.l(llushr.o)
    0x08000144   0x08000144   0x00000018   Code   RO         2432    .text               mc_w.l(strcat.o)
    0x0800015c   0x0800015c   0x00000024   Code   RO         2434    .text               mc_w.l(strstr.o)
    0x08000180   0x08000180   0x00000018   Code   RO         2436    .text               mc_w.l(strncpy.o)
    0x08000198   0x08000198   0x0000000e   Code   RO         2438    .text               mc_w.l(strlen.o)
    0x080001a6   0x080001a6   0x00000012   Code   RO         2440    .text               mc_w.l(strcpy.o)
    0x080001b8   0x080001b8   0x00000044   Code   RO         2442    .text               mc_w.l(strtok.o)
    0x080001fc   0x080001fc   0x0000001a   Code   RO         2709    .text               mc_w.l(atoi.o)
    0x08000216   0x08000216   0x0000014e   Code   RO         2711    .text               mf_w.l(dadd.o)
    0x08000364   0x08000364   0x000000de   Code   RO         2713    .text               mf_w.l(ddiv.o)
    0x08000442   0x08000442   0x0000000a   Code   RO         2715    .text               mf_w.l(ffltui.o)
    0x0800044c   0x0800044c   0x0000001a   Code   RO         2717    .text               mf_w.l(dfltui.o)
    0x08000466   0x08000466   0x00000028   Code   RO         2719    .text               mf_w.l(ffixui.o)
    0x0800048e   0x0800048e   0x00000032   Code   RO         2721    .text               mf_w.l(dfixui.o)
    0x080004c0   0x080004c0   0x0000002c   Code   RO         2767    .text               mc_w.l(uidiv.o)
    0x080004ec   0x080004ec   0x0000001e   Code   RO         2771    .text               mc_w.l(llshl.o)
    0x0800050a   0x0800050a   0x00000024   Code   RO         2773    .text               mc_w.l(llsshr.o)
    0x0800052e   0x0800052e   0x00000070   Code   RO         2782    .text               mc_w.l(strtol.o)
    0x0800059e   0x0800059e   0x00000000   Code   RO         2784    .text               mc_w.l(iusefp.o)
    0x0800059e   0x0800059e   0x0000006e   Code   RO         2785    .text               mf_w.l(fepilogue.o)
    0x0800060c   0x0800060c   0x000000ba   Code   RO         2787    .text               mf_w.l(depilogue.o)
    0x080006c6   0x080006c6   0x00000002   PAD
    0x080006c8   0x080006c8   0x00000024   Code   RO         2799    .text               mc_w.l(init.o)
    0x080006ec   0x080006ec   0x00000008   Code   RO         2802    .text               mc_w.l(ctype_o.o)
    0x080006f4   0x080006f4   0x0000009e   Code   RO         2830    .text               mc_w.l(_strtoul.o)
    0x08000792   0x08000792   0x0000001c   Code   RO         2837    .text               mc_w.l(_chval.o)
    0x080007ae   0x080007ae   0x0000004a   Code   RO          581    i.ADC_ConversionStop_Disable  stm32f1xx_hal_adc.o
    0x080007f8   0x080007f8   0x00000070   Code   RO          585    i.ADC_Enable        stm32f1xx_hal_adc.o
    0x08000868   0x08000868   0x00000014   Code   RO         2233    i.Delay             modbus.o
    0x0800087c   0x0800087c   0x0000009c   Code   RO           13    i.GetTemperature    main.o
    0x08000918   0x08000918   0x00000168   Code   RO          587    i.HAL_ADC_ConfigChannel  stm32f1xx_hal_adc.o
    0x08000a80   0x08000a80   0x000000e4   Code   RO          590    i.HAL_ADC_DeInit    stm32f1xx_hal_adc.o
    0x08000b64   0x08000b64   0x00000006   Code   RO          594    i.HAL_ADC_GetValue  stm32f1xx_hal_adc.o
    0x08000b6a   0x08000b6a   0x00000002   PAD
    0x08000b6c   0x08000b6c   0x00000130   Code   RO          596    i.HAL_ADC_Init      stm32f1xx_hal_adc.o
    0x08000c9c   0x08000c9c   0x0000004c   Code   RO          413    i.HAL_ADC_MspDeInit  stm32f1xx_hal_msp.o
    0x08000ce8   0x08000ce8   0x0000006c   Code   RO          414    i.HAL_ADC_MspInit   stm32f1xx_hal_msp.o
    0x08000d54   0x08000d54   0x00000130   Code   RO          600    i.HAL_ADC_PollForConversion  stm32f1xx_hal_adc.o
    0x08000e84   0x08000e84   0x000000c0   Code   RO          602    i.HAL_ADC_Start     stm32f1xx_hal_adc.o
    0x08000f44   0x08000f44   0x00000034   Code   RO          605    i.HAL_ADC_Stop      stm32f1xx_hal_adc.o
    0x08000f78   0x08000f78   0x00000020   Code   RO         1263    i.HAL_DeInit        stm32f1xx_hal.o
    0x08000f98   0x08000f98   0x00000016   Code   RO         1264    i.HAL_Delay         stm32f1xx_hal.o
    0x08000fae   0x08000fae   0x00000002   PAD
    0x08000fb0   0x08000fb0   0x000000e4   Code   RO          479    i.HAL_GPIO_DeInit   stm32f1xx_hal_gpio.o
    0x08001094   0x08001094   0x000001c8   Code   RO          482    i.HAL_GPIO_Init     stm32f1xx_hal_gpio.o
    0x0800125c   0x0800125c   0x0000000a   Code   RO          484    i.HAL_GPIO_ReadPin  stm32f1xx_hal_gpio.o
    0x08001266   0x08001266   0x0000000a   Code   RO          486    i.HAL_GPIO_WritePin  stm32f1xx_hal_gpio.o
    0x08001270   0x08001270   0x0000000c   Code   RO         1268    i.HAL_GetTick       stm32f1xx_hal.o
    0x0800127c   0x0800127c   0x0000005a   Code   RO         1634    i.HAL_IWDG_Init     stm32f1xx_hal_iwdg.o
    0x080012d6   0x080012d6   0x00000002   Code   RO          415    i.HAL_IWDG_MspInit  stm32f1xx_hal_msp.o
    0x080012d8   0x080012d8   0x00000010   Code   RO         1269    i.HAL_IncTick       stm32f1xx_hal.o
    0x080012e8   0x080012e8   0x00000024   Code   RO         1270    i.HAL_Init          stm32f1xx_hal.o
    0x0800130c   0x0800130c   0x00000022   Code   RO         1271    i.HAL_InitTick      stm32f1xx_hal.o
    0x0800132e   0x0800132e   0x00000002   Code   RO         1272    i.HAL_MspDeInit     stm32f1xx_hal.o
    0x08001330   0x08001330   0x0000006c   Code   RO          416    i.HAL_MspInit       stm32f1xx_hal_msp.o
    0x0800139c   0x0800139c   0x00000016   Code   RO         1392    i.HAL_NVIC_DisableIRQ  stm32f1xx_hal_cortex.o
    0x080013b2   0x080013b2   0x00000016   Code   RO         1393    i.HAL_NVIC_EnableIRQ  stm32f1xx_hal_cortex.o
    0x080013c8   0x080013c8   0x00000040   Code   RO         1399    i.HAL_NVIC_SetPriority  stm32f1xx_hal_cortex.o
    0x08001408   0x08001408   0x00000024   Code   RO         1400    i.HAL_NVIC_SetPriorityGrouping  stm32f1xx_hal_cortex.o
    0x0800142c   0x0800142c   0x00000024   Code   RO         1401    i.HAL_NVIC_SystemReset  stm32f1xx_hal_cortex.o
    0x08001450   0x08001450   0x000000f0   Code   RO         1040    i.HAL_RCCEx_GetPeriphCLKFreq  stm32f1xx_hal_rcc_ex.o
    0x08001540   0x08001540   0x00000128   Code   RO         1041    i.HAL_RCCEx_PeriphCLKConfig  stm32f1xx_hal_rcc_ex.o
    0x08001668   0x08001668   0x00000264   Code   RO          935    i.HAL_RCC_ClockConfig  stm32f1xx_hal_rcc.o
    0x080018cc   0x080018cc   0x00000044   Code   RO          936    i.HAL_RCC_DeInit    stm32f1xx_hal_rcc.o
    0x08001910   0x08001910   0x00000034   Code   RO          940    i.HAL_RCC_GetHCLKFreq  stm32f1xx_hal_rcc.o
    0x08001944   0x08001944   0x0000002c   Code   RO          942    i.HAL_RCC_GetPCLK1Freq  stm32f1xx_hal_rcc.o
    0x08001970   0x08001970   0x0000002c   Code   RO          943    i.HAL_RCC_GetPCLK2Freq  stm32f1xx_hal_rcc.o
    0x0800199c   0x0800199c   0x00000088   Code   RO          944    i.HAL_RCC_GetSysClockFreq  stm32f1xx_hal_rcc.o
    0x08001a24   0x08001a24   0x00000650   Code   RO          947    i.HAL_RCC_OscConfig  stm32f1xx_hal_rcc.o
    0x08002074   0x08002074   0x0000002e   Code   RO         1684    i.HAL_SPI_DeInit    stm32f1xx_hal_spi.o
    0x080020a2   0x080020a2   0x00000002   PAD
    0x080020a4   0x080020a4   0x00000088   Code   RO         1926    i.HAL_SPI_Init      stm32f1xx_hal_spi_ex.o
    0x0800212c   0x0800212c   0x00000040   Code   RO          417    i.HAL_SPI_MspDeInit  stm32f1xx_hal_msp.o
    0x0800216c   0x0800216c   0x00000090   Code   RO          418    i.HAL_SPI_MspInit   stm32f1xx_hal_msp.o
    0x080021fc   0x080021fc   0x000001ec   Code   RO         1692    i.HAL_SPI_Receive   stm32f1xx_hal_spi.o
    0x080023e8   0x080023e8   0x00000146   Code   RO         1697    i.HAL_SPI_Transmit  stm32f1xx_hal_spi.o
    0x0800252e   0x0800252e   0x000002b2   Code   RO         1698    i.HAL_SPI_TransmitReceive  stm32f1xx_hal_spi.o
    0x080027e0   0x080027e0   0x00000018   Code   RO         1402    i.HAL_SYSTICK_CLKSourceConfig  stm32f1xx_hal_cortex.o
    0x080027f8   0x080027f8   0x00000002   Code   RO         1403    i.HAL_SYSTICK_Callback  stm32f1xx_hal_cortex.o
    0x080027fa   0x080027fa   0x00000028   Code   RO         1404    i.HAL_SYSTICK_Config  stm32f1xx_hal_cortex.o
    0x08002822   0x08002822   0x00000008   Code   RO         1405    i.HAL_SYSTICK_IRQHandler  stm32f1xx_hal_cortex.o
    0x0800282a   0x0800282a   0x0000003c   Code   RO         1970    i.HAL_UART_DeInit   stm32f1xx_hal_uart.o
    0x08002866   0x08002866   0x00000002   Code   RO         1971    i.HAL_UART_ErrorCallback  stm32f1xx_hal_uart.o
    0x08002868   0x08002868   0x000000f2   Code   RO         1974    i.HAL_UART_IRQHandler  stm32f1xx_hal_uart.o
    0x0800295a   0x0800295a   0x0000005e   Code   RO         1975    i.HAL_UART_Init     stm32f1xx_hal_uart.o
    0x080029b8   0x080029b8   0x00000074   Code   RO          419    i.HAL_UART_MspDeInit  stm32f1xx_hal_msp.o
    0x08002a2c   0x08002a2c   0x0000010c   Code   RO          420    i.HAL_UART_MspInit  stm32f1xx_hal_msp.o
    0x08002b38   0x08002b38   0x00000068   Code   RO         1980    i.HAL_UART_Receive_IT  stm32f1xx_hal_uart.o
    0x08002ba0   0x08002ba0   0x00000002   Code   RO         1981    i.HAL_UART_RxCpltCallback  stm32f1xx_hal_uart.o
    0x08002ba2   0x08002ba2   0x000000c8   Code   RO         1983    i.HAL_UART_Transmit  stm32f1xx_hal_uart.o
    0x08002c6a   0x08002c6a   0x00000002   Code   RO         1986    i.HAL_UART_TxCpltCallback  stm32f1xx_hal_uart.o
    0x08002c6c   0x08002c6c   0x00000044   Code   RO           14    i.Led_com           main.o
    0x08002cb0   0x08002cb0   0x00000044   Code   RO           15    i.Led_os1           main.o
    0x08002cf4   0x08002cf4   0x00000044   Code   RO           16    i.Led_os2           main.o
    0x08002d38   0x08002d38   0x00000044   Code   RO           17    i.Led_os3           main.o
    0x08002d7c   0x08002d7c   0x00000044   Code   RO           18    i.Led_os4           main.o
    0x08002dc0   0x08002dc0   0x00000044   Code   RO           19    i.Led_pmr           main.o
    0x08002e04   0x08002e04   0x00000078   Code   RO           20    i.MX_ADC2_Init      main.o
    0x08002e7c   0x08002e7c   0x000000a8   Code   RO           21    i.MX_GPIO_Init      main.o
    0x08002f24   0x08002f24   0x00000038   Code   RO           22    i.MX_SPI1_Init      main.o
    0x08002f5c   0x08002f5c   0x00000038   Code   RO           23    i.MX_SPI2_Init      main.o
    0x08002f94   0x08002f94   0x00000028   Code   RO           24    i.MX_USART1_UART_Init  main.o
    0x08002fbc   0x08002fbc   0x00000028   Code   RO           25    i.MX_USART3_UART_Init  main.o
    0x08002fe4   0x08002fe4   0x000000f4   Code   RO           26    i.Make_serial_number  main.o
    0x080030d8   0x080030d8   0x0000008c   Code   RO         2234    i.Modbus_Read_Register_responce  modbus.o
    0x08003164   0x08003164   0x0000006c   Code   RO         2235    i.Modbus_Write_Register_responce  modbus.o
    0x080031d0   0x080031d0   0x00000020   Code   RO         1406    i.NVIC_SetPriority  stm32f1xx_hal_cortex.o
    0x080031f0   0x080031f0   0x000001c4   Code   RO           27    i.Proces_rcv_string  main.o
    0x080033b4   0x080033b4   0x00000084   Code   RO           28    i.Radio_config      main.o
    0x08003438   0x08003438   0x000001ac   Code   RO           29    i.Read_config       main.o
    0x080035e4   0x080035e4   0x0000001a   Code   RO         2285    i.RecBuf            spi_flashdriver.o
    0x080035fe   0x080035fe   0x00000002   PAD
    0x08003600   0x08003600   0x00000158   Code   RO           30    i.Relay_trig        main.o
    0x08003758   0x08003758   0x00000240   Code   RO           31    i.Restor_default    main.o
    0x08003998   0x08003998   0x00000004   Code   RO         1927    i.SPI_ISCRCErrorValid  stm32f1xx_hal_spi_ex.o
    0x0800399c   0x0800399c   0x0000009e   Code   RO         1720    i.SPI_WaitOnFlagUntilTimeout  stm32f1xx_hal_spi.o
    0x08003a3a   0x08003a3a   0x00000002   PAD
    0x08003a3c   0x08003a3c   0x00000020   Code   RO         2286    i.Send              spi_flashdriver.o
    0x08003a5c   0x08003a5c   0x0000001a   Code   RO         2287    i.SendBuf           spi_flashdriver.o
    0x08003a76   0x08003a76   0x00000002   PAD
    0x08003a78   0x08003a78   0x00000020   Code   RO         2288    i.SetSS             spi_flashdriver.o
    0x08003a98   0x08003a98   0x0000003a   Code   RO         2294    i.Spi_Flash_read_byte  spi_flashdriver.o
    0x08003ad2   0x08003ad2   0x00000042   Code   RO         2295    i.Spi_Flash_read_word  spi_flashdriver.o
    0x08003b14   0x08003b14   0x00000042   Code   RO         2298    i.Spi_Flash_write_byte  spi_flashdriver.o
    0x08003b56   0x08003b56   0x0000005e   Code   RO         2299    i.Spi_Flash_write_word  spi_flashdriver.o
    0x08003bb4   0x08003bb4   0x000001c8   Code   RO           32    i.SysTick_Handler   main.o
    0x08003d7c   0x08003d7c   0x00000070   Code   RO           33    i.SystemClock_Config  main.o
    0x08003dec   0x08003dec   0x00000048   Code   RO         2197    i.SystemInit        system_stm32f1xx.o
    0x08003e34   0x08003e34   0x00000050   Code   RO           35    i.UART3_SendString  main.o
    0x08003e84   0x08003e84   0x000000a6   Code   RO         1993    i.UART_Receive_IT   stm32f1xx_hal_uart.o
    0x08003f2a   0x08003f2a   0x00000002   PAD
    0x08003f2c   0x08003f2c   0x000000e0   Code   RO         1994    i.UART_SetConfig    stm32f1xx_hal_uart.o
    0x0800400c   0x0800400c   0x00000066   Code   RO         1995    i.UART_Transmit_IT  stm32f1xx_hal_uart.o
    0x08004072   0x08004072   0x00000092   Code   RO         1996    i.UART_WaitOnFlagUntilTimeout  stm32f1xx_hal_uart.o
    0x08004104   0x08004104   0x0000004c   Code   RO           36    i.USART1_IRQHandler  main.o
    0x08004150   0x08004150   0x00000084   Code   RO           37    i.USART3_IRQHandler  main.o
    0x080041d4   0x080041d4   0x00000028   Code   RO         2605    i.__0sprintf$6      mc_w.l(printf6.o)
    0x080041fc   0x080041fc   0x00000008   Code   RO         2775    i.__aeabi_errno_addr  mc_w.l(errno.o)
    0x08004204   0x08004204   0x0000000e   Code   RO         2841    i.__scatterload_copy  mc_w.l(handlers.o)
    0x08004212   0x08004212   0x00000002   Code   RO         2842    i.__scatterload_null  mc_w.l(handlers.o)
    0x08004214   0x08004214   0x0000000e   Code   RO         2843    i.__scatterload_zeroinit  mc_w.l(handlers.o)
    0x08004222   0x08004222   0x00000002   PAD
    0x08004224   0x08004224   0x000002f0   Code   RO         2610    i._printf_core      mc_w.l(printf6.o)
    0x08004514   0x08004514   0x00000024   Code   RO         2611    i._printf_post_padding  mc_w.l(printf6.o)
    0x08004538   0x08004538   0x0000002e   Code   RO         2612    i._printf_pre_padding  mc_w.l(printf6.o)
    0x08004566   0x08004566   0x0000000a   Code   RO         2614    i._sputc            mc_w.l(printf6.o)
    0x08004570   0x08004570   0x00000072   Code   RO           38    i.chang_value       main.o
    0x080045e2   0x080045e2   0x00000078   Code   RO           39    i.chang_value_16    main.o
    0x0800465a   0x0800465a   0x00000036   Code   RO         2236    i.clac_crc          modbus.o
    0x08004690   0x08004690   0x00000094   Code   RO           40    i.deinitEverything  main.o
    0x08004724   0x08004724   0x00000bbe   Code   RO           42    i.main              main.o
    0x080052e2   0x080052e2   0x00000022   Code   RO         2301    i.set_adr           spi_flashdriver.o
    0x08005304   0x08005304   0x00000018   Code   RO         2302    i.spi_in            spi_flashdriver.o
    0x0800531c   0x0800531c   0x00000014   Code   RO         2303    i.spi_out           spi_flashdriver.o
    0x08005330   0x08005330   0x00000058   Code   RO         2304    i.spi_write         spi_flashdriver.o
    0x08005388   0x08005388   0x00000010   Data   RO          948    .constdata          stm32f1xx_hal_rcc.o
    0x08005398   0x08005398   0x00000081   Data   RO         2803    .constdata          mc_w.l(ctype_o.o)
    0x08005419   0x08005419   0x00000003   PAD
    0x0800541c   0x0800541c   0x00000004   Data   RO         2804    .constdata          mc_w.l(ctype_o.o)
    0x08005420   0x08005420   0x00000020   Data   RO         2839    Region$$Table       anon$$obj.o


    Execution Region RW_IRAM1 (Exec base: 0x20000000, Load base: 0x08005440, Size: 0x000013c0, Max: 0x00005000, ABSOLUTE)

    Exec Addr    Load Addr    Size         Type   Attr      Idx    E Section Name        Object

    0x20000000   0x08005440   0x0000009c   Data   RW           73    .data               main.o
    0x2000009c   0x080054dc   0x00000004   Data   RW         1276    .data               stm32f1xx_hal.o
    0x200000a0   0x080054e0   0x00000001   Data   RW         1928    .data               stm32f1xx_hal_spi_ex.o
    0x200000a1   0x080054e1   0x00000003   PAD
    0x200000a4   0x080054e4   0x00000004   Data   RW         2199    .data               system_stm32f1xx.o
    0x200000a8   0x080054e8   0x00000004   Data   RW         2443    .data               mc_w.l(strtok.o)
    0x200000ac   0x080054ec   0x00000004   Data   RW         2778    .data               mc_w.l(errno.o)
    0x200000b0        -       0x00000f0c   Zero   RW           44    .bss                main.o
    0x20000fbc   0x080054f0   0x00000004   PAD
    0x20000fc0        -       0x00000400   Zero   RW            1    STACK               startup_stm32f103xb.o


==============================================================================

Image component sizes


      Code (inc. data)   RO Data    RW Data    ZI Data      Debug   Object Name

      7464        580          0        156       3852     300369   main.o
       322         22          0          0          0       3628   modbus.o
       566         20          0          0          0       7903   spi_flashdriver.o
        36          8        236          0       1024        796   startup_stm32f103xb.o
       154         22          0          4          0       4559   stm32f1xx_hal.o
      1632         64          0          0          0       8052   stm32f1xx_hal_adc.o
       286         24          0          0          0      28102   stm32f1xx_hal_cortex.o
       704         58          0          0          0       4573   stm32f1xx_hal_gpio.o
        90          0          0          0          0       1080   stm32f1xx_hal_iwdg.o
       886        140          0          0          0       5277   stm32f1xx_hal_msp.o
      2572         92         16          0          0       6905   stm32f1xx_hal_rcc.o
       536         46          0          0          0       2525   stm32f1xx_hal_rcc_ex.o
      1712          0          0          0          0       5996   stm32f1xx_hal_spi.o
       140          4          0          1          0       1896   stm32f1xx_hal_spi_ex.o
      1344          4          0          0          0       9603   stm32f1xx_hal_uart.o
        72         16          0          4          0       1077   system_stm32f1xx.o

    ----------------------------------------------------------------------
     18530       1100        284        168       4880     392341   Object Totals
         0          0         32          0          0          0   (incl. Generated)
        14          0          0          3          4          0   (incl. Padding)

    ----------------------------------------------------------------------

      Code (inc. data)   RO Data    RW Data    ZI Data      Debug   Library Member Name

        28          0          0          0          0         68   _chval.o
       158          0          0          0          0         92   _strtoul.o
        26          0          0          0          0         80   atoi.o
         8          4        133          0          0         68   ctype_o.o
         0          0          0          0          0          0   entry.o
         0          0          0          0          0          0   entry10a.o
         0          0          0          0          0          0   entry11a.o
         8          4          0          0          0          0   entry2.o
         4          0          0          0          0          0   entry5.o
         0          0          0          0          0          0   entry7b.o
         0          0          0          0          0          0   entry8b.o
         8          4          0          0          0          0   entry9a.o
         8          4          0          4          0         68   errno.o
        30          0          0          0          0          0   handlers.o
        36          8          0          0          0         68   init.o
         0          0          0          0          0          0   iusefp.o
        30          0          0          0          0         68   llshl.o
        36          0          0          0          0         68   llsshr.o
        32          0          0          0          0         68   llushr.o
       884         10          0          0          0        420   printf6.o
        24          0          0          0          0         68   strcat.o
        18          0          0          0          0         68   strcpy.o
        14          0          0          0          0         68   strlen.o
        24          0          0          0          0         76   strncpy.o
        36          0          0          0          0         80   strstr.o
        68          6          0          4          0         80   strtok.o
       112          0          0          0          0         88   strtol.o
        44          0          0          0          0         80   uidiv.o
       334          0          0          0          0        148   dadd.o
       222          0          0          0          0        100   ddiv.o
       186          0          0          0          0        176   depilogue.o
        50          0          0          0          0         76   dfixui.o
        26          0          0          0          0         76   dfltui.o
       110          0          0          0          0        168   fepilogue.o
        40          0          0          0          0         68   ffixui.o
        10          0          0          0          0         68   ffltui.o

    ----------------------------------------------------------------------
      2618         40        136          8          0       2556   Library Totals
         4          0          3          0          0          0   (incl. Padding)

    ----------------------------------------------------------------------

      Code (inc. data)   RO Data    RW Data    ZI Data      Debug   Library Name

      1636         40        133          8          0       1676   mc_w.l
       978          0          0          0          0        880   mf_w.l

    ----------------------------------------------------------------------
      2618         40        136          8          0       2556   Library Totals

    ----------------------------------------------------------------------

==============================================================================


      Code (inc. data)   RO Data    RW Data    ZI Data      Debug   

     21148       1140        420        176       4880     387873   Grand Totals
     21148       1140        420        176       4880     387873   ELF Image Totals
     21148       1140        420        176          0          0   ROM Totals

==============================================================================

    Total RO  Size (Code + RO Data)                21568 (  21.06kB)
    Total RW  Size (RW Data + ZI Data)              5056 (   4.94kB)
    Total ROM Size (Code + RO Data + RW Data)      21744 (  21.23kB)

==============================================================================

